Component: ARM Compiler 5.06 update 5 (build 528) Tool: armlink [4d35e2]

==============================================================================

Section Cross References

    main.o(.text) refers to stm32f10x_rcc.o(.text) for RCC_DeInit
    main.o(.text) refers to stm32f10x_flash.o(.text) for FLASH_PrefetchBufferCmd
    main.o(.text) refers to stm32f10x_gpio.o(.text) for GPIO_Init
    main.o(.text) refers to stm32f10x_usart.o(.text) for USART_DeInit
    main.o(.text) refers to stm32f10x_dma.o(.text) for DMA_DeInit
    main.o(.text) refers to stm32f10x_adc.o(.text) for ADC_Init
    main.o(.text) refers to misc.o(.text) for NVIC_SetVectorTable
    main.o(.text) refers to stm32f10x_tim.o(.text) for TIM_DeInit
    main.o(.text) refers to main.o(.data) for .data
    main.o(.text) refers to ad9833.o(.text) for AD9833_Init
    main.o(.text) refers to cmd_queue.o(.text) for queue_reset
    main.o(.text) refers to hmi_driver.o(.text) for SetDeviceReset
    main.o(.text) refers to ctrfile.o(.text) for iniuserctr
    main.o(.text) refers to delay.o(.text) for delay_init
    main.o(.text) refers to ch375.o(.text) for CH375_Configuration
    main.o(.text) refers to hmi_user_uart.o(.text) for Message_Deal
    main.o(.text) refers to ctrfile.o(.data) for Ok_Control_Flag
    main.o(.text) refers to hmi_user_uart.o(.bss) for cmd_buffer
    stm32f10x_it.o(.text) refers to stm32f10x_tim.o(.text) for TIM_GetITStatus
    stm32f10x_it.o(.text) refers to dflt_clz.o(x$fpl$dfltu) for __aeabi_ui2d
    stm32f10x_it.o(.text) refers to ddiv.o(x$fpl$ddiv) for __aeabi_ddiv
    stm32f10x_it.o(.text) refers to dflt_clz.o(x$fpl$dflt) for __aeabi_i2d
    stm32f10x_it.o(.text) refers to dmul.o(x$fpl$dmul) for __aeabi_dmul
    stm32f10x_it.o(.text) refers to dfix.o(x$fpl$dfix) for __aeabi_d2iz
    stm32f10x_it.o(.text) refers to stm32f10x_usart.o(.text) for USART_GetITStatus
    stm32f10x_it.o(.text) refers to cmd_queue.o(.text) for queue_push
    stm32f10x_it.o(.text) refers to stm32f10x_it.o(.data) for .data
    stm32f10x_it.o(.text) refers to cortrol.o(.data) for Current_Fre
    ctrfile.o(.text) refers to hmi_driver.o(.text) for SetTextValue
    ctrfile.o(.text) refers to main.o(.text) for Delayus
    ctrfile.o(.text) refers to ctrfile.o(.data) for .data
    hmi_driver.o(.text) refers to hmi_user_uart.o(.text) for SendChar
    hmi_user_uart.o(.text) refers to _printf_pad.o(.text) for _printf_pre_padding
    hmi_user_uart.o(.text) refers to _printf_percent.o(.ARM.Collect$$_printf_percent$$00000000) for _printf_percent
    hmi_user_uart.o(.text) refers to _printf_f.o(.ARM.Collect$$_printf_percent$$00000003) for _printf_f
    hmi_user_uart.o(.text) refers to printf1.o(x$fpl$printf1) for _printf_fp_dec
    hmi_user_uart.o(.text) refers to stm32f10x_usart.o(.text) for USART_SendData
    hmi_user_uart.o(.text) refers to ctrfile.o(.text) for OnRecvText
    hmi_user_uart.o(.text) refers to hmi_driver.o(.text) for ShowControl
    hmi_user_uart.o(.text) refers to stm32f10x_gpio.o(.text) for GPIO_ResetBits
    hmi_user_uart.o(.text) refers to dflt_clz.o(x$fpl$dfltu) for __aeabi_ui2d
    hmi_user_uart.o(.text) refers to __2sprintf.o(.text) for __2sprintf
    hmi_user_uart.o(.text) refers to cortrol.o(.text) for PhaseLock
    hmi_user_uart.o(.text) refers to main.o(.text) for Delayus
    hmi_user_uart.o(.text) refers to cmd_queue.o(.text) for queue_reset
    hmi_user_uart.o(.text) refers to hmi_user_uart.o(.bss) for .bss
    hmi_user_uart.o(.text) refers to ctrfile.o(.data) for Ok_Control_Flag
    hmi_user_uart.o(.text) refers to hmi_user_uart.o(.data) for .data
    ad9833.o(.text) refers to stm32f10x_gpio.o(.text) for GPIO_SetBits
    ad9833.o(.text) refers to fflt_clz.o(x$fpl$ffltu) for __aeabi_ui2f
    ad9833.o(.text) refers to f2d.o(x$fpl$f2d) for __aeabi_f2d
    ad9833.o(.text) refers to dmul.o(x$fpl$dmul) for __aeabi_dmul
    ad9833.o(.text) refers to daddsub_clz.o(x$fpl$dadd) for __aeabi_dadd
    ad9833.o(.text) refers to dfixu.o(x$fpl$dfixu) for __aeabi_d2uiz
    cmd_queue.o(.text) refers to cmd_queue.o(.bss) for .bss
    cmd_queue.o(.text) refers to cmd_queue.o(.data) for .data
    cortrol.o(.text) refers (Special) to use_no_semi_2.o(.text) for __use_no_semihosting
    cortrol.o(.text) refers to _printf_percent.o(.ARM.Collect$$_printf_percent$$00000000) for _printf_percent
    cortrol.o(.text) refers to _printf_d.o(.ARM.Collect$$_printf_percent$$00000009) for _printf_d
    cortrol.o(.text) refers to _printf_dec.o(.text) for _printf_int_dec
    cortrol.o(.text) refers to _printf_pad.o(.text) for _printf_pre_padding
    cortrol.o(.text) refers to _printf_f.o(.ARM.Collect$$_printf_percent$$00000003) for _printf_f
    cortrol.o(.text) refers to printf1.o(x$fpl$printf1) for _printf_fp_dec
    cortrol.o(.text) refers to _printf_c.o(.ARM.Collect$$_printf_percent$$00000013) for _printf_c
    cortrol.o(.text) refers to _printf_str.o(.text) for _printf_str
    cortrol.o(.text) refers to rt_memclr_w.o(.text) for __aeabi_memclr4
[...]
    znFAT_Create_File                        0x0800564d   Thumb Code   270  znfat.o(.text)
    Create_Dir_In_Cluster                    0x0800575b   Thumb Code   272  znfat.o(.text)
    znFAT_Create_Dir                         0x0800586b   Thumb Code    98  znfat.o(.text)
    Update_File_Size                         0x080058cd   Thumb Code    58  znfat.o(.text)
    Update_File_sClust                       0x08005907   Thumb Code    54  znfat.o(.text)
    Create_Cluster_Chain                     0x0800593d   Thumb Code   826  znfat.o(.text)
    WriteData_From_nCluster                  0x08005c77   Thumb Code   482  znfat.o(.text)
    znFAT_WriteData                          0x08005e59   Thumb Code   672  znfat.o(.text)
    znFAT_Close_File                         0x080060f9   Thumb Code    20  znfat.o(.text)
    znFAT_Flush_FS                           0x0800610d   Thumb Code     4  znfat.o(.text)
    NVIC_PriorityGroupConfig                 0x08006115   Thumb Code    10  misc.o(.text)
    NVIC_Init                                0x0800611f   Thumb Code    96  misc.o(.text)
    NVIC_SetVectorTable                      0x0800617f   Thumb Code    14  misc.o(.text)
    NVIC_SystemLPConfig                      0x0800618d   Thumb Code    24  misc.o(.text)
    SysTick_CLKSourceConfig                  0x080061a5   Thumb Code    28  misc.o(.text)
    GPIO_DeInit                              0x080061cd   Thumb Code   188  stm32f10x_gpio.o(.text)
    GPIO_AFIODeInit                          0x08006289   Thumb Code    22  stm32f10x_gpio.o(.text)
    GPIO_Init                                0x0800629f   Thumb Code   166  stm32f10x_gpio.o(.text)
    GPIO_StructInit                          0x08006345   Thumb Code    16  stm32f10x_gpio.o(.text)
    GPIO_ReadInputDataBit                    0x08006355   Thumb Code    14  stm32f10x_gpio.o(.text)
    GPIO_ReadInputData                       0x08006363   Thumb Code     6  stm32f10x_gpio.o(.text)
    GPIO_ReadOutputDataBit                   0x08006369   Thumb Code    14  stm32f10x_gpio.o(.text)
    GPIO_ReadOutputData                      0x08006377   Thumb Code     6  stm32f10x_gpio.o(.text)
    GPIO_SetBits                             0x0800637d   Thumb Code     4  stm32f10x_gpio.o(.text)
    GPIO_ResetBits                           0x08006381   Thumb Code     4  stm32f10x_gpio.o(.text)
    GPIO_WriteBit                            0x08006385   Thumb Code    12  stm32f10x_gpio.o(.text)
    GPIO_Write                               0x08006391   Thumb Code     4  stm32f10x_gpio.o(.text)
    GPIO_PinLockConfig                       0x08006395   Thumb Code    16  stm32f10x_gpio.o(.text)
    GPIO_EventOutputConfig                   0x080063a5   Thumb Code    22  stm32f10x_gpio.o(.text)
    GPIO_EventOutputCmd                      0x080063bb   Thumb Code     6  stm32f10x_gpio.o(.text)
    GPIO_PinRemapConfig                      0x080063c1   Thumb Code    86  stm32f10x_gpio.o(.text)
    GPIO_EXTILineConfig                      0x08006417   Thumb Code    34  stm32f10x_gpio.o(.text)
    GPIO_ETH_MediaInterfaceConfig            0x08006439   Thumb Code     8  stm32f10x_gpio.o(.text)
    RCC_DeInit                               0x08006465   Thumb Code    50  stm32f10x_rcc.o(.text)
    RCC_HSEConfig                            0x08006497   Thumb Code    50  stm32f10x_rcc.o(.text)
    RCC_GetFlagStatus                        0x080064c9   Thumb Code    42  stm32f10x_rcc.o(.text)
    RCC_WaitForHSEStartUp                    0x080064f3   Thumb Code    48  stm32f10x_rcc.o(.text)
    RCC_AdjustHSICalibrationValue            0x08006523   Thumb Code    16  stm32f10x_rcc.o(.text)
    RCC_HSICmd                               0x08006533   Thumb Code     6  stm32f10x_rcc.o(.text)
    RCC_PLLConfig                            0x08006539   Thumb Code    16  stm32f10x_rcc.o(.text)
    RCC_PLLCmd                               0x08006549   Thumb Code     6  stm32f10x_rcc.o(.text)
    RCC_SYSCLKConfig                         0x0800654f   Thumb Code    14  stm32f10x_rcc.o(.text)
    RCC_GetSYSCLKSource                      0x0800655d   Thumb Code    10  stm32f10x_rcc.o(.text)
    RCC_HCLKConfig                           0x08006567   Thumb Code    14  stm32f10x_rcc.o(.text)
    RCC_PCLK1Config                          0x08006575   Thumb Code    14  stm32f10x_rcc.o(.text)
    RCC_PCLK2Config                          0x08006583   Thumb Code    16  stm32f10x_rcc.o(.text)
    RCC_ITConfig                             0x08006593   Thumb Code    22  stm32f10x_rcc.o(.text)
    RCC_USBCLKConfig                         0x080065a9   Thumb Code     8  stm32f10x_rcc.o(.text)
    RCC_ADCCLKConfig                         0x080065b1   Thumb Code    14  stm32f10x_rcc.o(.text)
    RCC_LSEConfig                            0x080065bf   Thumb Code    36  stm32f10x_rcc.o(.text)
    RCC_LSICmd                               0x080065e3   Thumb Code     6  stm32f10x_rcc.o(.text)
    RCC_RTCCLKConfig                         0x080065e9   Thumb Code    10  stm32f10x_rcc.o(.text)
    RCC_RTCCLKCmd                            0x080065f3   Thumb Code     8  stm32f10x_rcc.o(.text)
    RCC_GetClocksFreq                        0x080065fb   Thumb Code   154  stm32f10x_rcc.o(.text)
    RCC_AHBPeriphClockCmd                    0x08006695   Thumb Code    22  stm32f10x_rcc.o(.text)
    RCC_APB2PeriphClockCmd                   0x080066ab   Thumb Code    22  stm32f10x_rcc.o(.text)
    RCC_APB1PeriphClockCmd                   0x080066c1   Thumb Code    22  stm32f10x_rcc.o(.text)
    RCC_APB2PeriphResetCmd                   0x080066d7   Thumb Code    22  stm32f10x_rcc.o(.text)
    RCC_APB1PeriphResetCmd                   0x080066ed   Thumb Code    22  stm32f10x_rcc.o(.text)
    RCC_BackupResetCmd                       0x08006703   Thumb Code     8  stm32f10x_rcc.o(.text)
    RCC_ClockSecuritySystemCmd               0x0800670b   Thumb Code     6  stm32f10x_rcc.o(.text)
    RCC_MCOConfig                            0x08006711   Thumb Code     6  stm32f10x_rcc.o(.text)
    RCC_ClearFlag                            0x08006717   Thumb Code    12  stm32f10x_rcc.o(.text)
    RCC_GetITStatus                          0x08006723   Thumb Code    16  stm32f10x_rcc.o(.text)
    RCC_ClearITPendingBit                    0x08006733   Thumb Code     6  stm32f10x_rcc.o(.text)
    USART_DeInit                             0x08006759   Thumb Code   144  stm32f10x_usart.o(.text)
    USART_Init                               0x080067e9   Thumb Code   182  stm32f10x_usart.o(.text)
    USART_StructInit                         0x0800689f   Thumb Code    22  stm32f10x_usart.o(.text)
    USART_ClockInit                          0x080068b5   Thumb Code    30  stm32f10x_usart.o(.text)
    USART_ClockStructInit                    0x080068d3   Thumb Code    12  stm32f10x_usart.o(.text)
    USART_Cmd                                0x080068df   Thumb Code    24  stm32f10x_usart.o(.text)
    USART_ITConfig                           0x080068f7   Thumb Code    54  stm32f10x_usart.o(.text)
    USART_DMACmd                             0x0800692d   Thumb Code    20  stm32f10x_usart.o(.text)
    USART_SetAddress                         0x08006941   Thumb Code    16  stm32f10x_usart.o(.text)
    USART_WakeUpConfig                       0x08006951   Thumb Code    16  stm32f10x_usart.o(.text)
    USART_ReceiverWakeUpCmd                  0x08006961   Thumb Code    24  stm32f10x_usart.o(.text)
    USART_LINBreakDetectLengthConfig         0x08006979   Thumb Code    16  stm32f10x_usart.o(.text)
    USART_LINCmd                             0x08006989   Thumb Code    24  stm32f10x_usart.o(.text)
    USART_SendData                           0x080069a1   Thumb Code    14  stm32f10x_usart.o(.text)
    USART_ReceiveData                        0x080069af   Thumb Code     8  stm32f10x_usart.o(.text)
    USART_SendBreak                          0x080069b7   Thumb Code    10  stm32f10x_usart.o(.text)
    USART_SetGuardTime                       0x080069c1   Thumb Code    16  stm32f10x_usart.o(.text)
    USART_SetPrescaler                       0x080069d1   Thumb Code    16  stm32f10x_usart.o(.text)
    USART_SmartCardCmd                       0x080069e1   Thumb Code    24  stm32f10x_usart.o(.text)
    USART_SmartCardNACKCmd                   0x080069f9   Thumb Code    24  stm32f10x_usart.o(.text)
    USART_HalfDuplexCmd                      0x08006a11   Thumb Code    24  stm32f10x_usart.o(.text)
    USART_OverSampling8Cmd                   0x08006a29   Thumb Code    24  stm32f10x_usart.o(.text)
    USART_OneBitMethodCmd                    0x08006a41   Thumb Code    24  stm32f10x_usart.o(.text)
    USART_IrDAConfig                         0x08006a59   Thumb Code    16  stm32f10x_usart.o(.text)
    USART_IrDACmd                            0x08006a69   Thumb Code    24  stm32f10x_usart.o(.text)
    USART_GetFlagStatus                      0x08006a81   Thumb Code    14  stm32f10x_usart.o(.text)
    USART_ClearFlag                          0x08006a8f   Thumb Code     8  stm32f10x_usart.o(.text)
    USART_GetITStatus                        0x08006a97   Thumb Code    64  stm32f10x_usart.o(.text)
    USART_ClearITPendingBit                  0x08006ad7   Thumb Code    16  stm32f10x_usart.o(.text)
    TIM_DeInit                               0x08006afd   Thumb Code   464  stm32f10x_tim.o(.text)
    TIM_TimeBaseInit                         0x08006ccd   Thumb Code   114  stm32f10x_tim.o(.text)
    TIM_OC1Init                              0x08006d3f   Thumb Code   114  stm32f10x_tim.o(.text)
    TIM_OC2Init                              0x08006db1   Thumb Code   128  stm32f10x_tim.o(.text)
    TIM_OC3Init                              0x08006e31   Thumb Code   124  stm32f10x_tim.o(.text)
    TIM_OC4Init                              0x08006ead   Thumb Code   160  stm32f10x_tim.o(.text)
    TIM_SetIC4Prescaler                      0x08006f4d   Thumb Code    24  stm32f10x_tim.o(.text)
    TIM_SetIC3Prescaler                      0x08006fcb   Thumb Code    16  stm32f10x_tim.o(.text)
    TIM_SetIC2Prescaler                      0x0800703d   Thumb Code    24  stm32f10x_tim.o(.text)
    TIM_SetIC1Prescaler                      0x080070bb   Thumb Code    16  stm32f10x_tim.o(.text)
    TIM_ICInit                               0x08007129   Thumb Code   114  stm32f10x_tim.o(.text)
    TIM_PWMIConfig                           0x0800719b   Thumb Code   106  stm32f10x_tim.o(.text)
    TIM_BDTRConfig                           0x08007205   Thumb Code    34  stm32f10x_tim.o(.text)
    TIM_TimeBaseStructInit                   0x08007227   Thumb Code    18  stm32f10x_tim.o(.text)
    TIM_OCStructInit                         0x08007239   Thumb Code    20  stm32f10x_tim.o(.text)
    TIM_ICStructInit                         0x0800724d   Thumb Code    16  stm32f10x_tim.o(.text)
    TIM_BDTRStructInit                       0x0800725d   Thumb Code    18  stm32f10x_tim.o(.text)
    TIM_Cmd                                  0x0800726f   Thumb Code    24  stm32f10x_tim.o(.text)
    TIM_CtrlPWMOutputs                       0x08007287   Thumb Code    28  stm32f10x_tim.o(.text)
    TIM_ITConfig                             0x080072a3   Thumb Code    20  stm32f10x_tim.o(.text)
    TIM_GenerateEvent                        0x080072b7   Thumb Code     4  stm32f10x_tim.o(.text)
    TIM_DMAConfig                            0x080072bb   Thumb Code     8  stm32f10x_tim.o(.text)
    TIM_DMACmd                               0x080072c3   Thumb Code    20  stm32f10x_tim.o(.text)
    TIM_InternalClockConfig                  0x080072d7   Thumb Code    10  stm32f10x_tim.o(.text)
    TIM_SelectInputTrigger                   0x080072e1   Thumb Code    12  stm32f10x_tim.o(.text)
    TIM_ITRxExternalClockConfig              0x080072ed   Thumb Code    20  stm32f10x_tim.o(.text)
    TIM_TIxExternalClockConfig               0x08007301   Thumb Code    48  stm32f10x_tim.o(.text)
    TIM_ETRConfig                            0x08007331   Thumb Code    24  stm32f10x_tim.o(.text)
    TIM_ETRClockMode1Config                  0x08007349   Thumb Code    52  stm32f10x_tim.o(.text)
    TIM_ETRClockMode2Config                  0x0800737d   Thumb Code    20  stm32f10x_tim.o(.text)
    TIM_PrescalerConfig                      0x08007391   Thumb Code     6  stm32f10x_tim.o(.text)
    TIM_CounterModeConfig                    0x08007397   Thumb Code    12  stm32f10x_tim.o(.text)
    TIM_EncoderInterfaceConfig               0x080073a3   Thumb Code    50  stm32f10x_tim.o(.text)
    TIM_ForcedOC1Config                      0x080073d5   Thumb Code    12  stm32f10x_tim.o(.text)
    TIM_ForcedOC2Config                      0x080073e1   Thumb Code    20  stm32f10x_tim.o(.text)
    TIM_ForcedOC3Config                      0x080073f5   Thumb Code    12  stm32f10x_tim.o(.text)
    TIM_ForcedOC4Config                      0x08007401   Thumb Code    20  stm32f10x_tim.o(.text)
    TIM_ARRPreloadConfig                     0x08007415   Thumb Code    24  stm32f10x_tim.o(.text)
    TIM_SelectCOM                            0x0800742d   Thumb Code    24  stm32f10x_tim.o(.text)
    TIM_SelectCCDMA                          0x08007445   Thumb Code    24  stm32f10x_tim.o(.text)
    TIM_CCPreloadControl                     0x0800745d   Thumb Code    24  stm32f10x_tim.o(.text)
    TIM_OC1PreloadConfig                     0x08007475   Thumb Code    12  stm32f10x_tim.o(.text)
    TIM_OC2PreloadConfig                     0x08007481   Thumb Code    20  stm32f10x_tim.o(.text)
    TIM_OC3PreloadConfig                     0x08007495   Thumb Code    12  stm32f10x_tim.o(.text)
    TIM_OC4PreloadConfig                     0x080074a1   Thumb Code    20  stm32f10x_tim.o(.text)
    TIM_OC1FastConfig                        0x080074b5   Thumb Code    12  stm32f10x_tim.o(.text)
    TIM_OC2FastConfig                        0x080074c1   Thumb Code    20  stm32f10x_tim.o(.text)
    TIM_OC3FastConfig                        0x080074d5   Thumb Code    12  stm32f10x_tim.o(.text)
    TIM_OC4FastConfig                        0x080074e1   Thumb Code    20  stm32f10x_tim.o(.text)
    TIM_ClearOC1Ref                          0x080074f5   Thumb Code    12  stm32f10x_tim.o(.text)
    TIM_ClearOC2Ref                          0x08007501   Thumb Code    20  stm32f10x_tim.o(.text)
    TIM_ClearOC3Ref                          0x08007515   Thumb Code    12  stm32f10x_tim.o(.text)
    TIM_ClearOC4Ref                          0x08007521   Thumb Code    20  stm32f10x_tim.o(.text)
    TIM_OC1PolarityConfig                    0x08007535   Thumb Code    12  stm32f10x_tim.o(.text)
    TIM_OC1NPolarityConfig                   0x08007541   Thumb Code    12  stm32f10x_tim.o(.text)
    TIM_OC2PolarityConfig                    0x0800754d   Thumb Code    20  stm32f10x_tim.o(.text)
    TIM_OC2NPolarityConfig                   0x08007561   Thumb Code    20  stm32f10x_tim.o(.text)
    TIM_OC3PolarityConfig                    0x08007575   Thumb Code    20  stm32f10x_tim.o(.text)
    TIM_OC3NPolarityConfig                   0x08007589   Thumb Code    20  stm32f10x_tim.o(.text)
    TIM_OC4PolarityConfig                    0x0800759d   Thumb Code    20  stm32f10x_tim.o(.text)
    TIM_CCxCmd                               0x080075b1   Thumb Code    22  stm32f10x_tim.o(.text)
    TIM_CCxNCmd                              0x080075c7   Thumb Code    22  stm32f10x_tim.o(.text)
    TIM_SelectOCxM                           0x080075dd   Thumb Code    76  stm32f10x_tim.o(.text)
    TIM_UpdateDisableConfig                  0x08007629   Thumb Code    24  stm32f10x_tim.o(.text)
    TIM_UpdateRequestConfig                  0x08007641   Thumb Code    24  stm32f10x_tim.o(.text)
    TIM_SelectHallSensor                     0x08007659   Thumb Code    24  stm32f10x_tim.o(.text)
    TIM_SelectOnePulseMode                   0x08007671   Thumb Code    16  stm32f10x_tim.o(.text)
    TIM_SelectOutputTrigger                  0x08007681   Thumb Code    16  stm32f10x_tim.o(.text)
    TIM_SelectSlaveMode                      0x08007691   Thumb Code    16  stm32f10x_tim.o(.text)
    TIM_SelectMasterSlaveMode                0x080076a1   Thumb Code    16  stm32f10x_tim.o(.text)
    TIM_SetCounter                           0x080076b1   Thumb Code     4  stm32f10x_tim.o(.text)
    TIM_SetAutoreload                        0x080076b5   Thumb Code     4  stm32f10x_tim.o(.text)
    TIM_SetCompare1                          0x080076b9   Thumb Code     4  stm32f10x_tim.o(.text)
    TIM_SetCompare2                          0x080076bd   Thumb Code     4  stm32f10x_tim.o(.text)
    TIM_SetCompare3                          0x080076c1   Thumb Code     4  stm32f10x_tim.o(.text)
    TIM_SetCompare4                          0x080076c5   Thumb Code     6  stm32f10x_tim.o(.text)
    TIM_SetClockDivision                     0x080076cb   Thumb Code    16  stm32f10x_tim.o(.text)
    TIM_GetCapture1                          0x080076db   Thumb Code     4  stm32f10x_tim.o(.text)
    TIM_GetCapture2                          0x080076df   Thumb Code     4  stm32f10x_tim.o(.text)
    TIM_GetCapture3                          0x080076e3   Thumb Code     4  stm32f10x_tim.o(.text)
    TIM_GetCapture4                          0x080076e7   Thumb Code     6  stm32f10x_tim.o(.text)
    TIM_GetCounter                           0x080076ed   Thumb Code     4  stm32f10x_tim.o(.text)
    TIM_GetPrescaler                         0x080076f1   Thumb Code     4  stm32f10x_tim.o(.text)
    TIM_GetFlagStatus                        0x080076f5   Thumb Code    14  stm32f10x_tim.o(.text)
    TIM_ClearFlag                            0x08007703   Thumb Code     6  stm32f10x_tim.o(.text)
    TIM_GetITStatus                          0x08007709   Thumb Code    24  stm32f10x_tim.o(.text)
    TIM_ClearITPendingBit                    0x08007721   Thumb Code     6  stm32f10x_tim.o(.text)
    ADC_DeInit                               0x08007729   Thumb Code    88  stm32f10x_adc.o(.text)
    ADC_Init                                 0x08007781   Thumb Code    62  stm32f10x_adc.o(.text)
    ADC_StructInit                           0x080077bf   Thumb Code    18  stm32f10x_adc.o(.text)
    ADC_Cmd                                  0x080077d1   Thumb Code    24  stm32f10x_adc.o(.text)
    ADC_DMACmd                               0x080077e9   Thumb Code    24  stm32f10x_adc.o(.text)
    ADC_ITConfig                             0x08007801   Thumb Code    22  stm32f10x_adc.o(.text)
    ADC_ResetCalibration                     0x08007817   Thumb Code    10  stm32f10x_adc.o(.text)
    ADC_GetResetCalibrationStatus            0x08007821   Thumb Code    14  stm32f10x_adc.o(.text)
    ADC_StartCalibration                     0x0800782f   Thumb Code    10  stm32f10x_adc.o(.text)
    ADC_GetCalibrationStatus                 0x08007839   Thumb Code    14  stm32f10x_adc.o(.text)
    ADC_SoftwareStartConvCmd                 0x08007847   Thumb Code    24  stm32f10x_adc.o(.text)
    ADC_GetSoftwareStartConvStatus           0x0800785f   Thumb Code    14  stm32f10x_adc.o(.text)
    ADC_DiscModeChannelCountConfig           0x0800786d   Thumb Code    16  stm32f10x_adc.o(.text)
    ADC_DiscModeCmd                          0x0800787d   Thumb Code    24  stm32f10x_adc.o(.text)
    ADC_RegularChannelConfig                 0x08007895   Thumb Code   116  stm32f10x_adc.o(.text)
    ADC_ExternalTrigConvCmd                  0x08007909   Thumb Code    24  stm32f10x_adc.o(.text)
    ADC_GetConversionValue                   0x08007921   Thumb Code     6  stm32f10x_adc.o(.text)
    ADC_GetDualModeConversionValue           0x08007927   Thumb Code     8  stm32f10x_adc.o(.text)
    ADC_AutoInjectedConvCmd                  0x0800792f   Thumb Code    24  stm32f10x_adc.o(.text)
    ADC_InjectedDiscModeCmd                  0x08007947   Thumb Code    24  stm32f10x_adc.o(.text)
    ADC_ExternalTrigInjectedConvConfig       0x0800795f   Thumb Code    12  stm32f10x_adc.o(.text)
    ADC_ExternalTrigInjectedConvCmd          0x0800796b   Thumb Code    24  stm32f10x_adc.o(.text)
    ADC_SoftwareStartInjectedConvCmd         0x08007983   Thumb Code    24  stm32f10x_adc.o(.text)
    ADC_GetSoftwareStartInjectedConvCmdStatus 0x0800799b   Thumb Code    14  stm32f10x_adc.o(.text)
    ADC_InjectedChannelConfig                0x080079a9   Thumb Code    74  stm32f10x_adc.o(.text)
    ADC_InjectedSequencerLengthConfig        0x080079f3   Thumb Code    16  stm32f10x_adc.o(.text)
    ADC_SetInjectedOffset                    0x08007a03   Thumb Code    16  stm32f10x_adc.o(.text)
    ADC_GetInjectedConversionValue           0x08007a13   Thumb Code    20  stm32f10x_adc.o(.text)
    ADC_AnalogWatchdogCmd                    0x08007a27   Thumb Code    12  stm32f10x_adc.o(.text)
    ADC_AnalogWatchdogThresholdsConfig       0x08007a33   Thumb Code     6  stm32f10x_adc.o(.text)
    ADC_AnalogWatchdogSingleChannelConfig    0x08007a39   Thumb Code    12  stm32f10x_adc.o(.text)
    ADC_TempSensorVrefintCmd                 0x08007a45   Thumb Code    28  stm32f10x_adc.o(.text)
    ADC_GetFlagStatus                        0x08007a61   Thumb Code    14  stm32f10x_adc.o(.text)
    ADC_ClearFlag                            0x08007a6f   Thumb Code     6  stm32f10x_adc.o(.text)
    ADC_GetITStatus                          0x08007a75   Thumb Code    28  stm32f10x_adc.o(.text)
    ADC_ClearITPendingBit                    0x08007a91   Thumb Code     8  stm32f10x_adc.o(.text)
    DMA_DeInit                               0x08007ab1   Thumb Code   238  stm32f10x_dma.o(.text)
    DMA_Init                                 0x08007b9f   Thumb Code    58  stm32f10x_dma.o(.text)
    DMA_StructInit                           0x08007bd9   Thumb Code    26  stm32f10x_dma.o(.text)
    DMA_Cmd                                  0x08007bf3   Thumb Code    26  stm32f10x_dma.o(.text)
    DMA_ITConfig                             0x08007c0d   Thumb Code    20  stm32f10x_dma.o(.text)
    DMA_SetCurrDataCounter                   0x08007c21   Thumb Code     4  stm32f10x_dma.o(.text)
    DMA_GetCurrDataCounter                   0x08007c25   Thumb Code     6  stm32f10x_dma.o(.text)
    DMA_GetFlagStatus                        0x08007c2b   Thumb Code    30  stm32f10x_dma.o(.text)
    DMA_ClearFlag                            0x08007c49   Thumb Code    20  stm32f10x_dma.o(.text)
    DMA_GetITStatus                          0x08007c5d   Thumb Code    30  stm32f10x_dma.o(.text)
    DMA_ClearITPendingBit                    0x08007c7b   Thumb Code    20  stm32f10x_dma.o(.text)
    FLASH_SetLatency                         0x08007c99   Thumb Code    14  stm32f10x_flash.o(.text)
    FLASH_HalfCycleAccessCmd                 0x08007ca7   Thumb Code    18  stm32f10x_flash.o(.text)
    FLASH_PrefetchBufferCmd                  0x08007cb9   Thumb Code    18  stm32f10x_flash.o(.text)
    FLASH_Unlock                             0x08007ccb   Thumb Code    12  stm32f10x_flash.o(.text)
    FLASH_UnlockBank1                        0x08007cd7   Thumb Code    12  stm32f10x_flash.o(.text)
    FLASH_Lock                               0x08007ce3   Thumb Code    12  stm32f10x_flash.o(.text)
    FLASH_LockBank1                          0x08007cef   Thumb Code    12  stm32f10x_flash.o(.text)
    FLASH_GetBank1Status                     0x08007cfb   Thumb Code    34  stm32f10x_flash.o(.text)
    FLASH_WaitForLastOperation               0x08007d1d   Thumb Code    32  stm32f10x_flash.o(.text)
    FLASH_ErasePage                          0x08007d3d   Thumb Code    56  stm32f10x_flash.o(.text)
    FLASH_EraseAllPages                      0x08007d75   Thumb Code    52  stm32f10x_flash.o(.text)
    FLASH_WaitForLastBank1Operation          0x08007da9   Thumb Code    32  stm32f10x_flash.o(.text)
    FLASH_EraseAllBank1Pages                 0x08007dc9   Thumb Code    52  stm32f10x_flash.o(.text)
    FLASH_GetReadOutProtectionStatus         0x08007dfd   Thumb Code    14  stm32f10x_flash.o(.text)
    FLASH_EraseOptionBytes                   0x08007e0b   Thumb Code   120  stm32f10x_flash.o(.text)
    FLASH_ProgramWord                        0x08007e83   Thumb Code    86  stm32f10x_flash.o(.text)
    FLASH_ProgramHalfWord                    0x08007ed9   Thumb Code    48  stm32f10x_flash.o(.text)
    FLASH_ProgramOptionByteData              0x08007f09   Thumb Code    62  stm32f10x_flash.o(.text)
    FLASH_EnableWriteProtection              0x08007f47   Thumb Code   158  stm32f10x_flash.o(.text)
    FLASH_ReadOutProtection                  0x08007fe5   Thumb Code   120  stm32f10x_flash.o(.text)
    FLASH_UserOptionByteConfig               0x0800805d   Thumb Code    98  stm32f10x_flash.o(.text)
    FLASH_GetUserOptionByte                  0x080080bf   Thumb Code     8  stm32f10x_flash.o(.text)
    FLASH_GetWriteProtectionOptionByte       0x080080c7   Thumb Code     6  stm32f10x_flash.o(.text)
    FLASH_GetPrefetchBufferStatus            0x080080cd   Thumb Code    14  stm32f10x_flash.o(.text)
    FLASH_ITConfig                           0x080080db   Thumb Code    22  stm32f10x_flash.o(.text)
    FLASH_GetFlagStatus                      0x080080f1   Thumb Code    30  stm32f10x_flash.o(.text)
    FLASH_ClearFlag                          0x0800810f   Thumb Code     6  stm32f10x_flash.o(.text)
    FLASH_GetStatus                          0x08008115   Thumb Code    34  stm32f10x_flash.o(.text)
    Reset_Handler                            0x0800813d   Thumb Code     8  startup_stm32f10x_hd.o(.text)
    ADC1_2_IRQHandler                        0x08008157   Thumb Code     0  startup_stm32f10x_hd.o(.text)
    ADC3_IRQHandler                          0x08008157   Thumb Code     0  startup_stm32f10x_hd.o(.text)
    CAN1_RX1_IRQHandler                      0x08008157   Thumb Code     0  startup_stm32f10x_hd.o(.text)
    CAN1_SCE_IRQHandler                      0x08008157   Thumb Code     0  startup_stm32f10x_hd.o(.text)
    DMA1_Channel1_IRQHandler                 0x08008157   Thumb Code     0  startup_stm32f10x_hd.o(.text)
    DMA1_Channel2_IRQHandler                 0x08008157   Thumb Code     0  startup_stm32f10x_hd.o(.text)
    DMA1_Channel3_IRQHandler                 0x08008157   Thumb Code     0  startup_stm32f10x_hd.o(.text)
    DMA1_Channel4_IRQHandler                 0x08008157   Thumb Code     0  startup_stm32f10x_hd.o(.text)
    DMA1_Channel5_IRQHandler                 0x08008157   Thumb Code     0  startup_stm32f10x_hd.o(.text)
    DMA1_Channel6_IRQHandler                 0x08008157   Thumb Code     0  startup_stm32f10x_hd.o(.text)
    DMA1_Channel7_IRQHandler                 0x08008157   Thumb Code     0  startup_stm32f10x_hd.o(.text)
    DMA2_Channel1_IRQHandler                 0x08008157   Thumb Code     0  startup_stm32f10x_hd.o(.text)
    DMA2_Channel2_IRQHandler                 0x08008157   Thumb Code     0  startup_stm32f10x_hd.o(.text)
    DMA2_Channel3_IRQHandler                 0x08008157   Thumb Code     0  startup_stm32f10x_hd.o(.text)
    DMA2_Channel4_5_IRQHandler               0x08008157   Thumb Code     0  startup_stm32f10x_hd.o(.text)
    EXTI0_IRQHandler                         0x08008157   Thumb Code     0  startup_stm32f10x_hd.o(.text)
    EXTI15_10_IRQHandler                     0x08008157   Thumb Code     0  startup_stm32f10x_hd.o(.text)
    EXTI1_IRQHandler                         0x08008157   Thumb Code     0  startup_stm32f10x_hd.o(.text)
    EXTI2_IRQHandler                         0x08008157   Thumb Code     0  startup_stm32f10x_hd.o(.text)
    EXTI3_IRQHandler                         0x08008157   Thumb Code     0  startup_stm32f10x_hd.o(.text)
    EXTI4_IRQHandler                         0x08008157   Thumb Code     0  startup_stm32f10x_hd.o(.text)
    EXTI9_5_IRQHandler                       0x08008157   Thumb Code     0  startup_stm32f10x_hd.o(.text)
    FLASH_IRQHandler                         0x08008157   Thumb Code     0  startup_stm32f10x_hd.o(.text)
    FSMC_IRQHandler                          0x08008157   Thumb Code     0  startup_stm32f10x_hd.o(.text)
    I2C1_ER_IRQHandler                       0x08008157   Thumb Code     0  startup_stm32f10x_hd.o(.text)
    I2C1_EV_IRQHandler                       0x08008157   Thumb Code     0  startup_stm32f10x_hd.o(.text)
    I2C2_ER_IRQHandler                       0x08008157   Thumb Code     0  startup_stm32f10x_hd.o(.text)
    I2C2_EV_IRQHandler                       0x08008157   Thumb Code     0  startup_stm32f10x_hd.o(.text)
    PVD_IRQHandler                           0x08008157   Thumb Code     0  startup_stm32f10x_hd.o(.text)
    RCC_IRQHandler                           0x08008157   Thumb Code     0  startup_stm32f10x_hd.o(.text)
    RTCAlarm_IRQHandler                      0x08008157   Thumb Code     0  startup_stm32f10x_hd.o(.text)
    RTC_IRQHandler                           0x08008157   Thumb Code     0  startup_stm32f10x_hd.o(.text)
    SDIO_IRQHandler                          0x08008157   Thumb Code     0  startup_stm32f10x_hd.o(.text)
    SPI1_IRQHandler                          0x08008157   Thumb Code     0  startup_stm32f10x_hd.o(.text)
    SPI2_IRQHandler                          0x08008157   Thumb Code     0  startup_stm32f10x_hd.o(.text)
    SPI3_IRQHandler                          0x08008157   Thumb Code     0  startup_stm32f10x_hd.o(.text)
    TAMPER_IRQHandler                        0x08008157   Thumb Code     0  startup_stm32f10x_hd.o(.text)
    TIM1_BRK_IRQHandler                      0x08008157   Thumb Code     0  startup_stm32f10x_hd.o(.text)
    TIM1_CC_IRQHandler                       0x08008157   Thumb Code     0  startup_stm32f10x_hd.o(.text)
    TIM1_TRG_COM_IRQHandler                  0x08008157   Thumb Code     0  startup_stm32f10x_hd.o(.text)
    TIM1_UP_IRQHandler                       0x08008157   Thumb Code     0  startup_stm32f10x_hd.o(.text)
    TIM5_IRQHandler                          0x08008157   Thumb Code     0  startup_stm32f10x_hd.o(.text)
    TIM6_IRQHandler                          0x08008157   Thumb Code     0  startup_stm32f10x_hd.o(.text)
    TIM7_IRQHandler                          0x08008157   Thumb Code     0  startup_stm32f10x_hd.o(.text)
    TIM8_BRK_IRQHandler                      0x08008157   Thumb Code     0  startup_stm32f10x_hd.o(.text)
    TIM8_CC_IRQHandler                       0x08008157   Thumb Code     0  startup_stm32f10x_hd.o(.text)
    TIM8_TRG_COM_IRQHandler                  0x08008157   Thumb Code     0  startup_stm32f10x_hd.o(.text)
    TIM8_UP_IRQHandler                       0x08008157   Thumb Code     0  startup_stm32f10x_hd.o(.text)
    UART4_IRQHandler                         0x08008157   Thumb Code     0  startup_stm32f10x_hd.o(.text)
    UART5_IRQHandler                         0x08008157   Thumb Code     0  startup_stm32f10x_hd.o(.text)
    USART3_IRQHandler                        0x08008157   Thumb Code     0  startup_stm32f10x_hd.o(.text)
    USBWakeUp_IRQHandler                     0x08008157   Thumb Code     0  startup_stm32f10x_hd.o(.text)
    USB_HP_CAN1_TX_IRQHandler                0x08008157   Thumb Code     0  startup_stm32f10x_hd.o(.text)
    USB_LP_CAN1_RX0_IRQHandler               0x08008157   Thumb Code     0  startup_stm32f10x_hd.o(.text)
    WWDG_IRQHandler                          0x08008157   Thumb Code     0  startup_stm32f10x_hd.o(.text)
    __user_initial_stackheap                 0x08008159   Thumb Code     0  startup_stm32f10x_hd.o(.text)
    SystemInit                               0x08008225   Thumb Code    64  system_stm32f10x_1.o(.text)
    SystemCoreClockUpdate                    0x08008265   Thumb Code   106  system_stm32f10x_1.o(.text)
    __use_no_semihosting                     0x080082f1   Thumb Code     2  use_no_semi_2.o(.text)
    __c89vsnprintf                           0x080082f5   Thumb Code    48  c89vsnprintf.o(.text)
    __2printf                                0x08008329   Thumb Code    20  __2printf.o(.text)
    __2sprintf                               0x08008341   Thumb Code    38  __2sprintf.o(.text)
    _printf_pre_padding                      0x0800836d   Thumb Code    44  _printf_pad.o(.text)
    _printf_post_padding                     0x08008399   Thumb Code    34  _printf_pad.o(.text)
    _printf_str                              0x080083bb   Thumb Code    82  _printf_str.o(.text)
    _printf_int_dec                          0x0800840d   Thumb Code   104  _printf_dec.o(.text)
    __printf                                 0x08008485   Thumb Code   388  __printf_flags_ss_wp.o(.text)
    strcat                                   0x0800860d   Thumb Code    24  strcat.o(.text)
    __aeabi_memcpy4                          0x08008625   Thumb Code     0  rt_memcpy_w.o(.text)
    __aeabi_memcpy8                          0x08008625   Thumb Code     0  rt_memcpy_w.o(.text)
    __rt_memcpy_w                            0x08008625   Thumb Code   100  rt_memcpy_w.o(.text)
    _memcpy_lastbytes_aligned                0x0800866d   Thumb Code     0  rt_memcpy_w.o(.text)
    __aeabi_memclr4                          0x08008689   Thumb Code     0  rt_memclr_w.o(.text)
    __aeabi_memclr8                          0x08008689   Thumb Code     0  rt_memclr_w.o(.text)
    __rt_memclr_w                            0x08008689   Thumb Code    78  rt_memclr_w.o(.text)
    _memset_w                                0x0800868d   Thumb Code     0  rt_memclr_w.o(.text)
    __use_two_region_memory                  0x080086d7   Thumb Code     2  heapauxi.o(.text)
    __rt_heap_escrow$2region                 0x080086d9   Thumb Code     2  heapauxi.o(.text)
    __rt_heap_expand$2region                 0x080086db   Thumb Code     2  heapauxi.o(.text)
    __I$use$semihosting                      0x080086dd   Thumb Code     0  use_no_semi.o(.text)
    __use_no_semihosting_swi                 0x080086dd   Thumb Code     2  use_no_semi.o(.text)
    __read_errno                             0x080086df   Thumb Code    10  _rserrno.o(.text)
    __set_errno                              0x080086e9   Thumb Code    12  _rserrno.o(.text)
    _printf_truncate_signed                  0x080086f5   Thumb Code    18  _printf_truncate.o(.text)
    _printf_truncate_unsigned                0x08008707   Thumb Code    18  _printf_truncate.o(.text)
    _printf_int_common                       0x08008719   Thumb Code   178  _printf_intcommon.o(.text)
    _printf_charcount                        0x080087cb   Thumb Code    40  _printf_charcount.o(.text)
    __lib_sel_fp_printf                      0x080087f3   Thumb Code     2  _printf_fp_dec.o(.text)
    _printf_fp_dec_real                      0x080089a5   Thumb Code   620  _printf_fp_dec.o(.text)
    _printf_char_common                      0x08008c1b   Thumb Code    32  _printf_char_common.o(.text)
    _sputc                                   0x08008c41   Thumb Code    10  _sputc.o(.text)
    _snputc                                  0x08008c4b   Thumb Code    16  _snputc.o(.text)
    _printf_cs_common                        0x08008c5b   Thumb Code    20  _printf_char.o(.text)
    _printf_char                             0x08008c6f   Thumb Code    16  _printf_char.o(.text)
    _printf_string                           0x08008c7f   Thumb Code     8  _printf_char.o(.text)
    _printf_char_file                        0x08008c89   Thumb Code    32  _printf_char_file.o(.text)
    _printf_wctomb                           0x08008cad   Thumb Code   182  _printf_wctomb.o(.text)
    _printf_longlong_dec                     0x08008d69   Thumb Code   108  _printf_longlong_dec.o(.text)
    _printf_longlong_oct                     0x08008de5   Thumb Code    66  _printf_oct_int_ll.o(.text)
    _printf_int_oct                          0x08008e27   Thumb Code    24  _printf_oct_int_ll.o(.text)
    _printf_ll_oct                           0x08008e3f   Thumb Code    12  _printf_oct_int_ll.o(.text)
    _printf_longlong_hex                     0x08008e55   Thumb Code    86  _printf_hex_int_ll_ptr.o(.text)
    _printf_int_hex                          0x08008eab   Thumb Code    28  _printf_hex_int_ll_ptr.o(.text)
    _printf_ll_hex                           0x08008ec7   Thumb Code    12  _printf_hex_int_ll_ptr.o(.text)
    _printf_hex_ptr                          0x08008ed3   Thumb Code    18  _printf_hex_int_ll_ptr.o(.text)
    __rt_locale                              0x08008ee9   Thumb Code     8  rt_locale_intlibspace.o(.text)
    __aeabi_errno_addr                       0x08008ef1   Thumb Code     8  rt_errno_addr_intlibspace.o(.text)
    __errno$intlibspace                      0x08008ef1   Thumb Code     0  rt_errno_addr_intlibspace.o(.text)
    __rt_errno_addr$intlibspace              0x08008ef1   Thumb Code     0  rt_errno_addr_intlibspace.o(.text)
    _ll_udiv10                               0x08008ef9   Thumb Code   138  lludiv10.o(.text)
    _printf_fp_infnan                        0x08008f85   Thumb Code   112  _printf_fp_infnan.o(.text)
    _printf_lcs_common                       0x08009005   Thumb Code    20  _printf_wchar.o(.text)
    _printf_wchar                            0x08009019   Thumb Code    16  _printf_wchar.o(.text)
    _printf_wstring                          0x08009029   Thumb Code     8  _printf_wchar.o(.text)
    _btod_etento                             0x08009031   Thumb Code   224  bigflt0.o(.text)
    ferror                                   0x08009115   Thumb Code     8  ferror.o(.text)
    _wcrtomb                                 0x0800911d   Thumb Code    64  _wcrtomb.o(.text)
    __user_libspace                          0x0800915d   Thumb Code     8  libspace.o(.text)
    __user_perproc_libspace                  0x0800915d   Thumb Code     0  libspace.o(.text)
    __user_perthread_libspace                0x0800915d   Thumb Code     0  libspace.o(.text)
    __user_setup_stackheap                   0x08009165   Thumb Code    74  sys_stackheap_outer.o(.text)
    __rt_ctype_table                         0x080091b1   Thumb Code    16  rt_ctype_table.o(.text)
    exit                                     0x080091c1   Thumb Code    18  exit.o(.text)
    strcmp                                   0x080091d5   Thumb Code   128  strcmpv7m.o(.text)
    _btod_d2e                                0x08009255   Thumb Code    62  btod.o(CL$$btod_d2e)
    _d2e_denorm_low                          0x08009293   Thumb Code    70  btod.o(CL$$btod_d2e_denorm_low)
    _d2e_norm_op1                            0x080092d9   Thumb Code    96  btod.o(CL$$btod_d2e_norm_op1)
    __btod_div_common                        0x08009339   Thumb Code   696  btod.o(CL$$btod_div_common)
    _e2e                                     0x08009671   Thumb Code   220  btod.o(CL$$btod_e2e)
    _btod_ediv                               0x0800974d   Thumb Code    42  btod.o(CL$$btod_ediv)
    _btod_emul                               0x08009777   Thumb Code    42  btod.o(CL$$btod_emul)
    __btod_mult_common                       0x080097a1   Thumb Code   580  btod.o(CL$$btod_mult_common)
    __ARM_fpclassify                         0x080099e5   Thumb Code    40  fpclassify.o(i.__ARM_fpclassify)
    __ieee754_rem_pio2                       0x08009a0d   Thumb Code   828  rred.o(i.__ieee754_rem_pio2)
    __kernel_poly                            0x08009d95   Thumb Code   170  poly.o(i.__kernel_poly)
    __kernel_tan                             0x08009e41   Thumb Code   586  tan_i.o(i.__kernel_tan)
    __mathlib_dbl_divzero                    0x0800a0bd   Thumb Code    12  dunder.o(i.__mathlib_dbl_divzero)
    __mathlib_dbl_infnan                     0x0800a0cd   Thumb Code     6  dunder.o(i.__mathlib_dbl_infnan)
    __mathlib_dbl_invalid                    0x0800a0d3   Thumb Code    12  dunder.o(i.__mathlib_dbl_invalid)
    __mathlib_dbl_underflow                  0x0800a0e1   Thumb Code    10  dunder.o(i.__mathlib_dbl_underflow)
    _is_digit                                0x0800a0f1   Thumb Code    14  __printf_wp.o(i._is_digit)
    log                                      0x0800a101   Thumb Code   808  log.o(i.log)
    log10                                    0x0800a45d   Thumb Code   198  log10.o(i.log10)
    sqrt                                     0x0800a541   Thumb Code    76  sqrt.o(i.sqrt)
    tan                                      0x0800a58d   Thumb Code    90  tan.o(i.tan)
    _get_lc_numeric                          0x0800a5f1   Thumb Code    44  lc_numeric_c.o(locale$$code)
    _get_lc_ctype                            0x0800a61d   Thumb Code    44  lc_ctype_c.o(locale$$code)
    __aeabi_d2f                              0x0800a649   Thumb Code     0  d2f.o(x$fpl$d2f)
    _d2f                                     0x0800a649   Thumb Code    98  d2f.o(x$fpl$d2f)
    __aeabi_dadd                             0x0800a6ad   Thumb Code     0  daddsub_clz.o(x$fpl$dadd)
    _dadd                                    0x0800a6ad   Thumb Code   332  daddsub_clz.o(x$fpl$dadd)
    __fpl_dcheck_NaN1                        0x0800a7fd   Thumb Code    10  dcheck1.o(x$fpl$dcheck1)
    __fpl_dcmp_Inf                           0x0800a80d   Thumb Code    24  dcmpi.o(x$fpl$dcmpinf)
    __aeabi_ddiv                             0x0800a825   Thumb Code     0  ddiv.o(x$fpl$ddiv)
    _ddiv                                    0x0800a825   Thumb Code   552  ddiv.o(x$fpl$ddiv)
    __aeabi_cdcmpeq                          0x0800aad5   Thumb Code     0  deqf.o(x$fpl$deqf)
    _dcmpeq                                  0x0800aad5   Thumb Code   120  deqf.o(x$fpl$deqf)
    __aeabi_d2iz                             0x0800ab4d   Thumb Code     0  dfix.o(x$fpl$dfix)
    _dfix                                    0x0800ab4d   Thumb Code    94  dfix.o(x$fpl$dfix)
    __aeabi_d2uiz                            0x0800abad   Thumb Code     0  dfixu.o(x$fpl$dfixu)
    _dfixu                                   0x0800abad   Thumb Code    90  dfixu.o(x$fpl$dfixu)
    __aeabi_i2d                              0x0800ac07   Thumb Code     0  dflt_clz.o(x$fpl$dflt)
    _dflt                                    0x0800ac07   Thumb Code    46  dflt_clz.o(x$fpl$dflt)
    __aeabi_ui2d                             0x0800ac35   Thumb Code     0  dflt_clz.o(x$fpl$dfltu)
    _dfltu                                   0x0800ac35   Thumb Code    38  dflt_clz.o(x$fpl$dfltu)
    __aeabi_dmul                             0x0800ac5d   Thumb Code     0  dmul.o(x$fpl$dmul)
    _dmul                                    0x0800ac5d   Thumb Code   332  dmul.o(x$fpl$dmul)
    __fpl_dnaninf                            0x0800adb1   Thumb Code   156  dnaninf.o(x$fpl$dnaninf)
    __fpl_dretinf                            0x0800ae4d   Thumb Code    12  dretinf.o(x$fpl$dretinf)
    __aeabi_drsub                            0x0800ae59   Thumb Code     0  daddsub_clz.o(x$fpl$drsb)
    _drsb                                    0x0800ae59   Thumb Code    22  daddsub_clz.o(x$fpl$drsb)
    _dsqrt                                   0x0800ae71   Thumb Code   456  dsqrt_noumaal.o(x$fpl$dsqrt)
    __aeabi_dsub                             0x0800b03d   Thumb Code     0  daddsub_clz.o(x$fpl$dsub)
    _dsub                                    0x0800b03d   Thumb Code   464  daddsub_clz.o(x$fpl$dsub)
    __aeabi_f2d                              0x0800b211   Thumb Code     0  f2d.o(x$fpl$f2d)
    _f2d                                     0x0800b211   Thumb Code    86  f2d.o(x$fpl$f2d)
    __aeabi_fdiv                             0x0800b269   Thumb Code     0  fdiv.o(x$fpl$fdiv)
    _fdiv                                    0x0800b269   Thumb Code   384  fdiv.o(x$fpl$fdiv)
    __aeabi_f2iz                             0x0800b3ed   Thumb Code     0  ffix.o(x$fpl$ffix)
    _ffix                                    0x0800b3ed   Thumb Code    54  ffix.o(x$fpl$ffix)
    __aeabi_i2f                              0x0800b425   Thumb Code     0  fflt_clz.o(x$fpl$fflt)
    _fflt                                    0x0800b425   Thumb Code    48  fflt_clz.o(x$fpl$fflt)
    __aeabi_ui2f                             0x0800b455   Thumb Code     0  fflt_clz.o(x$fpl$ffltu)
    _ffltu                                   0x0800b455   Thumb Code    38  fflt_clz.o(x$fpl$ffltu)
    __aeabi_fmul                             0x0800b47d   Thumb Code     0  fmul.o(x$fpl$fmul)
    _fmul                                    0x0800b47d   Thumb Code   258  fmul.o(x$fpl$fmul)
    __fpl_fnaninf                            0x0800b57f   Thumb Code   140  fnaninf.o(x$fpl$fnaninf)
    __fpl_fretinf                            0x0800b60b   Thumb Code    10  fretinf.o(x$fpl$fretinf)
    _printf_fp_dec                           0x0800b615   Thumb Code     4  printf1.o(x$fpl$printf1)
    __fpl_return_NaN                         0x0800b619   Thumb Code   100  retnan.o(x$fpl$retnan)
    __ARM_scalbn                             0x0800b67d   Thumb Code    92  scalbn.o(x$fpl$scalbn)
    __fpl_cmpreturn                          0x0800b6d9   Thumb Code    48  trapv.o(x$fpl$trapveneer)
    __I$use$fp                               0x0800b708   Number         0  usenofp.o(x$fpl$usenofp)
    __mathlib_zero                           0x0800baa0   Data           8  qnan.o(.constdata)
    Region$$Table$$Base                      0x0800baf0   Number         0  anon$$obj.o(Region$$Table)
    Region$$Table$$Limit                     0x0800bb10   Number         0  anon$$obj.o(Region$$Table)
    __ctype                                  0x0800bb39   Data           0  lc_ctype_c.o(locale$$data)
    HSEStartUpStatus                         0x20000000   Data           1  main.o(.data)
    ADCConvertedValue                        0x20000002   Data           4  main.o(.data)
    CaptureNumber1                           0x20000008   Data           2  stm32f10x_it.o(.data)
    TimeBase                                 0x2000000a   Data           2  stm32f10x_it.o(.data)
    TimeBase2                                0x2000000c   Data           2  stm32f10x_it.o(.data)
    IC4ReadValue2                            0x2000000e   Data           2  stm32f10x_it.o(.data)
    IC4ReadValue3                            0x20000010   Data           2  stm32f10x_it.o(.data)
    angle                                    0x20000014   Data           4  stm32f10x_it.o(.data)
    Capture_space                            0x20000018   Data           4  stm32f10x_it.o(.data)
    Time_100Ms                               0x2000001c   Data           4  stm32f10x_it.o(.data)
    Time_100Ms_2                             0x20000020   Data           4  stm32f10x_it.o(.data)
    Ok_Control_Flag                          0x20000024   Data           2  ctrfile.o(.data)
    Stop_Control_Flag                        0x20000026   Data           2  ctrfile.o(.data)
    Clear_Flag                               0x20000028   Data           2  ctrfile.o(.data)
    SaveData_Flag                            0x2000002a   Data           2  ctrfile.o(.data)
    SavePic_Flag                             0x2000002c   Data           2  ctrfile.o(.data)
    StarFre_Control_Flag                     0x2000002e   Data           2  ctrfile.o(.data)
    EndFre_Control_Flag                      0x20000030   Data           2  ctrfile.o(.data)
    Dac_Control_Flag                         0x20000032   Data           2  ctrfile.o(.data)
    Ok1_Control_Flag                         0x20000034   Data           2  ctrfile.o(.data)
    screen_id                                0x20000036   Data           2  ctrfile.o(.data)
    control_id                               0x20000038   Data           2  ctrfile.o(.data)
    current_screen_id                        0x2000003a   Data           2  ctrfile.o(.data)
    start_fre                                0x2000003c   Data           4  ctrfile.o(.data)
    end_fre                                  0x20000040   Data           4  ctrfile.o(.data)
    min_freq                                 0x20000044   Data           4  ctrfile.o(.data)
    max_fre                                  0x20000048   Data           4  ctrfile.o(.data)
    min_resis                                0x2000004c   Data           4  ctrfile.o(.data)
    max_resis                                0x20000050   Data           4  ctrfile.o(.data)
    min_capac                                0x20000054   Data           4  ctrfile.o(.data)
    max_capac                                0x20000058   Data           4  ctrfile.o(.data)
    min_induc                                0x2000005c   Data           4  ctrfile.o(.data)
    max_indut                                0x20000060   Data           4  ctrfile.o(.data)
    dac_value                                0x20000064   Data           4  ctrfile.o(.data)
    file_name                                0x20000068   Data           4  ctrfile.o(.data)
    Buff                                     0x2000006c   Data           1  hmi_user_uart.o(.data)
    times                                    0x20000078   Data           1  cortrol.o(.data)
    USART2_RX                                0x20000079   Data           1  cortrol.o(.data)
    Current_V                                0x2000007a   Data           2  cortrol.o(.data)
    Current_A                                0x2000007c   Data           2  cortrol.o(.data)
    ImpandenceStatus                         0x2000007e   Data           2  cortrol.o(.data)
    Impandence_Buffer_Flag                   0x20000080   Data           2  cortrol.o(.data)
    Impandence_Log10_Max                     0x20000082   Data           2  cortrol.o(.data)
    Impandence_Log10_Min                     0x20000084   Data           2  cortrol.o(.data)
    Angle_Buffer0                            0x20000086   Data           2  cortrol.o(.data)
    MaxValue_Flag                            0x20000088   Data           2  cortrol.o(.data)
    MinValue_Flag                            0x2000008a   Data           2  cortrol.o(.data)
    t                                        0x2000008c   Data           4  cortrol.o(.data)
    Current_Fre                              0x20000090   Data           4  cortrol.o(.data)
    Impandence_Value                         0x20000094   Data           4  cortrol.o(.data)
    Impandence_Value_Buffer                  0x20000098   Data           4  cortrol.o(.data)
    FreGain                                  0x2000009c   Data           4  cortrol.o(.data)
    SampleRes                                0x200000a0   Data           4  cortrol.o(.data)
    Mid_Fre                                  0x200000a4   Data           4  cortrol.o(.data)
    Current_ARes                             0x200000a8   Data           4  cortrol.o(.data)
    angle_P                                  0x200000ac   Data           4  cortrol.o(.data)
    Impandence_Value_Max                     0x200000b0   Data           4  cortrol.o(.data)
    Impandence_Value_Min                     0x200000b4   Data           4  cortrol.o(.data)
    XJ_Temp                                  0x200000b8   Data           4  cortrol.o(.data)
    XZ_Impandence                            0x200000bc   Data           4  cortrol.o(.data)
    YJ_Temp                                  0x200000c0   Data           4  cortrol.o(.data)
    YZ_Impandence                            0x200000c4   Data           4  cortrol.o(.data)
    Fre_Max                                  0x200000c8   Data           4  cortrol.o(.data)
    Fre_Min                                  0x200000cc   Data           4  cortrol.o(.data)
    Fre_F1                                   0x200000d0   Data           4  cortrol.o(.data)
    Fre_F2                                   0x200000d4   Data           4  cortrol.o(.data)
    fd                                       0x200000d8   Data           4  cortrol.o(.data)
    kkk                                      0x200000e0   Data           8  cortrol.o(.data)
    CT                                       0x200000e8   Data           8  cortrol.o(.data)
    Qm                                       0x200000f0   Data           8  cortrol.o(.data)
    L1                                       0x200000f8   Data           8  cortrol.o(.data)
    C1                                       0x20000100   Data           8  cortrol.o(.data)
    C0                                       0x20000108   Data           8  cortrol.o(.data)
    Keff                                     0x20000110   Data           8  cortrol.o(.data)
    dt                                       0x20000118   Data           8  cortrol.o(.data)
    File_Name                                0x20000120   Data          20  cortrol.o(.data)
    __stdout                                 0x20000134   Data           4  cortrol.o(.data)
    BlockPerSector                           0x20000138   Data           1  ch375.o(.data)
    BytePerSector                            0x2000013c   Data           4  ch375.o(.data)
    DATA_BUFFER                              0x20000140   Data           8  ch375.o(.data)
    ioctl                                    0x2000014c   Data           8  deviceio.o(.data)
    Dev_No                                   0x20000154   Data           1  znfat.o(.data)
    znFAT_Buffer                             0x20000158   Data           4  znfat.o(.data)
    just_file                                0x2000015c   Data           4  znfat.o(.data)
    pInit_Args                               0x20000160   Data           4  znfat.o(.data)
    SystemCoreClock                          0x20000178   Data           4  system_stm32f10x_1.o(.data)
    AHBPrescTable                            0x2000017c   Data          16  system_stm32f10x_1.o(.data)
    cmd_buffer                               0x2000018c   Data        1024  hmi_user_uart.o(.bss)
    Impandence_Buffer                        0x20000d90   Data        8192  cortrol.o(.bss)
    Impandence_Buffer2                       0x20002d90   Data        4096  cortrol.o(.bss)
    Impandence_Log10                         0x20003d90   Data        4096  cortrol.o(.bss)
    Angle_Buffer                             0x20004d90   Data        4096  cortrol.o(.bss)
    Angle                                    0x20005d90   Data        8192  cortrol.o(.bss)
    Fre_Buffer                               0x20007d90   Data        8192  cortrol.o(.bss)
    Impandence_G                             0x20009d90   Data        8192  cortrol.o(.bss)
    Impandence_G_Buffer                      0x2000bd90   Data        8192  cortrol.o(.bss)
    Init_Args                                0x2000dd90   Data          40  cortrol.o(.bss)
    fileinfo                                 0x2000ddb8   Data          56  cortrol.o(.bss)
    tmpBuf                                   0x2000ddf0   Data         512  znfat.o(.bss)
    __libspace_start                         0x2000dff0   Data          96  libspace.o(.bss)
    __temporary_stack_top$libspace           0x2000e050   Data           0  libspace.o(.bss)



==============================================================================

Memory Map of the image

  Image Entry point : 0x08000131

  Load Region LR_IROM1 (Base: 0x08000000, Size: 0x0000bdc8, Max: 0x00082000, ABSOLUTE, COMPRESSED[0x0000bc6c])

    Execution Region ER_IROM1 (Exec base: 0x08000000, Load base: 0x08000000, Size: 0x0000bc3c, Max: 0x00082000, ABSOLUTE)

    Exec Addr    Load Addr    Size         Type   Attr      Idx    E Section Name        Object

    0x08000000   0x08000000   0x00000130   Data   RO          467    RESET               startup_stm32f10x_hd.o
    0x08000130   0x08000130   0x00000008   Code   RO          554  * !!!main             c_w.l(__main.o)
    0x08000138   0x08000138   0x00000034   Code   RO          981    !!!scatter          c_w.l(__scatter.o)
    0x0800016c   0x0800016c   0x0000005a   Code   RO          979    !!dczerorl2         c_w.l(__dczerorl2.o)
    0x080001c6   0x080001c6   0x00000002   PAD
    0x080001c8   0x080001c8   0x0000001c   Code   RO          983    !!handler_zi        c_w.l(__scatter_zi.o)
    0x080001e4   0x080001e4   0x00000000   Code   RO          545    .ARM.Collect$$_printf_percent$$00000000  c_w.l(_printf_percent.o)
    0x080001e4   0x080001e4   0x00000006   Code   RO          684    .ARM.Collect$$_printf_percent$$00000001  c_w.l(_printf_n.o)
    0x080001ea   0x080001ea   0x00000006   Code   RO          686    .ARM.Collect$$_printf_percent$$00000002  c_w.l(_printf_p.o)
    0x080001f0   0x080001f0   0x00000006   Code   RO          544    .ARM.Collect$$_printf_percent$$00000003  c_w.l(_printf_f.o)
    0x080001f6   0x080001f6   0x00000006   Code   RO          690    .ARM.Collect$$_printf_percent$$00000004  c_w.l(_printf_e.o)
    0x080001fc   0x080001fc   0x00000006   Code   RO          691    .ARM.Collect$$_printf_percent$$00000005  c_w.l(_printf_g.o)
    0x08000202   0x08000202   0x00000006   Code   RO          692    .ARM.Collect$$_printf_percent$$00000006  c_w.l(_printf_a.o)
    0x08000208   0x08000208   0x0000000a   Code   RO          697    .ARM.Collect$$_printf_percent$$00000007  c_w.l(_printf_ll.o)
    0x08000212   0x08000212   0x00000006   Code   RO          688    .ARM.Collect$$_printf_percent$$00000008  c_w.l(_printf_i.o)
    0x08000218   0x08000218   0x00000006   Code   RO          543    .ARM.Collect$$_printf_percent$$00000009  c_w.l(_printf_d.o)
    0x0800021e   0x0800021e   0x00000006   Code   RO          689    .ARM.Collect$$_printf_percent$$0000000A  c_w.l(_printf_u.o)
    0x08000224   0x08000224   0x00000006   Code   RO          687    .ARM.Collect$$_printf_percent$$0000000B  c_w.l(_printf_o.o)
    0x0800022a   0x0800022a   0x00000006   Code   RO          685    .ARM.Collect$$_printf_percent$$0000000C  c_w.l(_printf_x.o)
    0x08000230   0x08000230   0x00000006   Code   RO          694    .ARM.Collect$$_printf_percent$$0000000D  c_w.l(_printf_lli.o)
    0x08000236   0x08000236   0x00000006   Code   RO          695    .ARM.Collect$$_printf_percent$$0000000E  c_w.l(_printf_lld.o)
    0x0800023c   0x0800023c   0x00000006   Code   RO          696    .ARM.Collect$$_printf_percent$$0000000F  c_w.l(_printf_llu.o)
    0x08000242   0x08000242   0x00000006   Code   RO          701    .ARM.Collect$$_printf_percent$$00000010  c_w.l(_printf_llo.o)
    0x08000248   0x08000248   0x00000006   Code   RO          702    .ARM.Collect$$_printf_percent$$00000011  c_w.l(_printf_llx.o)
    0x0800024e   0x0800024e   0x0000000a   Code   RO          698    .ARM.Collect$$_printf_percent$$00000012  c_w.l(_printf_l.o)
    0x08000258   0x08000258   0x00000006   Code   RO          542    .ARM.Collect$$_printf_percent$$00000013  c_w.l(_printf_c.o)
    0x0800025e   0x0800025e   0x00000006   Code   RO          683    .ARM.Collect$$_printf_percent$$00000014  c_w.l(_printf_s.o)
    0x08000264   0x08000264   0x00000006   Code   RO          699    .ARM.Collect$$_printf_percent$$00000015  c_w.l(_printf_lc.o)
    0x0800026a   0x0800026a   0x00000006   Code   RO          700    .ARM.Collect$$_printf_percent$$00000016  c_w.l(_printf_ls.o)
    0x08000270   0x08000270   0x00000004   Code   RO          693    .ARM.Collect$$_printf_percent$$00000017  c_w.l(_printf_percent_end.o)
    0x08000274   0x08000274   0x00000002   Code   RO          849    .ARM.Collect$$libinit$$00000000  c_w.l(libinit.o)
    0x08000276   0x08000276   0x00000000   Code   RO          851    .ARM.Collect$$libinit$$00000002  c_w.l(libinit2.o)
    0x08000276   0x08000276   0x00000000   Code   RO          853    .ARM.Collect$$libinit$$00000004  c_w.l(libinit2.o)
    0x08000276   0x08000276   0x00000000   Code   RO          856    .ARM.Collect$$libinit$$0000000A  c_w.l(libinit2.o)
    0x08000276   0x08000276   0x00000000   Code   RO          858    .ARM.Collect$$libinit$$0000000C  c_w.l(libinit2.o)
    0x08000276   0x08000276   0x00000000   Code   RO          860    .ARM.Collect$$libinit$$0000000E  c_w.l(libinit2.o)
    0x08000276   0x08000276   0x00000006   Code   RO          861    .ARM.Collect$$libinit$$0000000F  c_w.l(libinit2.o)
    0x0800027c   0x0800027c   0x00000000   Code   RO          863    .ARM.Collect$$libinit$$00000011  c_w.l(libinit2.o)
    0x0800027c   0x0800027c   0x0000000c   Code   RO          864    .ARM.Collect$$libinit$$00000012  c_w.l(libinit2.o)
    0x08000288   0x08000288   0x00000000   Code   RO          865    .ARM.Collect$$libinit$$00000013  c_w.l(libinit2.o)
    0x08000288   0x08000288   0x00000000   Code   RO          867    .ARM.Collect$$libinit$$00000015  c_w.l(libinit2.o)
    0x08000288   0x08000288   0x0000000a   Code   RO          868    .ARM.Collect$$libinit$$00000016  c_w.l(libinit2.o)
    0x08000292   0x08000292   0x00000000   Code   RO          869    .ARM.Collect$$libinit$$00000017  c_w.l(libinit2.o)
    0x08000292   0x08000292   0x00000000   Code   RO          871    .ARM.Collect$$libinit$$00000019  c_w.l(libinit2.o)
    0x08000292   0x08000292   0x00000000   Code   RO          873    .ARM.Collect$$libinit$$0000001B  c_w.l(libinit2.o)
    0x08000292   0x08000292   0x00000000   Code   RO          875    .ARM.Collect$$libinit$$0000001D  c_w.l(libinit2.o)
    0x08000292   0x08000292   0x00000000   Code   RO          877    .ARM.Collect$$libinit$$0000001F  c_w.l(libinit2.o)
    0x08000292   0x08000292   0x00000000   Code   RO          879    .ARM.Collect$$libinit$$00000021  c_w.l(libinit2.o)
    0x08000292   0x08000292   0x00000000   Code   RO          881    .ARM.Collect$$libinit$$00000023  c_w.l(libinit2.o)
    0x08000292   0x08000292   0x00000000   Code   RO          883    .ARM.Collect$$libinit$$00000025  c_w.l(libinit2.o)
    0x08000292   0x08000292   0x00000000   Code   RO          887    .ARM.Collect$$libinit$$0000002C  c_w.l(libinit2.o)
    0x08000292   0x08000292   0x00000000   Code   RO          889    .ARM.Collect$$libinit$$0000002E  c_w.l(libinit2.o)
    0x08000292   0x08000292   0x00000000   Code   RO          891    .ARM.Collect$$libinit$$00000030  c_w.l(libinit2.o)
    0x08000292   0x08000292   0x00000000   Code   RO          893    .ARM.Collect$$libinit$$00000032  c_w.l(libinit2.o)
    0x08000292   0x08000292   0x00000002   Code   RO          894    .ARM.Collect$$libinit$$00000033  c_w.l(libinit2.o)
    0x08000294   0x08000294   0x00000002   Code   RO          929    .ARM.Collect$$libshutdown$$00000000  c_w.l(libshutdown.o)
    0x08000296   0x08000296   0x00000000   Code   RO          938    .ARM.Collect$$libshutdown$$00000002  c_w.l(libshutdown2.o)
    0x08000296   0x08000296   0x00000000   Code   RO          940    .ARM.Collect$$libshutdown$$00000004  c_w.l(libshutdown2.o)
    0x08000296   0x08000296   0x00000000   Code   RO          943    .ARM.Collect$$libshutdown$$00000007  c_w.l(libshutdown2.o)
    0x08000296   0x08000296   0x00000000   Code   RO          946    .ARM.Collect$$libshutdown$$0000000A  c_w.l(libshutdown2.o)
    0x08000296   0x08000296   0x00000000   Code   RO          948    .ARM.Collect$$libshutdown$$0000000C  c_w.l(libshutdown2.o)
    0x08000296   0x08000296   0x00000000   Code   RO          951    .ARM.Collect$$libshutdown$$0000000F  c_w.l(libshutdown2.o)
    0x08000296   0x08000296   0x00000002   Code   RO          952    .ARM.Collect$$libshutdown$$00000010  c_w.l(libshutdown2.o)
    0x08000298   0x08000298   0x00000000   Code   RO          630    .ARM.Collect$$rtentry$$00000000  c_w.l(__rtentry.o)
    0x08000298   0x08000298   0x00000000   Code   RO          754    .ARM.Collect$$rtentry$$00000002  c_w.l(__rtentry2.o)
    0x08000298   0x08000298   0x00000006   Code   RO          766    .ARM.Collect$$rtentry$$00000004  c_w.l(__rtentry4.o)
    0x0800029e   0x0800029e   0x00000000   Code   RO          756    .ARM.Collect$$rtentry$$00000009  c_w.l(__rtentry2.o)
    0x0800029e   0x0800029e   0x00000004   Code   RO          757    .ARM.Collect$$rtentry$$0000000A  c_w.l(__rtentry2.o)
    0x080002a2   0x080002a2   0x00000000   Code   RO          759    .ARM.Collect$$rtentry$$0000000C  c_w.l(__rtentry2.o)
    0x080002a2   0x080002a2   0x00000008   Code   RO          760    .ARM.Collect$$rtentry$$0000000D  c_w.l(__rtentry2.o)
    0x080002aa   0x080002aa   0x00000002   Code   RO          897    .ARM.Collect$$rtexit$$00000000  c_w.l(rtexit.o)
    0x080002ac   0x080002ac   0x00000000   Code   RO          909    .ARM.Collect$$rtexit$$00000002  c_w.l(rtexit2.o)
    0x080002ac   0x080002ac   0x00000004   Code   RO          910    .ARM.Collect$$rtexit$$00000003  c_w.l(rtexit2.o)
    0x080002b0   0x080002b0   0x00000006   Code   RO          911    .ARM.Collect$$rtexit$$00000004  c_w.l(rtexit2.o)
    0x080002b6   0x080002b6   0x00000002   PAD
    0x080002b8   0x080002b8   0x000005dc   Code   RO            1    .text               main.o
    0x08000894   0x08000894   0x000001dc   Code   RO          115    .text               stm32f10x_it.o
    0x08000a70   0x08000a70   0x00000478   Code   RO          136    .text               ctrfile.o
    0x08000ee8   0x08000ee8   0x00000fd0   Code   RO          157    .text               hmi_driver.o
    0x08001eb8   0x08001eb8   0x00000314   Code   RO          169    .text               hmi_user_uart.o
    0x080021cc   0x080021cc   0x000001a4   Code   RO          197    .text               ad9833.o
    0x08002370   0x08002370   0x000000f4   Code   RO          209    .text               cmd_queue.o
    0x08002464   0x08002464   0x00001c68   Code   RO          224    .text               cortrol.o
    0x080040cc   0x080040cc   0x000003e8   Code   RO          279    .text               ch375.o
    0x080044b4   0x080044b4   0x00000098   Code   RO          297    .text               delay.o
    0x0800454c   0x0800454c   0x000000f8   Code   RO          311    .text               deviceio.o
    0x08004644   0x08004644   0x00001ad0   Code   RO          347    .text               znfat.o
    0x08006114   0x08006114   0x000000b8   Code   RO          367    .text               misc.o
    0x080061cc   0x080061cc   0x00000298   Code   RO          379    .text               stm32f10x_gpio.o
    0x08006464   0x08006464   0x000002f4   Code   RO          391    .text               stm32f10x_rcc.o
    0x08006758   0x08006758   0x000003a4   Code   RO          405    .text               stm32f10x_usart.o
    0x08006afc   0x08006afc   0x00000c2a   Code   RO          417    .text               stm32f10x_tim.o
    0x08007726   0x08007726   0x00000002   PAD
    0x08007728   0x08007728   0x00000388   Code   RO          429    .text               stm32f10x_adc.o
    0x08007ab0   0x08007ab0   0x000001e8   Code   RO          441    .text               stm32f10x_dma.o
    0x08007c98   0x08007c98   0x000004a4   Code   RO          453    .text               stm32f10x_flash.o
    0x0800813c   0x0800813c   0x00000040   Code   RO          468    .text               startup_stm32f10x_hd.o
    0x0800817c   0x0800817c   0x00000174   Code   RO          482    .text               system_stm32f10x_1.o
    0x080082f0   0x080082f0   0x00000002   Code   RO          502    .text               c_w.l(use_no_semi_2.o)
    0x080082f2   0x080082f2   0x00000002   PAD
    0x080082f4   0x080082f4   0x00000034   Code   RO          504    .text               c_w.l(c89vsnprintf.o)
    0x08008328   0x08008328   0x00000018   Code   RO          506    .text               c_w.l(__2printf.o)
    0x08008340   0x08008340   0x0000002c   Code   RO          508    .text               c_w.l(__2sprintf.o)
    0x0800836c   0x0800836c   0x0000004e   Code   RO          516    .text               c_w.l(_printf_pad.o)
    0x080083ba   0x080083ba   0x00000052   Code   RO          518    .text               c_w.l(_printf_str.o)
    0x0800840c   0x0800840c   0x00000078   Code   RO          520    .text               c_w.l(_printf_dec.o)
    0x08008484   0x08008484   0x00000188   Code   RO          539    .text               c_w.l(__printf_flags_ss_wp.o)
    0x0800860c   0x0800860c   0x00000018   Code   RO          546    .text               c_w.l(strcat.o)
    0x08008624   0x08008624   0x00000064   Code   RO          548    .text               c_w.l(rt_memcpy_w.o)
    0x08008688   0x08008688   0x0000004e   Code   RO          550    .text               c_w.l(rt_memclr_w.o)
    0x080086d6   0x080086d6   0x00000006   Code   RO          552    .text               c_w.l(heapauxi.o)
    0x080086dc   0x080086dc   0x00000002   Code   RO          628    .text               c_w.l(use_no_semi.o)
    0x080086de   0x080086de   0x00000016   Code   RO          631    .text               c_w.l(_rserrno.o)
    0x080086f4   0x080086f4   0x00000024   Code   RO          633    .text               c_w.l(_printf_truncate.o)
    0x08008718   0x08008718   0x000000b2   Code   RO          635    .text               c_w.l(_printf_intcommon.o)
    0x080087ca   0x080087ca   0x00000028   Code   RO          637    .text               c_w.l(_printf_charcount.o)
    0x080087f2   0x080087f2   0x0000041e   Code   RO          639    .text               c_w.l(_printf_fp_dec.o)
    0x08008c10   0x08008c10   0x00000030   Code   RO          641    .text               c_w.l(_printf_char_common.o)
    0x08008c40   0x08008c40   0x0000000a   Code   RO          643    .text               c_w.l(_sputc.o)
    0x08008c4a   0x08008c4a   0x00000010   Code   RO          645    .text               c_w.l(_snputc.o)
    0x08008c5a   0x08008c5a   0x0000002c   Code   RO          647    .text               c_w.l(_printf_char.o)
    0x08008c86   0x08008c86   0x00000002   PAD
    0x08008c88   0x08008c88   0x00000024   Code   RO          649    .text               c_w.l(_printf_char_file.o)
    0x08008cac   0x08008cac   0x000000bc   Code   RO          651    .text               c_w.l(_printf_wctomb.o)
    0x08008d68   0x08008d68   0x0000007c   Code   RO          654    .text               c_w.l(_printf_longlong_dec.o)
    0x08008de4   0x08008de4   0x00000070   Code   RO          660    .text               c_w.l(_printf_oct_int_ll.o)
    0x08008e54   0x08008e54   0x00000094   Code   RO          680    .text               c_w.l(_printf_hex_int_ll_ptr.o)
    0x08008ee8   0x08008ee8   0x00000008   Code   RO          771    .text               c_w.l(rt_locale_intlibspace.o)
    0x08008ef0   0x08008ef0   0x00000008   Code   RO          776    .text               c_w.l(rt_errno_addr_intlibspace.o)
    0x08008ef8   0x08008ef8   0x0000008a   Code   RO          778    .text               c_w.l(lludiv10.o)
    0x08008f82   0x08008f82   0x00000002   PAD
    0x08008f84   0x08008f84   0x00000080   Code   RO          780    .text               c_w.l(_printf_fp_infnan.o)
    0x08009004   0x08009004   0x0000002c   Code   RO          784    .text               c_w.l(_printf_wchar.o)
    0x08009030   0x08009030   0x000000e4   Code   RO          786    .text               c_w.l(bigflt0.o)
    0x08009114   0x08009114   0x00000008   Code   RO          811    .text               c_w.l(ferror.o)
    0x0800911c   0x0800911c   0x00000040   Code   RO          815    .text               c_w.l(_wcrtomb.o)
    0x0800915c   0x0800915c   0x00000008   Code   RO          833    .text               c_w.l(libspace.o)
    0x08009164   0x08009164   0x0000004a   Code   RO          836    .text               c_w.l(sys_stackheap_outer.o)
    0x080091ae   0x080091ae   0x00000002   PAD
    0x080091b0   0x080091b0   0x00000010   Code   RO          838    .text               c_w.l(rt_ctype_table.o)
    0x080091c0   0x080091c0   0x00000012   Code   RO          840    .text               c_w.l(exit.o)
    0x080091d2   0x080091d2   0x00000002   PAD
    0x080091d4   0x080091d4   0x00000080   Code   RO          842    .text               c_w.l(strcmpv7m.o)
    0x08009254   0x08009254   0x0000003e   Code   RO          789    CL$$btod_d2e        c_w.l(btod.o)
    0x08009292   0x08009292   0x00000046   Code   RO          791    CL$$btod_d2e_denorm_low  c_w.l(btod.o)
    0x080092d8   0x080092d8   0x00000060   Code   RO          790    CL$$btod_d2e_norm_op1  c_w.l(btod.o)
    0x08009338   0x08009338   0x00000338   Code   RO          799    CL$$btod_div_common  c_w.l(btod.o)
    0x08009670   0x08009670   0x000000dc   Code   RO          796    CL$$btod_e2e        c_w.l(btod.o)
    0x0800974c   0x0800974c   0x0000002a   Code   RO          793    CL$$btod_ediv       c_w.l(btod.o)
    0x08009776   0x08009776   0x0000002a   Code   RO          792    CL$$btod_emul       c_w.l(btod.o)
    0x080097a0   0x080097a0   0x00000244   Code   RO          798    CL$$btod_mult_common  c_w.l(btod.o)
    0x080099e4   0x080099e4   0x00000028   Code   RO          828    i.__ARM_fpclassify  m_ws.l(fpclassify.o)
    0x08009a0c   0x08009a0c   0x00000388   Code   RO          742    i.__ieee754_rem_pio2  m_ws.l(rred.o)
    0x08009d94   0x08009d94   0x000000aa   Code   RO          830    i.__kernel_poly     m_ws.l(poly.o)
    0x08009e3e   0x08009e3e   0x00000002   PAD
    0x08009e40   0x08009e40   0x0000027c   Code   RO          747    i.__kernel_tan      m_ws.l(tan_i.o)
    0x0800a0bc   0x0800a0bc   0x00000010   Code   RO          718    i.__mathlib_dbl_divzero  m_ws.l(dunder.o)
    0x0800a0cc   0x0800a0cc   0x00000006   Code   RO          719    i.__mathlib_dbl_infnan  m_ws.l(dunder.o)
    0x0800a0d2   0x0800a0d2   0x0000000c   Code   RO          721    i.__mathlib_dbl_invalid  m_ws.l(dunder.o)
    0x0800a0de   0x0800a0de   0x00000002   PAD
    0x0800a0e0   0x0800a0e0   0x00000010   Code   RO          724    i.__mathlib_dbl_underflow  m_ws.l(dunder.o)
    0x0800a0f0   0x0800a0f0   0x0000000e   Code   RO          532    i._is_digit         c_w.l(__printf_wp.o)
    0x0800a0fe   0x0800a0fe   0x00000002   PAD
    0x0800a100   0x0800a100   0x0000035c   Code   RO          733    i.log               m_ws.l(log.o)
    0x0800a45c   0x0800a45c   0x000000e4   Code   RO          605    i.log10             m_ws.l(log10.o)
    0x0800a540   0x0800a540   0x0000004c   Code   RO          613    i.sqrt              m_ws.l(sqrt.o)
    0x0800a58c   0x0800a58c   0x00000064   Code   RO          621    i.tan               m_ws.l(tan.o)
    0x0800a5f0   0x0800a5f0   0x0000002c   Code   RO          818    locale$$code        c_w.l(lc_numeric_c.o)
    0x0800a61c   0x0800a61c   0x0000002c   Code   RO          900    locale$$code        c_w.l(lc_ctype_c.o)
    0x0800a648   0x0800a648   0x00000062   Code   RO          556    x$fpl$d2f           fz_ws.l(d2f.o)
    0x0800a6aa   0x0800a6aa   0x00000002   PAD
    0x0800a6ac   0x0800a6ac   0x00000150   Code   RO          558    x$fpl$dadd          fz_ws.l(daddsub_clz.o)
    0x0800a7fc   0x0800a7fc   0x00000010   Code   RO          820    x$fpl$dcheck1       fz_ws.l(dcheck1.o)
    0x0800a80c   0x0800a80c   0x00000018   Code   RO          822    x$fpl$dcmpinf       fz_ws.l(dcmpi.o)
    0x0800a824   0x0800a824   0x000002b0   Code   RO          565    x$fpl$ddiv          fz_ws.l(ddiv.o)
    0x0800aad4   0x0800aad4   0x00000078   Code   RO          824    x$fpl$deqf          fz_ws.l(deqf.o)
    0x0800ab4c   0x0800ab4c   0x0000005e   Code   RO          568    x$fpl$dfix          fz_ws.l(dfix.o)
    0x0800abaa   0x0800abaa   0x00000002   PAD
    0x0800abac   0x0800abac   0x0000005a   Code   RO          572    x$fpl$dfixu         fz_ws.l(dfixu.o)
    0x0800ac06   0x0800ac06   0x0000002e   Code   RO          577    x$fpl$dflt          fz_ws.l(dflt_clz.o)
    0x0800ac34   0x0800ac34   0x00000026   Code   RO          576    x$fpl$dfltu         fz_ws.l(dflt_clz.o)
    0x0800ac5a   0x0800ac5a   0x00000002   PAD
    0x0800ac5c   0x0800ac5c   0x00000154   Code   RO          582    x$fpl$dmul          fz_ws.l(dmul.o)
    0x0800adb0   0x0800adb0   0x0000009c   Code   RO          705    x$fpl$dnaninf       fz_ws.l(dnaninf.o)
    0x0800ae4c   0x0800ae4c   0x0000000c   Code   RO          707    x$fpl$dretinf       fz_ws.l(dretinf.o)
    0x0800ae58   0x0800ae58   0x00000016   Code   RO          559    x$fpl$drsb          fz_ws.l(daddsub_clz.o)
    0x0800ae6e   0x0800ae6e   0x00000002   PAD
    0x0800ae70   0x0800ae70   0x000001cc   Code   RO          709    x$fpl$dsqrt         fz_ws.l(dsqrt_noumaal.o)
    0x0800b03c   0x0800b03c   0x000001d4   Code   RO          560    x$fpl$dsub          fz_ws.l(daddsub_clz.o)
    0x0800b210   0x0800b210   0x00000056   Code   RO          584    x$fpl$f2d           fz_ws.l(f2d.o)
    0x0800b266   0x0800b266   0x00000002   PAD
    0x0800b268   0x0800b268   0x00000184   Code   RO          587    x$fpl$fdiv          fz_ws.l(fdiv.o)
    0x0800b3ec   0x0800b3ec   0x00000036   Code   RO          590    x$fpl$ffix          fz_ws.l(ffix.o)
    0x0800b422   0x0800b422   0x00000002   PAD
    0x0800b424   0x0800b424   0x00000030   Code   RO          595    x$fpl$fflt          fz_ws.l(fflt_clz.o)
    0x0800b454   0x0800b454   0x00000026   Code   RO          594    x$fpl$ffltu         fz_ws.l(fflt_clz.o)
    0x0800b47a   0x0800b47a   0x00000002   PAD
    0x0800b47c   0x0800b47c   0x00000102   Code   RO          600    x$fpl$fmul          fz_ws.l(fmul.o)
    0x0800b57e   0x0800b57e   0x0000008c   Code   RO          711    x$fpl$fnaninf       fz_ws.l(fnaninf.o)
    0x0800b60a   0x0800b60a   0x0000000a   Code   RO          713    x$fpl$fretinf       fz_ws.l(fretinf.o)
    0x0800b614   0x0800b614   0x00000004   Code   RO          602    x$fpl$printf1       fz_ws.l(printf1.o)
    0x0800b618   0x0800b618   0x00000064   Code   RO          895    x$fpl$retnan        fz_ws.l(retnan.o)
    0x0800b67c   0x0800b67c   0x0000005c   Code   RO          715    x$fpl$scalbn        fz_ws.l(scalbn.o)
    0x0800b6d8   0x0800b6d8   0x00000030   Code   RO          906    x$fpl$trapveneer    fz_ws.l(trapv.o)
    0x0800b708   0x0800b708   0x00000000   Code   RO          717    x$fpl$usenofp       fz_ws.l(usenofp.o)
    0x0800b708   0x0800b708   0x0000015c   Data   RO          226    .constdata          cortrol.o
    0x0800b864   0x0800b864   0x00000011   Data   RO          540    .constdata          c_w.l(__printf_flags_ss_wp.o)
    0x0800b875   0x0800b875   0x00000003   PAD
    0x0800b878   0x0800b878   0x00000008   Data   RO          652    .constdata          c_w.l(_printf_wctomb.o)
    0x0800b880   0x0800b880   0x00000028   Data   RO          681    .constdata          c_w.l(_printf_hex_int_ll_ptr.o)
    0x0800b8a8   0x0800b8a8   0x00000038   Data   RO          734    .constdata          m_ws.l(log.o)
    0x0800b8e0   0x0800b8e0   0x000000c8   Data   RO          744    .constdata          m_ws.l(rred.o)
    0x0800b9a8   0x0800b9a8   0x00000060   Data   RO          748    .constdata          m_ws.l(tan_i.o)
    0x0800ba08   0x0800ba08   0x00000094   Data   RO          787    .constdata          c_w.l(bigflt0.o)
    0x0800ba9c   0x0800ba9c   0x00000004   PAD
    0x0800baa0   0x0800baa0   0x00000008   Data   RO          832    .constdata          m_ws.l(qnan.o)
    0x0800baa8   0x0800baa8   0x00000047   Data   RO          227    .conststring        cortrol.o
    0x0800baef   0x0800baef   0x00000001   PAD
    0x0800baf0   0x0800baf0   0x00000020   Data   RO          977    Region$$Table       anon$$obj.o
    0x0800bb10   0x0800bb10   0x0000001c   Data   RO          817    locale$$data        c_w.l(lc_numeric_c.o)
    0x0800bb2c   0x0800bb2c   0x00000110   Data   RO          899    locale$$data        c_w.l(lc_ctype_c.o)


    Execution Region RW_IRAM1 (Exec base: 0x20000000, Load base: 0x0800bc3c, Size: 0x0000e650, Max: 0x00010000, ABSOLUTE, COMPRESSED[0x00000030])

    Exec Addr    Load Addr    Size         Type   Attr      Idx    E Section Name        Object

    0x20000000   COMPRESSED   0x00000006   Data   RW            4    .data               main.o
    0x20000006   COMPRESSED   0x00000002   PAD
    0x20000008   COMPRESSED   0x0000001c   Data   RW          116    .data               stm32f10x_it.o
    0x20000024   COMPRESSED   0x00000048   Data   RW          137    .data               ctrfile.o
    0x2000006c   COMPRESSED   0x00000001   Data   RW          171    .data               hmi_user_uart.o
    0x2000006d   COMPRESSED   0x00000001   PAD
    0x2000006e   COMPRESSED   0x00000004   Data   RW          211    .data               cmd_queue.o
    0x20000072   COMPRESSED   0x00000006   PAD
    0x20000078   COMPRESSED   0x000000bc   Data   RW          228    .data               cortrol.o
    0x20000134   COMPRESSED   0x00000004   Data   RW          229    .data               cortrol.o
    0x20000138   COMPRESSED   0x00000010   Data   RW          280    .data               ch375.o
    0x20000148   COMPRESSED   0x00000004   Data   RW          298    .data               delay.o
    0x2000014c   COMPRESSED   0x00000008   Data   RW          312    .data               deviceio.o
    0x20000154   COMPRESSED   0x00000010   Data   RW          349    .data               znfat.o
    0x20000164   COMPRESSED   0x00000014   Data   RW          392    .data               stm32f10x_rcc.o
    0x20000178   COMPRESSED   0x00000014   Data   RW          483    .data               system_stm32f10x_1.o
    0x2000018c        -       0x00000400   Zero   RW          170    .bss                hmi_user_uart.o
    0x2000058c        -       0x00000804   Zero   RW          210    .bss                cmd_queue.o
    0x20000d90        -       0x0000d060   Zero   RW          225    .bss                cortrol.o
    0x2000ddf0        -       0x00000200   Zero   RW          348    .bss                znfat.o
    0x2000dff0        -       0x00000060   Zero   RW          834    .bss                c_w.l(libspace.o)
    0x2000e050        -       0x00000200   Zero   RW          466    HEAP                startup_stm32f10x_hd.o
    0x2000e250        -       0x00000400   Zero   RW          465    STACK               startup_stm32f10x_hd.o


==============================================================================

Image component sizes


      Code (inc. data)   RO Data    RW Data    ZI Data      Debug   Object Name

       420         18          0          0          0       1204   ad9833.o
      1000         18          0         16          0       4729   ch375.o
       244          8          0          4       2052       2016   cmd_queue.o
      7272        826        419        192      53344      20111   cortrol.o
      1144         26          0         72          0       4512   ctrfile.o
       152         14          0          4          0       1039   delay.o
       248         14          0          8          0       2891   deviceio.o
      4048          0          0          0          0      20700   hmi_driver.o
       788         82          0          1       1024       3042   hmi_user_uart.o
      1500         56          0          6          0     283508   main.o
       184         12          0          0          0       2069   misc.o
        64         26        304          0       1536        908   startup_stm32f10x_hd.o
       904         24          0          0          0      11965   stm32f10x_adc.o
       488         10          0          0          0       4930   stm32f10x_dma.o
      1188         22          0          0          0       9206   stm32f10x_flash.o
       664         36          0          0          0       6357   stm32f10x_gpio.o
       476         34          0         28          0       3084   stm32f10x_it.o
       756         32          0         20          0       9508   stm32f10x_rcc.o
      3114         84          0          0          0      25244   stm32f10x_tim.o
       932         22          0          0          0       9316   stm32f10x_usart.o
         0          0          0          0          0         32   sys.o
       372         34          0         20          0       1915   system_stm32f10x_1.o
      6864         42          0         16        512      24209   znfat.o

    ----------------------------------------------------------------------
     32824       1440        756        396      58468     452495   Object Totals
         0          0         32          0          0          0   (incl. Generated)
         2          0          1          9          0          0   (incl. Padding)

    ----------------------------------------------------------------------

      Code (inc. data)   RO Data    RW Data    ZI Data      Debug   Library Member Name

        24          4          0          0          0         84   __2printf.o
        44          6          0          0          0         84   __2sprintf.o
        90          0          0          0          0          0   __dczerorl2.o
         8          0          0          0          0         68   __main.o
       392          4         17          0          0         92   __printf_flags_ss_wp.o
        14          0          0          0          0         68   __printf_wp.o
         0          0          0          0          0          0   __rtentry.o
        12          0          0          0          0          0   __rtentry2.o
         6          0          0          0          0          0   __rtentry4.o
        52          8          0          0          0          0   __scatter.o
        28          0          0          0          0          0   __scatter_zi.o
         6          0          0          0          0          0   _printf_a.o
         6          0          0          0          0          0   _printf_c.o
        44          0          0          0          0        108   _printf_char.o
        48          6          0          0          0         96   _printf_char_common.o
        36          4          0          0          0         80   _printf_char_file.o
        40          0          0          0          0         68   _printf_charcount.o
         6          0          0          0          0          0   _printf_d.o
       120         16          0          0          0         92   _printf_dec.o
         6          0          0          0          0          0   _printf_e.o
         6          0          0          0          0          0   _printf_f.o
      1054          0          0          0          0        216   _printf_fp_dec.o
       128         16          0          0          0         84   _printf_fp_infnan.o
         6          0          0          0          0          0   _printf_g.o
       148          4         40          0          0        160   _printf_hex_int_ll_ptr.o
         6          0          0          0          0          0   _printf_i.o
       178          0          0          0          0         88   _printf_intcommon.o
        10          0          0          0          0          0   _printf_l.o
         6          0          0          0          0          0   _printf_lc.o
        10          0          0          0          0          0   _printf_ll.o
         6          0          0          0          0          0   _printf_lld.o
         6          0          0          0          0          0   _printf_lli.o
         6          0          0          0          0          0   _printf_llo.o
         6          0          0          0          0          0   _printf_llu.o
         6          0          0          0          0          0   _printf_llx.o
       124         16          0          0          0         92   _printf_longlong_dec.o
         6          0          0          0          0          0   _printf_ls.o
         6          0          0          0          0          0   _printf_n.o
         6          0          0          0          0          0   _printf_o.o
       112         10          0          0          0        124   _printf_oct_int_ll.o
         6          0          0          0          0          0   _printf_p.o
        78          0          0          0          0        108   _printf_pad.o
         0          0          0          0          0          0   _printf_percent.o
         4          0          0          0          0          0   _printf_percent_end.o
         6          0          0          0          0          0   _printf_s.o
        82          0          0          0          0         80   _printf_str.o
        36          0          0          0          0         84   _printf_truncate.o
         6          0          0          0          0          0   _printf_u.o
        44          0          0          0          0        108   _printf_wchar.o
       188          6          8          0          0         92   _printf_wctomb.o
         6          0          0          0          0          0   _printf_x.o
        22          0          0          0          0        100   _rserrno.o
        16          0          0          0          0         68   _snputc.o
        10          0          0          0          0         68   _sputc.o
        64          0          0          0          0         92   _wcrtomb.o
       228          4        148          0          0         96   bigflt0.o
      1936        128          0          0          0        672   btod.o
        52          4          0          0          0         80   c89vsnprintf.o
        18          0          0          0          0         80   exit.o
         8          0          0          0          0         68   ferror.o
         6          0          0          0          0        152   heapauxi.o
        44         10        272          0          0         76   lc_ctype_c.o
        44         10         28          0          0         76   lc_numeric_c.o
         2          0          0          0          0          0   libinit.o
        30          0          0          0          0          0   libinit2.o
         2          0          0          0          0          0   libshutdown.o
         2          0          0          0          0          0   libshutdown2.o
         8          4          0          0         96         68   libspace.o
       138          0          0          0          0         80   lludiv10.o
        16          4          0          0          0         76   rt_ctype_table.o
         8          4          0          0          0         68   rt_errno_addr_intlibspace.o
         8          4          0          0          0         68   rt_locale_intlibspace.o
        78          0          0          0          0         80   rt_memclr_w.o
       100          0          0          0          0         80   rt_memcpy_w.o
         2          0          0          0          0          0   rtexit.o
        10          0          0          0          0          0   rtexit2.o
        24          0          0          0          0         68   strcat.o
       128          0          0          0          0         68   strcmpv7m.o
        74          0          0          0          0         80   sys_stackheap_outer.o
         2          0          0          0          0         68   use_no_semi.o
         2          0          0          0          0         68   use_no_semi_2.o
        98          4          0          0          0         92   d2f.o
       826         16          0          0          0        348   daddsub_clz.o
        16          4          0          0          0         68   dcheck1.o
        24          0          0          0          0         68   dcmpi.o
       688        140          0          0          0        208   ddiv.o
       120          4          0          0          0         92   deqf.o
        94          4          0          0          0         92   dfix.o
        90          4          0          0          0         92   dfixu.o
        84          0          0          0          0        136   dflt_clz.o
       340         12          0          0          0        104   dmul.o
       156          4          0          0          0         92   dnaninf.o
        12          0          0          0          0         68   dretinf.o
       460         56          0          0          0        120   dsqrt_noumaal.o
        86          4          0          0          0         84   f2d.o
       388         76          0          0          0         96   fdiv.o
        54          4          0          0          0         84   ffix.o
        86          0          0          0          0        136   fflt_clz.o
       258          4          0          0          0         84   fmul.o
       140          4          0          0          0         84   fnaninf.o
        10          0          0          0          0         68   fretinf.o
         4          0          0          0          0         68   printf1.o
       100          0          0          0          0         68   retnan.o
        92          0          0          0          0         68   scalbn.o
        48          0          0          0          0         68   trapv.o
         0          0          0          0          0          0   usenofp.o
        50         10          0          0          0        272   dunder.o
        40          0          0          0          0         68   fpclassify.o
       860         52         56          0          0        256   log.o
       228         30          0          0          0        120   log10.o
       170          0          0          0          0         96   poly.o
         0          0          8          0          0          0   qnan.o
       904         76        200          0          0        140   rred.o
        76          0          0          0          0         84   sqrt.o
       100         10          0          0          0         96   tan.o
       636         50         96          0          0        168   tan_i.o

    ----------------------------------------------------------------------
     13728        840        880          0         96       8364   Library Totals
        34          0          7          0          0          0   (incl. Padding)

    ----------------------------------------------------------------------

      Code (inc. data)   RO Data    RW Data    ZI Data      Debug   Library Name

      6356        272        513          0         96       4576   c_w.l
      4274        340          0          0          0       2488   fz_ws.l
      3064        228        360          0          0       1300   m_ws.l

    ----------------------------------------------------------------------
     13728        840        880          0         96       8364   Library Totals

    ----------------------------------------------------------------------

==============================================================================


      Code (inc. data)   RO Data    RW Data    ZI Data      Debug   

     46552       2280       1636        396      58564     453627   Grand Totals
     46552       2280       1636         48      58564     453627   ELF Image Totals (compressed)
     46552       2280       1636         48          0          0   ROM Totals

==============================================================================

    Total RO  Size (Code + RO Data)                48188 (  47.06kB)
    Total RW  Size (RW Data + ZI Data)             58960 (  57.58kB)
    Total ROM Size (Code + RO Data + RW Data)      48236 (  47.11kB)

==============================================================================

