Component: ARM Compiler 5.06 update 5 (build 528) Tool: armlink [4d35e2]

==============================================================================

Section Cross References

    main.o(.text) refers to stm32f10x_rcc.o(.text) for RCC_DeInit
    main.o(.text) refers to stm32f10x_flash.o(.text) for FLASH_PrefetchBufferCmd
    main.o(.text) refers to stm32f10x_gpio.o(.text) for GPIO_Init
    main.o(.text) refers to stm32f10x_usart.o(.text) for USART_DeInit
    main.o(.text) refers to stm32f10x_dma.o(.text) for DMA_DeInit
    main.o(.text) refers to stm32f10x_adc.o(.text) for ADC_Init
    main.o(.text) refers to misc.o(.text) for NVIC_SetVectorTable
    main.o(.text) refers to stm32f10x_tim.o(.text) for TIM_DeInit
    main.o(.text) refers to main.o(.data) for .data
    main.o(.text) refers to ad9833.o(.text) for AD9833_Init
    main.o(.text) refers to cmd_queue.o(.text) for queue_reset
    main.o(.text) refers to hmi_driver.o(.text) for SetDeviceReset
    main.o(.text) refers to ctrfile.o(.text) for iniuserctr
    main.o(.text) refers to hmi_user_uart.o(.text) for Message_Deal
    main.o(.text) refers to ctrfile.o(.data) for Ok_Control_Flag
    main.o(.text) refers to hmi_user_uart.o(.bss) for cmd_buffer
    stm32f10x_it.o(.text) refers to stm32f10x_tim.o(.text) for TIM_GetITStatus
    stm32f10x_it.o(.text) refers to dflt_clz.o(x$fpl$dfltu) for __aeabi_ui2d
    stm32f10x_it.o(.text) refers to ddiv.o(x$fpl$ddiv) for __aeabi_ddiv
    stm32f10x_it.o(.text) refers to dflt_clz.o(x$fpl$dflt) for __aeabi_i2d
    stm32f10x_it.o(.text) refers to dmul.o(x$fpl$dmul) for __aeabi_dmul
    stm32f10x_it.o(.text) refers to dfix.o(x$fpl$dfix) for __aeabi_d2iz
    stm32f10x_it.o(.text) refers to stm32f10x_usart.o(.text) for USART_GetITStatus
    stm32f10x_it.o(.text) refers to cmd_queue.o(.text) for queue_push
    stm32f10x_it.o(.text) refers to stm32f10x_it.o(.data) for .data
    stm32f10x_it.o(.text) refers to cortrol.o(.data) for Current_Fre
    ctrfile.o(.text) refers to hmi_driver.o(.text) for SetTextValue
    ctrfile.o(.text) refers to main.o(.text) for Delayus
    ctrfile.o(.text) refers to ctrfile.o(.data) for .data
    hmi_driver.o(.text) refers to hmi_user_uart.o(.text) for SendChar
    hmi_user_uart.o(.text) refers to _printf_pad.o(.text) for _printf_pre_padding
    hmi_user_uart.o(.text) refers to _printf_percent.o(.ARM.Collect$$_printf_percent$$00000000) for _printf_percent
    hmi_user_uart.o(.text) refers to _printf_f.o(.ARM.Collect$$_printf_percent$$00000003) for _printf_f
    hmi_user_uart.o(.text) refers to printf1.o(x$fpl$printf1) for _printf_fp_dec
    hmi_user_uart.o(.text) refers to stm32f10x_usart.o(.text) for USART_SendData
    hmi_user_uart.o(.text) refers to ctrfile.o(.text) for OnRecvText
    hmi_user_uart.o(.text) refers to hmi_driver.o(.text) for AnimationStop
    hmi_user_uart.o(.text) refers to stm32f10x_gpio.o(.text) for GPIO_ResetBits
    hmi_user_uart.o(.text) refers to dflt_clz.o(x$fpl$dfltu) for __aeabi_ui2d
    hmi_user_uart.o(.text) refers to __2sprintf.o(.text) for __2sprintf
    hmi_user_uart.o(.text) refers to cortrol.o(.text) for PhaseLock
    hmi_user_uart.o(.text) refers to main.o(.text) for Delayus
    hmi_user_uart.o(.text) refers to cmd_queue.o(.text) for queue_reset
    hmi_user_uart.o(.text) refers to hmi_user_uart.o(.bss) for .bss
    hmi_user_uart.o(.text) refers to ctrfile.o(.data) for Ok_Control_Flag
    hmi_user_uart.o(.text) refers to hmi_user_uart.o(.data) for .data
    ad9833.o(.text) refers to stm32f10x_gpio.o(.text) for GPIO_SetBits
    ad9833.o(.text) refers to fflt_clz.o(x$fpl$ffltu) for __aeabi_ui2f
    ad9833.o(.text) refers to f2d.o(x$fpl$f2d) for __aeabi_f2d
    ad9833.o(.text) refers to dmul.o(x$fpl$dmul) for __aeabi_dmul
    ad9833.o(.text) refers to daddsub_clz.o(x$fpl$dadd) for __aeabi_dadd
    ad9833.o(.text) refers to dfixu.o(x$fpl$dfixu) for __aeabi_d2uiz
    cmd_queue.o(.text) refers to cmd_queue.o(.bss) for .bss
    cmd_queue.o(.text) refers to cmd_queue.o(.data) for .data
    cortrol.o(.text) refers (Special) to use_no_semi_2.o(.text) for __use_no_semihosting
    cortrol.o(.text) refers to _printf_pad.o(.text) for _printf_pre_padding
    cortrol.o(.text) refers to _printf_percent.o(.ARM.Collect$$_printf_percent$$00000000) for _printf_percent
    cortrol.o(.text) refers to _printf_x.o(.ARM.Collect$$_printf_percent$$0000000C) for _printf_x
    cortrol.o(.text) refers to _printf_hex_int_ll_ptr.o(.text) for _printf_longlong_hex
    cortrol.o(.text) refers to _printf_d.o(.ARM.Collect$$_printf_percent$$00000009) for _printf_d
    cortrol.o(.text) refers to _printf_dec.o(.text) for _printf_int_dec
    cortrol.o(.text) refers to _printf_f.o(.ARM.Collect$$_printf_percent$$00000003) for _printf_f
    cortrol.o(.text) refers to printf1.o(x$fpl$printf1) for _printf_fp_dec
    cortrol.o(.text) refers to __2printf.o(.text) for __2printf
    cortrol.o(.text) refers to rt_memcpy_w.o(.text) for __aeabi_memcpy4
[...]
    TIM_SetIC4Prescaler                      0x080056b1   Thumb Code    24  stm32f10x_tim.o(.text)
    TIM_SetIC3Prescaler                      0x0800572f   Thumb Code    16  stm32f10x_tim.o(.text)
    TIM_SetIC2Prescaler                      0x080057a1   Thumb Code    24  stm32f10x_tim.o(.text)
    TIM_SetIC1Prescaler                      0x0800581f   Thumb Code    16  stm32f10x_tim.o(.text)
    TIM_ICInit                               0x0800588d   Thumb Code   114  stm32f10x_tim.o(.text)
    TIM_PWMIConfig                           0x080058ff   Thumb Code   106  stm32f10x_tim.o(.text)
    TIM_BDTRConfig                           0x08005969   Thumb Code    34  stm32f10x_tim.o(.text)
    TIM_TimeBaseStructInit                   0x0800598b   Thumb Code    18  stm32f10x_tim.o(.text)
    TIM_OCStructInit                         0x0800599d   Thumb Code    20  stm32f10x_tim.o(.text)
    TIM_ICStructInit                         0x080059b1   Thumb Code    16  stm32f10x_tim.o(.text)
    TIM_BDTRStructInit                       0x080059c1   Thumb Code    18  stm32f10x_tim.o(.text)
    TIM_Cmd                                  0x080059d3   Thumb Code    24  stm32f10x_tim.o(.text)
    TIM_CtrlPWMOutputs                       0x080059eb   Thumb Code    28  stm32f10x_tim.o(.text)
    TIM_ITConfig                             0x08005a07   Thumb Code    20  stm32f10x_tim.o(.text)
    TIM_GenerateEvent                        0x08005a1b   Thumb Code     4  stm32f10x_tim.o(.text)
    TIM_DMAConfig                            0x08005a1f   Thumb Code     8  stm32f10x_tim.o(.text)
    TIM_DMACmd                               0x08005a27   Thumb Code    20  stm32f10x_tim.o(.text)
    TIM_InternalClockConfig                  0x08005a3b   Thumb Code    10  stm32f10x_tim.o(.text)
    TIM_SelectInputTrigger                   0x08005a45   Thumb Code    12  stm32f10x_tim.o(.text)
    TIM_ITRxExternalClockConfig              0x08005a51   Thumb Code    20  stm32f10x_tim.o(.text)
    TIM_TIxExternalClockConfig               0x08005a65   Thumb Code    48  stm32f10x_tim.o(.text)
    TIM_ETRConfig                            0x08005a95   Thumb Code    24  stm32f10x_tim.o(.text)
    TIM_ETRClockMode1Config                  0x08005aad   Thumb Code    52  stm32f10x_tim.o(.text)
    TIM_ETRClockMode2Config                  0x08005ae1   Thumb Code    20  stm32f10x_tim.o(.text)
    TIM_PrescalerConfig                      0x08005af5   Thumb Code     6  stm32f10x_tim.o(.text)
    TIM_CounterModeConfig                    0x08005afb   Thumb Code    12  stm32f10x_tim.o(.text)
    TIM_EncoderInterfaceConfig               0x08005b07   Thumb Code    50  stm32f10x_tim.o(.text)
    TIM_ForcedOC1Config                      0x08005b39   Thumb Code    12  stm32f10x_tim.o(.text)
    TIM_ForcedOC2Config                      0x08005b45   Thumb Code    20  stm32f10x_tim.o(.text)
    TIM_ForcedOC3Config                      0x08005b59   Thumb Code    12  stm32f10x_tim.o(.text)
    TIM_ForcedOC4Config                      0x08005b65   Thumb Code    20  stm32f10x_tim.o(.text)
    TIM_ARRPreloadConfig                     0x08005b79   Thumb Code    24  stm32f10x_tim.o(.text)
    TIM_SelectCOM                            0x08005b91   Thumb Code    24  stm32f10x_tim.o(.text)
    TIM_SelectCCDMA                          0x08005ba9   Thumb Code    24  stm32f10x_tim.o(.text)
    TIM_CCPreloadControl                     0x08005bc1   Thumb Code    24  stm32f10x_tim.o(.text)
    TIM_OC1PreloadConfig                     0x08005bd9   Thumb Code    12  stm32f10x_tim.o(.text)
    TIM_OC2PreloadConfig                     0x08005be5   Thumb Code    20  stm32f10x_tim.o(.text)
    TIM_OC3PreloadConfig                     0x08005bf9   Thumb Code    12  stm32f10x_tim.o(.text)
    TIM_OC4PreloadConfig                     0x08005c05   Thumb Code    20  stm32f10x_tim.o(.text)
    TIM_OC1FastConfig                        0x08005c19   Thumb Code    12  stm32f10x_tim.o(.text)
    TIM_OC2FastConfig                        0x08005c25   Thumb Code    20  stm32f10x_tim.o(.text)
    TIM_OC3FastConfig                        0x08005c39   Thumb Code    12  stm32f10x_tim.o(.text)
    TIM_OC4FastConfig                        0x08005c45   Thumb Code    20  stm32f10x_tim.o(.text)
    TIM_ClearOC1Ref                          0x08005c59   Thumb Code    12  stm32f10x_tim.o(.text)
    TIM_ClearOC2Ref                          0x08005c65   Thumb Code    20  stm32f10x_tim.o(.text)
    TIM_ClearOC3Ref                          0x08005c79   Thumb Code    12  stm32f10x_tim.o(.text)
    TIM_ClearOC4Ref                          0x08005c85   Thumb Code    20  stm32f10x_tim.o(.text)
    TIM_OC1PolarityConfig                    0x08005c99   Thumb Code    12  stm32f10x_tim.o(.text)
    TIM_OC1NPolarityConfig                   0x08005ca5   Thumb Code    12  stm32f10x_tim.o(.text)
    TIM_OC2PolarityConfig                    0x08005cb1   Thumb Code    20  stm32f10x_tim.o(.text)
    TIM_OC2NPolarityConfig                   0x08005cc5   Thumb Code    20  stm32f10x_tim.o(.text)
    TIM_OC3PolarityConfig                    0x08005cd9   Thumb Code    20  stm32f10x_tim.o(.text)
    TIM_OC3NPolarityConfig                   0x08005ced   Thumb Code    20  stm32f10x_tim.o(.text)
    TIM_OC4PolarityConfig                    0x08005d01   Thumb Code    20  stm32f10x_tim.o(.text)
    TIM_CCxCmd                               0x08005d15   Thumb Code    22  stm32f10x_tim.o(.text)
    TIM_CCxNCmd                              0x08005d2b   Thumb Code    22  stm32f10x_tim.o(.text)
    TIM_SelectOCxM                           0x08005d41   Thumb Code    76  stm32f10x_tim.o(.text)
    TIM_UpdateDisableConfig                  0x08005d8d   Thumb Code    24  stm32f10x_tim.o(.text)
    TIM_UpdateRequestConfig                  0x08005da5   Thumb Code    24  stm32f10x_tim.o(.text)
    TIM_SelectHallSensor                     0x08005dbd   Thumb Code    24  stm32f10x_tim.o(.text)
    TIM_SelectOnePulseMode                   0x08005dd5   Thumb Code    16  stm32f10x_tim.o(.text)
    TIM_SelectOutputTrigger                  0x08005de5   Thumb Code    16  stm32f10x_tim.o(.text)
    TIM_SelectSlaveMode                      0x08005df5   Thumb Code    16  stm32f10x_tim.o(.text)
    TIM_SelectMasterSlaveMode                0x08005e05   Thumb Code    16  stm32f10x_tim.o(.text)
    TIM_SetCounter                           0x08005e15   Thumb Code     4  stm32f10x_tim.o(.text)
    TIM_SetAutoreload                        0x08005e19   Thumb Code     4  stm32f10x_tim.o(.text)
    TIM_SetCompare1                          0x08005e1d   Thumb Code     4  stm32f10x_tim.o(.text)
    TIM_SetCompare2                          0x08005e21   Thumb Code     4  stm32f10x_tim.o(.text)
    TIM_SetCompare3                          0x08005e25   Thumb Code     4  stm32f10x_tim.o(.text)
    TIM_SetCompare4                          0x08005e29   Thumb Code     6  stm32f10x_tim.o(.text)
    TIM_SetClockDivision                     0x08005e2f   Thumb Code    16  stm32f10x_tim.o(.text)
    TIM_GetCapture1                          0x08005e3f   Thumb Code     4  stm32f10x_tim.o(.text)
    TIM_GetCapture2                          0x08005e43   Thumb Code     4  stm32f10x_tim.o(.text)
    TIM_GetCapture3                          0x08005e47   Thumb Code     4  stm32f10x_tim.o(.text)
    TIM_GetCapture4                          0x08005e4b   Thumb Code     6  stm32f10x_tim.o(.text)
    TIM_GetCounter                           0x08005e51   Thumb Code     4  stm32f10x_tim.o(.text)
    TIM_GetPrescaler                         0x08005e55   Thumb Code     4  stm32f10x_tim.o(.text)
    TIM_GetFlagStatus                        0x08005e59   Thumb Code    14  stm32f10x_tim.o(.text)
    TIM_ClearFlag                            0x08005e67   Thumb Code     6  stm32f10x_tim.o(.text)
    TIM_GetITStatus                          0x08005e6d   Thumb Code    24  stm32f10x_tim.o(.text)
    TIM_ClearITPendingBit                    0x08005e85   Thumb Code     6  stm32f10x_tim.o(.text)
    ADC_DeInit                               0x08005e8d   Thumb Code    88  stm32f10x_adc.o(.text)
    ADC_Init                                 0x08005ee5   Thumb Code    62  stm32f10x_adc.o(.text)
    ADC_StructInit                           0x08005f23   Thumb Code    18  stm32f10x_adc.o(.text)
    ADC_Cmd                                  0x08005f35   Thumb Code    24  stm32f10x_adc.o(.text)
    ADC_DMACmd                               0x08005f4d   Thumb Code    24  stm32f10x_adc.o(.text)
    ADC_ITConfig                             0x08005f65   Thumb Code    22  stm32f10x_adc.o(.text)
    ADC_ResetCalibration                     0x08005f7b   Thumb Code    10  stm32f10x_adc.o(.text)
    ADC_GetResetCalibrationStatus            0x08005f85   Thumb Code    14  stm32f10x_adc.o(.text)
    ADC_StartCalibration                     0x08005f93   Thumb Code    10  stm32f10x_adc.o(.text)
    ADC_GetCalibrationStatus                 0x08005f9d   Thumb Code    14  stm32f10x_adc.o(.text)
    ADC_SoftwareStartConvCmd                 0x08005fab   Thumb Code    24  stm32f10x_adc.o(.text)
    ADC_GetSoftwareStartConvStatus           0x08005fc3   Thumb Code    14  stm32f10x_adc.o(.text)
    ADC_DiscModeChannelCountConfig           0x08005fd1   Thumb Code    16  stm32f10x_adc.o(.text)
    ADC_DiscModeCmd                          0x08005fe1   Thumb Code    24  stm32f10x_adc.o(.text)
    ADC_RegularChannelConfig                 0x08005ff9   Thumb Code   116  stm32f10x_adc.o(.text)
    ADC_ExternalTrigConvCmd                  0x0800606d   Thumb Code    24  stm32f10x_adc.o(.text)
    ADC_GetConversionValue                   0x08006085   Thumb Code     6  stm32f10x_adc.o(.text)
    ADC_GetDualModeConversionValue           0x0800608b   Thumb Code     8  stm32f10x_adc.o(.text)
    ADC_AutoInjectedConvCmd                  0x08006093   Thumb Code    24  stm32f10x_adc.o(.text)
    ADC_InjectedDiscModeCmd                  0x080060ab   Thumb Code    24  stm32f10x_adc.o(.text)
    ADC_ExternalTrigInjectedConvConfig       0x080060c3   Thumb Code    12  stm32f10x_adc.o(.text)
    ADC_ExternalTrigInjectedConvCmd          0x080060cf   Thumb Code    24  stm32f10x_adc.o(.text)
    ADC_SoftwareStartInjectedConvCmd         0x080060e7   Thumb Code    24  stm32f10x_adc.o(.text)
    ADC_GetSoftwareStartInjectedConvCmdStatus 0x080060ff   Thumb Code    14  stm32f10x_adc.o(.text)
    ADC_InjectedChannelConfig                0x0800610d   Thumb Code    74  stm32f10x_adc.o(.text)
    ADC_InjectedSequencerLengthConfig        0x08006157   Thumb Code    16  stm32f10x_adc.o(.text)
    ADC_SetInjectedOffset                    0x08006167   Thumb Code    16  stm32f10x_adc.o(.text)
    ADC_GetInjectedConversionValue           0x08006177   Thumb Code    20  stm32f10x_adc.o(.text)
    ADC_AnalogWatchdogCmd                    0x0800618b   Thumb Code    12  stm32f10x_adc.o(.text)
    ADC_AnalogWatchdogThresholdsConfig       0x08006197   Thumb Code     6  stm32f10x_adc.o(.text)
    ADC_AnalogWatchdogSingleChannelConfig    0x0800619d   Thumb Code    12  stm32f10x_adc.o(.text)
    ADC_TempSensorVrefintCmd                 0x080061a9   Thumb Code    28  stm32f10x_adc.o(.text)
    ADC_GetFlagStatus                        0x080061c5   Thumb Code    14  stm32f10x_adc.o(.text)
    ADC_ClearFlag                            0x080061d3   Thumb Code     6  stm32f10x_adc.o(.text)
    ADC_GetITStatus                          0x080061d9   Thumb Code    28  stm32f10x_adc.o(.text)
    ADC_ClearITPendingBit                    0x080061f5   Thumb Code     8  stm32f10x_adc.o(.text)
    DMA_DeInit                               0x08006215   Thumb Code   238  stm32f10x_dma.o(.text)
    DMA_Init                                 0x08006303   Thumb Code    58  stm32f10x_dma.o(.text)
    DMA_StructInit                           0x0800633d   Thumb Code    26  stm32f10x_dma.o(.text)
    DMA_Cmd                                  0x08006357   Thumb Code    26  stm32f10x_dma.o(.text)
    DMA_ITConfig                             0x08006371   Thumb Code    20  stm32f10x_dma.o(.text)
    DMA_SetCurrDataCounter                   0x08006385   Thumb Code     4  stm32f10x_dma.o(.text)
    DMA_GetCurrDataCounter                   0x08006389   Thumb Code     6  stm32f10x_dma.o(.text)
    DMA_GetFlagStatus                        0x0800638f   Thumb Code    30  stm32f10x_dma.o(.text)
    DMA_ClearFlag                            0x080063ad   Thumb Code    20  stm32f10x_dma.o(.text)
    DMA_GetITStatus                          0x080063c1   Thumb Code    30  stm32f10x_dma.o(.text)
    DMA_ClearITPendingBit                    0x080063df   Thumb Code    20  stm32f10x_dma.o(.text)
    FLASH_SetLatency                         0x080063fd   Thumb Code    14  stm32f10x_flash.o(.text)
    FLASH_HalfCycleAccessCmd                 0x0800640b   Thumb Code    18  stm32f10x_flash.o(.text)
    FLASH_PrefetchBufferCmd                  0x0800641d   Thumb Code    18  stm32f10x_flash.o(.text)
    FLASH_Unlock                             0x0800642f   Thumb Code    12  stm32f10x_flash.o(.text)
    FLASH_UnlockBank1                        0x0800643b   Thumb Code    12  stm32f10x_flash.o(.text)
    FLASH_Lock                               0x08006447   Thumb Code    12  stm32f10x_flash.o(.text)
    FLASH_LockBank1                          0x08006453   Thumb Code    12  stm32f10x_flash.o(.text)
    FLASH_GetBank1Status                     0x0800645f   Thumb Code    34  stm32f10x_flash.o(.text)
    FLASH_WaitForLastOperation               0x08006481   Thumb Code    32  stm32f10x_flash.o(.text)
    FLASH_ErasePage                          0x080064a1   Thumb Code    56  stm32f10x_flash.o(.text)
    FLASH_EraseAllPages                      0x080064d9   Thumb Code    52  stm32f10x_flash.o(.text)
    FLASH_WaitForLastBank1Operation          0x0800650d   Thumb Code    32  stm32f10x_flash.o(.text)
    FLASH_EraseAllBank1Pages                 0x0800652d   Thumb Code    52  stm32f10x_flash.o(.text)
    FLASH_GetReadOutProtectionStatus         0x08006561   Thumb Code    14  stm32f10x_flash.o(.text)
    FLASH_EraseOptionBytes                   0x0800656f   Thumb Code   120  stm32f10x_flash.o(.text)
    FLASH_ProgramWord                        0x080065e7   Thumb Code    86  stm32f10x_flash.o(.text)
    FLASH_ProgramHalfWord                    0x0800663d   Thumb Code    48  stm32f10x_flash.o(.text)
    FLASH_ProgramOptionByteData              0x0800666d   Thumb Code    62  stm32f10x_flash.o(.text)
    FLASH_EnableWriteProtection              0x080066ab   Thumb Code   158  stm32f10x_flash.o(.text)
    FLASH_ReadOutProtection                  0x08006749   Thumb Code   120  stm32f10x_flash.o(.text)
    FLASH_UserOptionByteConfig               0x080067c1   Thumb Code    98  stm32f10x_flash.o(.text)
    FLASH_GetUserOptionByte                  0x08006823   Thumb Code     8  stm32f10x_flash.o(.text)
    FLASH_GetWriteProtectionOptionByte       0x0800682b   Thumb Code     6  stm32f10x_flash.o(.text)
    FLASH_GetPrefetchBufferStatus            0x08006831   Thumb Code    14  stm32f10x_flash.o(.text)
    FLASH_ITConfig                           0x0800683f   Thumb Code    22  stm32f10x_flash.o(.text)
    FLASH_GetFlagStatus                      0x08006855   Thumb Code    30  stm32f10x_flash.o(.text)
    FLASH_ClearFlag                          0x08006873   Thumb Code     6  stm32f10x_flash.o(.text)
    FLASH_GetStatus                          0x08006879   Thumb Code    34  stm32f10x_flash.o(.text)
    Reset_Handler                            0x080068a1   Thumb Code     8  startup_stm32f10x_hd.o(.text)
    ADC1_2_IRQHandler                        0x080068bb   Thumb Code     0  startup_stm32f10x_hd.o(.text)
    ADC3_IRQHandler                          0x080068bb   Thumb Code     0  startup_stm32f10x_hd.o(.text)
    CAN1_RX1_IRQHandler                      0x080068bb   Thumb Code     0  startup_stm32f10x_hd.o(.text)
    CAN1_SCE_IRQHandler                      0x080068bb   Thumb Code     0  startup_stm32f10x_hd.o(.text)
    DMA1_Channel1_IRQHandler                 0x080068bb   Thumb Code     0  startup_stm32f10x_hd.o(.text)
    DMA1_Channel2_IRQHandler                 0x080068bb   Thumb Code     0  startup_stm32f10x_hd.o(.text)
    DMA1_Channel3_IRQHandler                 0x080068bb   Thumb Code     0  startup_stm32f10x_hd.o(.text)
    DMA1_Channel4_IRQHandler                 0x080068bb   Thumb Code     0  startup_stm32f10x_hd.o(.text)
    DMA1_Channel5_IRQHandler                 0x080068bb   Thumb Code     0  startup_stm32f10x_hd.o(.text)
    DMA1_Channel6_IRQHandler                 0x080068bb   Thumb Code     0  startup_stm32f10x_hd.o(.text)
    DMA1_Channel7_IRQHandler                 0x080068bb   Thumb Code     0  startup_stm32f10x_hd.o(.text)
    DMA2_Channel1_IRQHandler                 0x080068bb   Thumb Code     0  startup_stm32f10x_hd.o(.text)
    DMA2_Channel2_IRQHandler                 0x080068bb   Thumb Code     0  startup_stm32f10x_hd.o(.text)
    DMA2_Channel3_IRQHandler                 0x080068bb   Thumb Code     0  startup_stm32f10x_hd.o(.text)
    DMA2_Channel4_5_IRQHandler               0x080068bb   Thumb Code     0  startup_stm32f10x_hd.o(.text)
    EXTI0_IRQHandler                         0x080068bb   Thumb Code     0  startup_stm32f10x_hd.o(.text)
    EXTI15_10_IRQHandler                     0x080068bb   Thumb Code     0  startup_stm32f10x_hd.o(.text)
    EXTI1_IRQHandler                         0x080068bb   Thumb Code     0  startup_stm32f10x_hd.o(.text)
    EXTI2_IRQHandler                         0x080068bb   Thumb Code     0  startup_stm32f10x_hd.o(.text)
    EXTI3_IRQHandler                         0x080068bb   Thumb Code     0  startup_stm32f10x_hd.o(.text)
    EXTI4_IRQHandler                         0x080068bb   Thumb Code     0  startup_stm32f10x_hd.o(.text)
    EXTI9_5_IRQHandler                       0x080068bb   Thumb Code     0  startup_stm32f10x_hd.o(.text)
    FLASH_IRQHandler                         0x080068bb   Thumb Code     0  startup_stm32f10x_hd.o(.text)
    FSMC_IRQHandler                          0x080068bb   Thumb Code     0  startup_stm32f10x_hd.o(.text)
    I2C1_ER_IRQHandler                       0x080068bb   Thumb Code     0  startup_stm32f10x_hd.o(.text)
    I2C1_EV_IRQHandler                       0x080068bb   Thumb Code     0  startup_stm32f10x_hd.o(.text)
    I2C2_ER_IRQHandler                       0x080068bb   Thumb Code     0  startup_stm32f10x_hd.o(.text)
    I2C2_EV_IRQHandler                       0x080068bb   Thumb Code     0  startup_stm32f10x_hd.o(.text)
    PVD_IRQHandler                           0x080068bb   Thumb Code     0  startup_stm32f10x_hd.o(.text)
    RCC_IRQHandler                           0x080068bb   Thumb Code     0  startup_stm32f10x_hd.o(.text)
    RTCAlarm_IRQHandler                      0x080068bb   Thumb Code     0  startup_stm32f10x_hd.o(.text)
    RTC_IRQHandler                           0x080068bb   Thumb Code     0  startup_stm32f10x_hd.o(.text)
    SDIO_IRQHandler                          0x080068bb   Thumb Code     0  startup_stm32f10x_hd.o(.text)
    SPI1_IRQHandler                          0x080068bb   Thumb Code     0  startup_stm32f10x_hd.o(.text)
    SPI2_IRQHandler                          0x080068bb   Thumb Code     0  startup_stm32f10x_hd.o(.text)
    SPI3_IRQHandler                          0x080068bb   Thumb Code     0  startup_stm32f10x_hd.o(.text)
    TAMPER_IRQHandler                        0x080068bb   Thumb Code     0  startup_stm32f10x_hd.o(.text)
    TIM1_BRK_IRQHandler                      0x080068bb   Thumb Code     0  startup_stm32f10x_hd.o(.text)
    TIM1_CC_IRQHandler                       0x080068bb   Thumb Code     0  startup_stm32f10x_hd.o(.text)
    TIM1_TRG_COM_IRQHandler                  0x080068bb   Thumb Code     0  startup_stm32f10x_hd.o(.text)
    TIM1_UP_IRQHandler                       0x080068bb   Thumb Code     0  startup_stm32f10x_hd.o(.text)
    TIM5_IRQHandler                          0x080068bb   Thumb Code     0  startup_stm32f10x_hd.o(.text)
    TIM6_IRQHandler                          0x080068bb   Thumb Code     0  startup_stm32f10x_hd.o(.text)
    TIM7_IRQHandler                          0x080068bb   Thumb Code     0  startup_stm32f10x_hd.o(.text)
    TIM8_BRK_IRQHandler                      0x080068bb   Thumb Code     0  startup_stm32f10x_hd.o(.text)
    TIM8_CC_IRQHandler                       0x080068bb   Thumb Code     0  startup_stm32f10x_hd.o(.text)
    TIM8_TRG_COM_IRQHandler                  0x080068bb   Thumb Code     0  startup_stm32f10x_hd.o(.text)
    TIM8_UP_IRQHandler                       0x080068bb   Thumb Code     0  startup_stm32f10x_hd.o(.text)
    UART4_IRQHandler                         0x080068bb   Thumb Code     0  startup_stm32f10x_hd.o(.text)
    UART5_IRQHandler                         0x080068bb   Thumb Code     0  startup_stm32f10x_hd.o(.text)
    USART3_IRQHandler                        0x080068bb   Thumb Code     0  startup_stm32f10x_hd.o(.text)
    USBWakeUp_IRQHandler                     0x080068bb   Thumb Code     0  startup_stm32f10x_hd.o(.text)
    USB_HP_CAN1_TX_IRQHandler                0x080068bb   Thumb Code     0  startup_stm32f10x_hd.o(.text)
    USB_LP_CAN1_RX0_IRQHandler               0x080068bb   Thumb Code     0  startup_stm32f10x_hd.o(.text)
    WWDG_IRQHandler                          0x080068bb   Thumb Code     0  startup_stm32f10x_hd.o(.text)
    __user_initial_stackheap                 0x080068bd   Thumb Code     0  startup_stm32f10x_hd.o(.text)
    SystemInit                               0x08006989   Thumb Code    64  system_stm32f10x_1.o(.text)
    SystemCoreClockUpdate                    0x080069c9   Thumb Code   106  system_stm32f10x_1.o(.text)
    CH375FileEnumer                          0x08006a55   Thumb Code    14  ch375drv.o(.text)
    CH375FileQuery                           0x08006a63   Thumb Code    22  ch375drv.o(.text)
    xReadCH375Data                           0x08006a79   Thumb Code    40  ch375drv.o(.text)
    xWriteCH375Cmd                           0x08006aa1   Thumb Code    50  ch375drv.o(.text)
    xQueryInterrupt                          0x08006ad3   Thumb Code    52  ch375drv.o(.text)
    xDelay100uS                              0x08006b07   Thumb Code     6  ch375drv.o(.text)
    xDelayAfterWrite                         0x08006b0d   Thumb Code     6  ch375drv.o(.text)
    xFileNameEnumer                          0x08006b13   Thumb Code     2  ch375drv.o(.text)
    CH375LibInit                             0x08006b15   Thumb Code    36  ch375drv.o(.text)
    xWriteCH375Data                          0x08006b39   Thumb Code    48  ch375drv.o(.text)
    CH375_Init                               0x08006b69   Thumb Code   104  ch375drv.o(.text)
    CH375GetVer                              0x08006bf1   Thumb Code     4  CH375MAI.O(.text)
    CH375s01                                 0x08006bf5   Thumb Code    32  CH375MAI.O(.text)
    CH375s17                                 0x08006c29   Thumb Code    44  CH375MAI.O(.text)
    CH375s18                                 0x08006c55   Thumb Code    46  CH375MAI.O(.text)
    CH375DirtyBuffer                         0x08006c83   Thumb Code    16  CH375MAI.O(.text)
    CH375s42                                 0x08006c93   Thumb Code    16  CH375MAI.O(.text)
    CH375s49                                 0x08006ca3   Thumb Code    42  CH375MAI.O(.text)
    CH375s41                                 0x08006ccd   Thumb Code    26  CH375MAI.O(.text)
    CH375s40                                 0x08006ce7   Thumb Code    28  CH375MAI.O(.text)
    CH375DiskConnect                         0x08006d03   Thumb Code    78  CH375MAI.O(.text)
    CH375s05                                 0x08006d51   Thumb Code    50  CH375MAI.O(.text)
    CH375Reset                               0x08006d83   Thumb Code    52  CH375MAI.O(.text)
    CH375s43                                 0x08006db7   Thumb Code    26  CH375MAI.O(.text)
    CH375Init                                0x08006dd1   Thumb Code   186  CH375MAI.O(.text)
    CH375s13                                 0x08006e8b   Thumb Code   142  CH375MAI.O(.text)
    CH375s44                                 0x08006f19   Thumb Code    50  CH375MAI.O(.text)
    CH375s23                                 0x08006f4b   Thumb Code   110  CH375MAI.O(.text)
    CH375s24                                 0x08006fb9   Thumb Code    72  CH375MAI.O(.text)
    CH375s47                                 0x0800703b   Thumb Code   552  CH375MAI.O(.text)
    CH375s06                                 0x08007263   Thumb Code   280  CH375MAI.O(.text)
    CH375s07                                 0x0800737b   Thumb Code   334  CH375MAI.O(.text)
    CH375s25                                 0x080074c9   Thumb Code   224  CH375MAI.O(.text)
    CH375s08                                 0x080075a9   Thumb Code   762  CH375MAI.O(.text)
    CH375s09                                 0x080078a3   Thumb Code    84  CH375MAI.O(.text)
    CH375s10                                 0x080078f7   Thumb Code   698  CH375MAI.O(.text)
    CH375s48                                 0x08007bb1   Thumb Code   460  CH375MAI.O(.text)
    CH375s11                                 0x08007d7d   Thumb Code    28  CH375MAI.O(.text)
    CH375s12                                 0x08007d99   Thumb Code    74  CH375MAI.O(.text)
    CH375FileOpen                            0x08007de3   Thumb Code  1374  CH375MAI.O(.text)
    CH375s15                                 0x08008341   Thumb Code    70  CH375MAI.O(.text)
    CH375FileClose                           0x08008387   Thumb Code   114  CH375MAI.O(.text)
    CH375FileErase                           0x080083f9   Thumb Code   184  CH375MAI.O(.text)
    CH375s14                                 0x080084b1   Thumb Code    30  CH375MAI.O(.text)
    CH375FileCreate                          0x080084cf   Thumb Code   848  CH375MAI.O(.text)
    CH375FileModify                          0x0800881f   Thumb Code   214  CH375MAI.O(.text)
    CH375DiskReady                           0x080088f5   Thumb Code   202  CH375MAI.O(.text)
    CH375s19                                 0x080089bf   Thumb Code   166  CH375MAI.O(.text)
    CH375s20                                 0x08008a65   Thumb Code   118  CH375MAI.O(.text)
    CH375ByteLocate                          0x08008b43   Thumb Code    74  CH375BYT.O(.text)
    CH375ByteRead                            0x08008b8d   Thumb Code   376  CH375BYT.O(.text)
    CH375ByteWrite                           0x08008d05   Thumb Code   606  CH375BYT.O(.text)
    __use_no_semihosting                     0x08008f69   Thumb Code     2  use_no_semi_2.o(.text)
    __c89vsnprintf                           0x08008f6d   Thumb Code    48  c89vsnprintf.o(.text)
    __2printf                                0x08008fa1   Thumb Code    20  __2printf.o(.text)
    __2sprintf                               0x08008fb9   Thumb Code    38  __2sprintf.o(.text)
    _printf_pre_padding                      0x08008fe5   Thumb Code    44  _printf_pad.o(.text)
    _printf_post_padding                     0x08009011   Thumb Code    34  _printf_pad.o(.text)
    _printf_int_dec                          0x08009035   Thumb Code   104  _printf_dec.o(.text)
    _printf_longlong_hex                     0x080090ad   Thumb Code    86  _printf_hex_int_ll_ptr.o(.text)
    _printf_int_hex                          0x08009103   Thumb Code    28  _printf_hex_int_ll_ptr.o(.text)
    _printf_ll_hex                           0x0800911f   Thumb Code    12  _printf_hex_int_ll_ptr.o(.text)
    _printf_hex_ptr                          0x0800912b   Thumb Code    18  _printf_hex_int_ll_ptr.o(.text)
    __printf                                 0x08009141   Thumb Code   388  __printf_flags_ss_wp.o(.text)
    strcpy                                   0x080092c9   Thumb Code    72  strcpy.o(.text)
    strlen                                   0x08009311   Thumb Code    62  strlen.o(.text)
    strcat                                   0x0800934f   Thumb Code    24  strcat.o(.text)
    __aeabi_memcpy                           0x08009367   Thumb Code     0  rt_memcpy_v6.o(.text)
    __rt_memcpy                              0x08009367   Thumb Code   138  rt_memcpy_v6.o(.text)
    _memcpy_lastbytes                        0x080093cd   Thumb Code     0  rt_memcpy_v6.o(.text)
    __aeabi_memcpy4                          0x080093f1   Thumb Code     0  rt_memcpy_w.o(.text)
    __aeabi_memcpy8                          0x080093f1   Thumb Code     0  rt_memcpy_w.o(.text)
    __rt_memcpy_w                            0x080093f1   Thumb Code   100  rt_memcpy_w.o(.text)
    _memcpy_lastbytes_aligned                0x08009439   Thumb Code     0  rt_memcpy_w.o(.text)
    __aeabi_memclr4                          0x08009455   Thumb Code     0  rt_memclr_w.o(.text)
    __aeabi_memclr8                          0x08009455   Thumb Code     0  rt_memclr_w.o(.text)
    __rt_memclr_w                            0x08009455   Thumb Code    78  rt_memclr_w.o(.text)
    _memset_w                                0x08009459   Thumb Code     0  rt_memclr_w.o(.text)
    __use_two_region_memory                  0x080094a3   Thumb Code     2  heapauxi.o(.text)
    __rt_heap_escrow$2region                 0x080094a5   Thumb Code     2  heapauxi.o(.text)
    __rt_heap_expand$2region                 0x080094a7   Thumb Code     2  heapauxi.o(.text)
    __I$use$semihosting                      0x080094a9   Thumb Code     0  use_no_semi.o(.text)
    __use_no_semihosting_swi                 0x080094a9   Thumb Code     2  use_no_semi.o(.text)
    __read_errno                             0x080094ab   Thumb Code    10  _rserrno.o(.text)
    __set_errno                              0x080094b5   Thumb Code    12  _rserrno.o(.text)
    _printf_truncate_signed                  0x080094c1   Thumb Code    18  _printf_truncate.o(.text)
    _printf_truncate_unsigned                0x080094d3   Thumb Code    18  _printf_truncate.o(.text)
    _printf_str                              0x080094e5   Thumb Code    82  _printf_str.o(.text)
    _printf_int_common                       0x08009537   Thumb Code   178  _printf_intcommon.o(.text)
    _printf_charcount                        0x080095e9   Thumb Code    40  _printf_charcount.o(.text)
    __lib_sel_fp_printf                      0x08009611   Thumb Code     2  _printf_fp_dec.o(.text)
    _printf_fp_dec_real                      0x080097c3   Thumb Code   620  _printf_fp_dec.o(.text)
    _printf_char_common                      0x08009a3b   Thumb Code    32  _printf_char_common.o(.text)
    _sputc                                   0x08009a61   Thumb Code    10  _sputc.o(.text)
    _snputc                                  0x08009a6b   Thumb Code    16  _snputc.o(.text)
    _printf_char_file                        0x08009a7d   Thumb Code    32  _printf_char_file.o(.text)
    _printf_wctomb                           0x08009aa1   Thumb Code   182  _printf_wctomb.o(.text)
    _printf_longlong_dec                     0x08009b5d   Thumb Code   108  _printf_longlong_dec.o(.text)
    _printf_longlong_oct                     0x08009bd9   Thumb Code    66  _printf_oct_int_ll.o(.text)
    _printf_int_oct                          0x08009c1b   Thumb Code    24  _printf_oct_int_ll.o(.text)
    _printf_ll_oct                           0x08009c33   Thumb Code    12  _printf_oct_int_ll.o(.text)
    __rt_locale                              0x08009c49   Thumb Code     8  rt_locale_intlibspace.o(.text)
    __aeabi_errno_addr                       0x08009c51   Thumb Code     8  rt_errno_addr_intlibspace.o(.text)
    __errno$intlibspace                      0x08009c51   Thumb Code     0  rt_errno_addr_intlibspace.o(.text)
    __rt_errno_addr$intlibspace              0x08009c51   Thumb Code     0  rt_errno_addr_intlibspace.o(.text)
    _ll_udiv10                               0x08009c59   Thumb Code   138  lludiv10.o(.text)
    _printf_fp_infnan                        0x08009ce5   Thumb Code   112  _printf_fp_infnan.o(.text)
    _printf_cs_common                        0x08009d65   Thumb Code    20  _printf_char.o(.text)
    _printf_char                             0x08009d79   Thumb Code    16  _printf_char.o(.text)
    _printf_string                           0x08009d89   Thumb Code     8  _printf_char.o(.text)
    _printf_lcs_common                       0x08009d91   Thumb Code    20  _printf_wchar.o(.text)
    _printf_wchar                            0x08009da5   Thumb Code    16  _printf_wchar.o(.text)
    _printf_wstring                          0x08009db5   Thumb Code     8  _printf_wchar.o(.text)
    _btod_etento                             0x08009dbd   Thumb Code   224  bigflt0.o(.text)
    ferror                                   0x08009ea1   Thumb Code     8  ferror.o(.text)
    _wcrtomb                                 0x08009ea9   Thumb Code    64  _wcrtomb.o(.text)
    __user_libspace                          0x08009ee9   Thumb Code     8  libspace.o(.text)
    __user_perproc_libspace                  0x08009ee9   Thumb Code     0  libspace.o(.text)
    __user_perthread_libspace                0x08009ee9   Thumb Code     0  libspace.o(.text)
    __user_setup_stackheap                   0x08009ef1   Thumb Code    74  sys_stackheap_outer.o(.text)
    __rt_ctype_table                         0x08009f3d   Thumb Code    16  rt_ctype_table.o(.text)
    exit                                     0x08009f4d   Thumb Code    18  exit.o(.text)
    strcmp                                   0x08009f61   Thumb Code   128  strcmpv7m.o(.text)
    _btod_d2e                                0x08009fe1   Thumb Code    62  btod.o(CL$$btod_d2e)
    _d2e_denorm_low                          0x0800a01f   Thumb Code    70  btod.o(CL$$btod_d2e_denorm_low)
    _d2e_norm_op1                            0x0800a065   Thumb Code    96  btod.o(CL$$btod_d2e_norm_op1)
    __btod_div_common                        0x0800a0c5   Thumb Code   696  btod.o(CL$$btod_div_common)
    _e2e                                     0x0800a3fd   Thumb Code   220  btod.o(CL$$btod_e2e)
    _btod_ediv                               0x0800a4d9   Thumb Code    42  btod.o(CL$$btod_ediv)
    _btod_emul                               0x0800a503   Thumb Code    42  btod.o(CL$$btod_emul)
    __btod_mult_common                       0x0800a52d   Thumb Code   580  btod.o(CL$$btod_mult_common)
    __ARM_fpclassify                         0x0800a771   Thumb Code    40  fpclassify.o(i.__ARM_fpclassify)
    __ieee754_rem_pio2                       0x0800a799   Thumb Code   828  rred.o(i.__ieee754_rem_pio2)
    __kernel_poly                            0x0800ab21   Thumb Code   170  poly.o(i.__kernel_poly)
    __kernel_tan                             0x0800abcd   Thumb Code   586  tan_i.o(i.__kernel_tan)
    __mathlib_dbl_divzero                    0x0800ae49   Thumb Code    12  dunder.o(i.__mathlib_dbl_divzero)
    __mathlib_dbl_infnan                     0x0800ae59   Thumb Code     6  dunder.o(i.__mathlib_dbl_infnan)
    __mathlib_dbl_invalid                    0x0800ae5f   Thumb Code    12  dunder.o(i.__mathlib_dbl_invalid)
    __mathlib_dbl_underflow                  0x0800ae6d   Thumb Code    10  dunder.o(i.__mathlib_dbl_underflow)
    _is_digit                                0x0800ae7d   Thumb Code    14  __printf_wp.o(i._is_digit)
    log                                      0x0800ae8d   Thumb Code   808  log.o(i.log)
    log10                                    0x0800b1e9   Thumb Code   198  log10.o(i.log10)
    sqrt                                     0x0800b2cd   Thumb Code    76  sqrt.o(i.sqrt)
    tan                                      0x0800b319   Thumb Code    90  tan.o(i.tan)
    _get_lc_numeric                          0x0800b37d   Thumb Code    44  lc_numeric_c.o(locale$$code)
    _get_lc_ctype                            0x0800b3a9   Thumb Code    44  lc_ctype_c.o(locale$$code)
    __aeabi_d2f                              0x0800b3d5   Thumb Code     0  d2f.o(x$fpl$d2f)
    _d2f                                     0x0800b3d5   Thumb Code    98  d2f.o(x$fpl$d2f)
    __aeabi_dadd                             0x0800b439   Thumb Code     0  daddsub_clz.o(x$fpl$dadd)
    _dadd                                    0x0800b439   Thumb Code   332  daddsub_clz.o(x$fpl$dadd)
    __fpl_dcheck_NaN1                        0x0800b589   Thumb Code    10  dcheck1.o(x$fpl$dcheck1)
    __fpl_dcmp_Inf                           0x0800b599   Thumb Code    24  dcmpi.o(x$fpl$dcmpinf)
    __aeabi_ddiv                             0x0800b5b1   Thumb Code     0  ddiv.o(x$fpl$ddiv)
    _ddiv                                    0x0800b5b1   Thumb Code   552  ddiv.o(x$fpl$ddiv)
    __aeabi_cdcmpeq                          0x0800b861   Thumb Code     0  deqf.o(x$fpl$deqf)
    _dcmpeq                                  0x0800b861   Thumb Code   120  deqf.o(x$fpl$deqf)
    __aeabi_d2iz                             0x0800b8d9   Thumb Code     0  dfix.o(x$fpl$dfix)
    _dfix                                    0x0800b8d9   Thumb Code    94  dfix.o(x$fpl$dfix)
    __aeabi_d2uiz                            0x0800b939   Thumb Code     0  dfixu.o(x$fpl$dfixu)
    _dfixu                                   0x0800b939   Thumb Code    90  dfixu.o(x$fpl$dfixu)
    __aeabi_i2d                              0x0800b993   Thumb Code     0  dflt_clz.o(x$fpl$dflt)
    _dflt                                    0x0800b993   Thumb Code    46  dflt_clz.o(x$fpl$dflt)
    __aeabi_ui2d                             0x0800b9c1   Thumb Code     0  dflt_clz.o(x$fpl$dfltu)
    _dfltu                                   0x0800b9c1   Thumb Code    38  dflt_clz.o(x$fpl$dfltu)
    __aeabi_cdcmple                          0x0800b9e9   Thumb Code     0  dleqf.o(x$fpl$dleqf)
    _dcmple                                  0x0800b9e9   Thumb Code   120  dleqf.o(x$fpl$dleqf)
    __fpl_dcmple_InfNaN                      0x0800ba4b   Thumb Code     0  dleqf.o(x$fpl$dleqf)
    __aeabi_dmul                             0x0800ba61   Thumb Code     0  dmul.o(x$fpl$dmul)
    _dmul                                    0x0800ba61   Thumb Code   332  dmul.o(x$fpl$dmul)
    __fpl_dnaninf                            0x0800bbb5   Thumb Code   156  dnaninf.o(x$fpl$dnaninf)
    __fpl_dretinf                            0x0800bc51   Thumb Code    12  dretinf.o(x$fpl$dretinf)
    __aeabi_cdrcmple                         0x0800bc5d   Thumb Code     0  drleqf.o(x$fpl$drleqf)
    _drcmple                                 0x0800bc5d   Thumb Code   108  drleqf.o(x$fpl$drleqf)
    __aeabi_drsub                            0x0800bcc9   Thumb Code     0  daddsub_clz.o(x$fpl$drsb)
    _drsb                                    0x0800bcc9   Thumb Code    22  daddsub_clz.o(x$fpl$drsb)
    _dsqrt                                   0x0800bce1   Thumb Code   456  dsqrt_noumaal.o(x$fpl$dsqrt)
    __aeabi_dsub                             0x0800bead   Thumb Code     0  daddsub_clz.o(x$fpl$dsub)
    _dsub                                    0x0800bead   Thumb Code   464  daddsub_clz.o(x$fpl$dsub)
    __aeabi_f2d                              0x0800c081   Thumb Code     0  f2d.o(x$fpl$f2d)
    _f2d                                     0x0800c081   Thumb Code    86  f2d.o(x$fpl$f2d)
    __aeabi_fdiv                             0x0800c0d9   Thumb Code     0  fdiv.o(x$fpl$fdiv)
    _fdiv                                    0x0800c0d9   Thumb Code   384  fdiv.o(x$fpl$fdiv)
    __aeabi_i2f                              0x0800c25d   Thumb Code     0  fflt_clz.o(x$fpl$fflt)
    _fflt                                    0x0800c25d   Thumb Code    48  fflt_clz.o(x$fpl$fflt)
    __aeabi_ui2f                             0x0800c28d   Thumb Code     0  fflt_clz.o(x$fpl$ffltu)
    _ffltu                                   0x0800c28d   Thumb Code    38  fflt_clz.o(x$fpl$ffltu)
    __aeabi_fmul                             0x0800c2b5   Thumb Code     0  fmul.o(x$fpl$fmul)
    _fmul                                    0x0800c2b5   Thumb Code   258  fmul.o(x$fpl$fmul)
    __fpl_fnaninf                            0x0800c3b7   Thumb Code   140  fnaninf.o(x$fpl$fnaninf)
    __fpl_fretinf                            0x0800c443   Thumb Code    10  fretinf.o(x$fpl$fretinf)
    _printf_fp_dec                           0x0800c44d   Thumb Code     4  printf1.o(x$fpl$printf1)
    __fpl_return_NaN                         0x0800c451   Thumb Code   100  retnan.o(x$fpl$retnan)
    __ARM_scalbn                             0x0800c4b5   Thumb Code    92  scalbn.o(x$fpl$scalbn)
    __fpl_cmpreturn                          0x0800c511   Thumb Code    48  trapv.o(x$fpl$trapveneer)
    __I$use$fp                               0x0800c540   Number         0  usenofp.o(x$fpl$usenofp)
    __mathlib_zero                           0x0800c900   Data           8  qnan.o(.constdata)
    Region$$Table$$Base                      0x0800c908   Number         0  anon$$obj.o(Region$$Table)
    Region$$Table$$Limit                     0x0800c928   Number         0  anon$$obj.o(Region$$Table)
    __ctype                                  0x0800c951   Data           0  lc_ctype_c.o(locale$$data)
    HSEStartUpStatus                         0x20000000   Data           1  main.o(.data)
    ADCConvertedValue                        0x20000002   Data           4  main.o(.data)
    CaptureNumber1                           0x20000008   Data           2  stm32f10x_it.o(.data)
    TimeBase                                 0x2000000a   Data           2  stm32f10x_it.o(.data)
    TimeBase2                                0x2000000c   Data           2  stm32f10x_it.o(.data)
    IC4ReadValue2                            0x2000000e   Data           2  stm32f10x_it.o(.data)
    IC4ReadValue3                            0x20000010   Data           2  stm32f10x_it.o(.data)
    angle                                    0x20000014   Data           4  stm32f10x_it.o(.data)
    Capture_space                            0x20000018   Data           4  stm32f10x_it.o(.data)
    Time_100Ms                               0x2000001c   Data           4  stm32f10x_it.o(.data)
    Time_100Ms_2                             0x20000020   Data           4  stm32f10x_it.o(.data)
    Ok_Control_Flag                          0x20000024   Data           2  ctrfile.o(.data)
    Stop_Control_Flag                        0x20000026   Data           2  ctrfile.o(.data)
    Clear_Flag                               0x20000028   Data           2  ctrfile.o(.data)
    SaveData_Flag                            0x2000002a   Data           2  ctrfile.o(.data)
    SavePic_Flag                             0x2000002c   Data           2  ctrfile.o(.data)
    StarFre_Control_Flag                     0x2000002e   Data           2  ctrfile.o(.data)
    EndFre_Control_Flag                      0x20000030   Data           2  ctrfile.o(.data)
    Dac_Control_Flag                         0x20000032   Data           2  ctrfile.o(.data)
    Ok1_Control_Flag                         0x20000034   Data           2  ctrfile.o(.data)
    Display_Mode_Flag                        0x20000036   Data           2  ctrfile.o(.data)
    screen_id                                0x20000038   Data           2  ctrfile.o(.data)
    control_id                               0x2000003a   Data           2  ctrfile.o(.data)
    current_screen_id                        0x2000003c   Data           2  ctrfile.o(.data)
    start_fre                                0x20000040   Data           4  ctrfile.o(.data)
    end_fre                                  0x20000044   Data           4  ctrfile.o(.data)
    xiezhen_minfreq                          0x20000048   Data           4  ctrfile.o(.data)
    xiezhen_maxfreq                          0x2000004c   Data           4  ctrfile.o(.data)
    fanxiezhen_minfreq                       0x20000050   Data           4  ctrfile.o(.data)
    fanxiezhen_maxfreq                       0x20000054   Data           4  ctrfile.o(.data)
    dongtai_minresis                         0x20000058   Data           4  ctrfile.o(.data)
    dongtai_maxresis                         0x2000005c   Data           4  ctrfile.o(.data)
    jingtai_mincapac                         0x20000060   Data           4  ctrfile.o(.data)
    jingtai_maxcapac                         0x20000064   Data           4  ctrfile.o(.data)
    ziyou_mincapac                           0x20000068   Data           4  ctrfile.o(.data)
    ziyou_maxcapac                           0x2000006c   Data           4  ctrfile.o(.data)
    dongtai_mincapac                         0x20000070   Data           4  ctrfile.o(.data)
    dongtai_maxcapac                         0x20000074   Data           4  ctrfile.o(.data)
    dongtai_minprod                          0x20000078   Data           4  ctrfile.o(.data)
    dongtai_maxprod                          0x2000007c   Data           4  ctrfile.o(.data)
    fanxiezhen_minzukang                     0x20000080   Data           4  ctrfile.o(.data)
    fanxiezhen_maxzukang                     0x20000084   Data           4  ctrfile.o(.data)
    pinzhiyinshu_min                         0x20000088   Data           4  ctrfile.o(.data)
    pinzhiyinshu_max                         0x2000008c   Data           4  ctrfile.o(.data)
    dac_value                                0x20000090   Data           4  ctrfile.o(.data)
    file_name                                0x20000094   Data           4  ctrfile.o(.data)
    number_menu                              0x20000098   Data           4  ctrfile.o(.data)
    Buff                                     0x2000009c   Data           1  hmi_user_uart.o(.data)
    USART2_RX                                0x200000a8   Data           1  cortrol.o(.data)
    Current_V                                0x200000aa   Data           2  cortrol.o(.data)
    Current_A                                0x200000ac   Data           2  cortrol.o(.data)
    ImpandenceStatus                         0x200000ae   Data           2  cortrol.o(.data)
    chart1_axis_min                          0x200000b0   Data           2  cortrol.o(.data)
    chart1_axis_max                          0x200000b2   Data           2  cortrol.o(.data)
    chart2_axis_max                          0x200000b4   Data           2  cortrol.o(.data)
    chart2_axis_min                          0x200000b6   Data           2  cortrol.o(.data)
    Impandence_Buffer_Flag                   0x200000b8   Data           2  cortrol.o(.data)
    Impandence_Log10_Max                     0x200000ba   Data           2  cortrol.o(.data)
    Impandence_Log10_Min                     0x200000bc   Data           2  cortrol.o(.data)
    Angle_Buffer0                            0x200000be   Data           2  cortrol.o(.data)
    MaxValue_Flag                            0x200000c0   Data           2  cortrol.o(.data)
    MinValue_Flag                            0x200000c2   Data           2  cortrol.o(.data)
    t                                        0x200000c4   Data           4  cortrol.o(.data)
    Current_Fre                              0x200000c8   Data           4  cortrol.o(.data)
    Impandence_Value                         0x200000cc   Data           4  cortrol.o(.data)
    Impandence_Value_Buffer                  0x200000d0   Data           4  cortrol.o(.data)
    FreGain                                  0x200000d4   Data           4  cortrol.o(.data)
    SampleRes                                0x200000d8   Data           4  cortrol.o(.data)
    Mid_Fre                                  0x200000dc   Data           4  cortrol.o(.data)
    Current_ARes                             0x200000e0   Data           4  cortrol.o(.data)
    angle_P                                  0x200000e4   Data           4  cortrol.o(.data)
    Impandence_Value_Max                     0x200000e8   Data           4  cortrol.o(.data)
    Impandence_Value_Min                     0x200000ec   Data           4  cortrol.o(.data)
    XJ_Temp                                  0x200000f0   Data           4  cortrol.o(.data)
    XZ_Impandence                            0x200000f4   Data           4  cortrol.o(.data)
    YJ_Temp                                  0x200000f8   Data           4  cortrol.o(.data)
    YZ_Impandence                            0x200000fc   Data           4  cortrol.o(.data)
    Fre_Max                                  0x20000100   Data           4  cortrol.o(.data)
    Fre_Min                                  0x20000104   Data           4  cortrol.o(.data)
    Fre_F1                                   0x20000108   Data           4  cortrol.o(.data)
    Fre_F2                                   0x2000010c   Data           4  cortrol.o(.data)
    fd                                       0x20000110   Data           4  cortrol.o(.data)
    kkk                                      0x20000118   Data           8  cortrol.o(.data)
    CT                                       0x20000120   Data           8  cortrol.o(.data)
    Qm                                       0x20000128   Data           8  cortrol.o(.data)
    L1                                       0x20000130   Data           8  cortrol.o(.data)
    C1                                       0x20000138   Data           8  cortrol.o(.data)
    C0                                       0x20000140   Data           8  cortrol.o(.data)
    Keff                                     0x20000148   Data           8  cortrol.o(.data)
    __stdout                                 0x20000150   Data           4  cortrol.o(.data)
    SystemCoreClock                          0x2000016c   Data           4  system_stm32f10x_1.o(.data)
    AHBPrescTable                            0x20000170   Data          16  system_stm32f10x_1.o(.data)
    CH375IntStatus                           0x20000180   Data           1  CH375MAI.O(.data)
    CH375DiskStatus                          0x20000181   Data           1  CH375MAI.O(.data)
    CH375LibConfig                           0x20000182   Data           1  CH375MAI.O(.data)
    CH375vDiskFat                            0x20000183   Data           1  CH375MAI.O(.data)
    CH375vSecPerClus                         0x20000184   Data           1  CH375MAI.O(.data)
    CH375vStartCluster                       0x20000188   Data           4  CH375MAI.O(.data)
    CH375vFileSize                           0x2000018c   Data           4  CH375MAI.O(.data)
    CH375vCurrentOffset                      0x20000190   Data           4  CH375MAI.O(.data)
    CH375vDiskRoot                           0x20000194   Data           4  CH375MAI.O(.data)
    CH375vDataStart                          0x20000198   Data           4  CH375MAI.O(.data)
    CH375vFdtLba                             0x2000019c   Data           4  CH375MAI.O(.data)
    CH375vFdtOffset                          0x200001a0   Data           2  CH375MAI.O(.data)
    CH375Version2                            0x200001a2   Data           1  CH375MAI.O(.data)
    CH375vSectorSize                         0x200001a4   Data           2  CH375MAI.O(.data)
    pDISK_BASE_BUF                           0x200001a8   Data           4  CH375MAI.O(.data)
    CH375v01                                 0x200001ac   Data           4  CH375MAI.O(.data)
    CH375v02                                 0x200001b0   Data           4  CH375MAI.O(.data)
    CH375v03                                 0x200001b4   Data           4  CH375MAI.O(.data)
    CH375v04                                 0x200001b8   Data           2  CH375MAI.O(.data)
    CH375v06                                 0x200001ba   Data           2  CH375MAI.O(.data)
    CH375v07                                 0x200001bc   Data           1  CH375MAI.O(.data)
    CH375v08                                 0x200001c0   Data           4  CH375MAI.O(.data)
    CH375v09                                 0x200001c4   Data           4  CH375MAI.O(.data)
    CH375v11                                 0x200001c8   Data           1  CH375MAI.O(.data)
    CH375v12                                 0x200001c9   Data           1  CH375MAI.O(.data)
    CH375v13                                 0x200001ca   Data           1  CH375MAI.O(.data)
    CH375v14                                 0x200001cc   Data           4  CH375MAI.O(.data)
    CH375v17                                 0x200001d0   Data           4  CH375MAI.O(.data)
    CH375v18                                 0x200001d4   Data           1  CH375MAI.O(.data)
    CH375v19                                 0x200001d8   Data           4  CH375MAI.O(.data)
    CH375v25                                 0x200001dc   Data           4  CH375MAI.O(.data)
    CH375v26                                 0x200001e0   Data           1  CH375MAI.O(.data)
    cmd_buffer                               0x200001e4   Data        1024  hmi_user_uart.o(.bss)
    Impandence_Buffer                        0x20000de8   Data        4096  cortrol.o(.bss)
    Impandence_Buffer2                       0x20001de8   Data        2048  cortrol.o(.bss)
    chart1                                   0x200025e8   Data        2048  cortrol.o(.bss)
    chart2s                                  0x20002de8   Data        2048  cortrol.o(.bss)
    Impandence_Log10                         0x200035e8   Data        2048  cortrol.o(.bss)
    Angle_Buffer                             0x20003de8   Data        2048  cortrol.o(.bss)
    Angle                                    0x200045e8   Data        4096  cortrol.o(.bss)
    Fre_Buffer                               0x200055e8   Data        4096  cortrol.o(.bss)
    Impandence_G_Buffer                      0x200065e8   Data        8192  cortrol.o(.bss)
    mCmdParam                                0x200085e8   Data          32  ch375drv.o(.bss)
    DISK_BASE_BUF                            0x20008608   Data         512  ch375drv.o(.bss)
    __libspace_start                         0x20008808   Data          96  libspace.o(.bss)
    __temporary_stack_top$libspace           0x20008868   Data           0  libspace.o(.bss)



==============================================================================

Memory Map of the image

  Image Entry point : 0x08000131

  Load Region LR_IROM1 (Base: 0x08000000, Size: 0x0000cc38, Max: 0x00082000, ABSOLUTE, COMPRESSED[0x0000ca84])

    Execution Region ER_IROM1 (Exec base: 0x08000000, Load base: 0x08000000, Size: 0x0000ca54, Max: 0x00082000, ABSOLUTE)

    Exec Addr    Load Addr    Size         Type   Attr      Idx    E Section Name        Object

    0x08000000   0x08000000   0x00000130   Data   RO          409    RESET               startup_stm32f10x_hd.o
    0x08000130   0x08000130   0x00000008   Code   RO          545  * !!!main             c_w.l(__main.o)
    0x08000138   0x08000138   0x00000034   Code   RO          951    !!!scatter          c_w.l(__scatter.o)
    0x0800016c   0x0800016c   0x0000005a   Code   RO          949    !!dczerorl2         c_w.l(__dczerorl2.o)
    0x080001c6   0x080001c6   0x00000002   PAD
    0x080001c8   0x080001c8   0x0000001c   Code   RO          953    !!handler_zi        c_w.l(__scatter_zi.o)
    0x080001e4   0x080001e4   0x00000000   Code   RO          530    .ARM.Collect$$_printf_percent$$00000000  c_w.l(_printf_percent.o)
    0x080001e4   0x080001e4   0x00000006   Code   RO          655    .ARM.Collect$$_printf_percent$$00000001  c_w.l(_printf_n.o)
    0x080001ea   0x080001ea   0x00000006   Code   RO          656    .ARM.Collect$$_printf_percent$$00000002  c_w.l(_printf_p.o)
    0x080001f0   0x080001f0   0x00000006   Code   RO          529    .ARM.Collect$$_printf_percent$$00000003  c_w.l(_printf_f.o)
    0x080001f6   0x080001f6   0x00000006   Code   RO          660    .ARM.Collect$$_printf_percent$$00000004  c_w.l(_printf_e.o)
    0x080001fc   0x080001fc   0x00000006   Code   RO          661    .ARM.Collect$$_printf_percent$$00000005  c_w.l(_printf_g.o)
    0x08000202   0x08000202   0x00000006   Code   RO          662    .ARM.Collect$$_printf_percent$$00000006  c_w.l(_printf_a.o)
    0x08000208   0x08000208   0x0000000a   Code   RO          667    .ARM.Collect$$_printf_percent$$00000007  c_w.l(_printf_ll.o)
    0x08000212   0x08000212   0x00000006   Code   RO          658    .ARM.Collect$$_printf_percent$$00000008  c_w.l(_printf_i.o)
    0x08000218   0x08000218   0x00000006   Code   RO          528    .ARM.Collect$$_printf_percent$$00000009  c_w.l(_printf_d.o)
    0x0800021e   0x0800021e   0x00000006   Code   RO          659    .ARM.Collect$$_printf_percent$$0000000A  c_w.l(_printf_u.o)
    0x08000224   0x08000224   0x00000006   Code   RO          657    .ARM.Collect$$_printf_percent$$0000000B  c_w.l(_printf_o.o)
    0x0800022a   0x0800022a   0x00000006   Code   RO          527    .ARM.Collect$$_printf_percent$$0000000C  c_w.l(_printf_x.o)
    0x08000230   0x08000230   0x00000006   Code   RO          664    .ARM.Collect$$_printf_percent$$0000000D  c_w.l(_printf_lli.o)
    0x08000236   0x08000236   0x00000006   Code   RO          665    .ARM.Collect$$_printf_percent$$0000000E  c_w.l(_printf_lld.o)
    0x0800023c   0x0800023c   0x00000006   Code   RO          666    .ARM.Collect$$_printf_percent$$0000000F  c_w.l(_printf_llu.o)
    0x08000242   0x08000242   0x00000006   Code   RO          671    .ARM.Collect$$_printf_percent$$00000010  c_w.l(_printf_llo.o)
    0x08000248   0x08000248   0x00000006   Code   RO          672    .ARM.Collect$$_printf_percent$$00000011  c_w.l(_printf_llx.o)
    0x0800024e   0x0800024e   0x0000000a   Code   RO          668    .ARM.Collect$$_printf_percent$$00000012  c_w.l(_printf_l.o)
    0x08000258   0x08000258   0x00000006   Code   RO          653    .ARM.Collect$$_printf_percent$$00000013  c_w.l(_printf_c.o)
    0x0800025e   0x0800025e   0x00000006   Code   RO          654    .ARM.Collect$$_printf_percent$$00000014  c_w.l(_printf_s.o)
    0x08000264   0x08000264   0x00000006   Code   RO          669    .ARM.Collect$$_printf_percent$$00000015  c_w.l(_printf_lc.o)
    0x0800026a   0x0800026a   0x00000006   Code   RO          670    .ARM.Collect$$_printf_percent$$00000016  c_w.l(_printf_ls.o)
    0x08000270   0x08000270   0x00000004   Code   RO          663    .ARM.Collect$$_printf_percent$$00000017  c_w.l(_printf_percent_end.o)
    0x08000274   0x08000274   0x00000002   Code   RO          819    .ARM.Collect$$libinit$$00000000  c_w.l(libinit.o)
    0x08000276   0x08000276   0x00000000   Code   RO          821    .ARM.Collect$$libinit$$00000002  c_w.l(libinit2.o)
    0x08000276   0x08000276   0x00000000   Code   RO          823    .ARM.Collect$$libinit$$00000004  c_w.l(libinit2.o)
    0x08000276   0x08000276   0x00000000   Code   RO          826    .ARM.Collect$$libinit$$0000000A  c_w.l(libinit2.o)
    0x08000276   0x08000276   0x00000000   Code   RO          828    .ARM.Collect$$libinit$$0000000C  c_w.l(libinit2.o)
    0x08000276   0x08000276   0x00000000   Code   RO          830    .ARM.Collect$$libinit$$0000000E  c_w.l(libinit2.o)
    0x08000276   0x08000276   0x00000006   Code   RO          831    .ARM.Collect$$libinit$$0000000F  c_w.l(libinit2.o)
    0x0800027c   0x0800027c   0x00000000   Code   RO          833    .ARM.Collect$$libinit$$00000011  c_w.l(libinit2.o)
    0x0800027c   0x0800027c   0x0000000c   Code   RO          834    .ARM.Collect$$libinit$$00000012  c_w.l(libinit2.o)
    0x08000288   0x08000288   0x00000000   Code   RO          835    .ARM.Collect$$libinit$$00000013  c_w.l(libinit2.o)
    0x08000288   0x08000288   0x00000000   Code   RO          837    .ARM.Collect$$libinit$$00000015  c_w.l(libinit2.o)
    0x08000288   0x08000288   0x0000000a   Code   RO          838    .ARM.Collect$$libinit$$00000016  c_w.l(libinit2.o)
    0x08000292   0x08000292   0x00000000   Code   RO          839    .ARM.Collect$$libinit$$00000017  c_w.l(libinit2.o)
    0x08000292   0x08000292   0x00000000   Code   RO          841    .ARM.Collect$$libinit$$00000019  c_w.l(libinit2.o)
    0x08000292   0x08000292   0x00000000   Code   RO          843    .ARM.Collect$$libinit$$0000001B  c_w.l(libinit2.o)
    0x08000292   0x08000292   0x00000000   Code   RO          845    .ARM.Collect$$libinit$$0000001D  c_w.l(libinit2.o)
    0x08000292   0x08000292   0x00000000   Code   RO          847    .ARM.Collect$$libinit$$0000001F  c_w.l(libinit2.o)
    0x08000292   0x08000292   0x00000000   Code   RO          849    .ARM.Collect$$libinit$$00000021  c_w.l(libinit2.o)
    0x08000292   0x08000292   0x00000000   Code   RO          851    .ARM.Collect$$libinit$$00000023  c_w.l(libinit2.o)
    0x08000292   0x08000292   0x00000000   Code   RO          853    .ARM.Collect$$libinit$$00000025  c_w.l(libinit2.o)
    0x08000292   0x08000292   0x00000000   Code   RO          857    .ARM.Collect$$libinit$$0000002C  c_w.l(libinit2.o)
    0x08000292   0x08000292   0x00000000   Code   RO          859    .ARM.Collect$$libinit$$0000002E  c_w.l(libinit2.o)
    0x08000292   0x08000292   0x00000000   Code   RO          861    .ARM.Collect$$libinit$$00000030  c_w.l(libinit2.o)
    0x08000292   0x08000292   0x00000000   Code   RO          863    .ARM.Collect$$libinit$$00000032  c_w.l(libinit2.o)
    0x08000292   0x08000292   0x00000002   Code   RO          864    .ARM.Collect$$libinit$$00000033  c_w.l(libinit2.o)
    0x08000294   0x08000294   0x00000002   Code   RO          899    .ARM.Collect$$libshutdown$$00000000  c_w.l(libshutdown.o)
    0x08000296   0x08000296   0x00000000   Code   RO          908    .ARM.Collect$$libshutdown$$00000002  c_w.l(libshutdown2.o)
    0x08000296   0x08000296   0x00000000   Code   RO          910    .ARM.Collect$$libshutdown$$00000004  c_w.l(libshutdown2.o)
    0x08000296   0x08000296   0x00000000   Code   RO          913    .ARM.Collect$$libshutdown$$00000007  c_w.l(libshutdown2.o)
    0x08000296   0x08000296   0x00000000   Code   RO          916    .ARM.Collect$$libshutdown$$0000000A  c_w.l(libshutdown2.o)
    0x08000296   0x08000296   0x00000000   Code   RO          918    .ARM.Collect$$libshutdown$$0000000C  c_w.l(libshutdown2.o)
    0x08000296   0x08000296   0x00000000   Code   RO          921    .ARM.Collect$$libshutdown$$0000000F  c_w.l(libshutdown2.o)
    0x08000296   0x08000296   0x00000002   Code   RO          922    .ARM.Collect$$libshutdown$$00000010  c_w.l(libshutdown2.o)
    0x08000298   0x08000298   0x00000000   Code   RO          621    .ARM.Collect$$rtentry$$00000000  c_w.l(__rtentry.o)
    0x08000298   0x08000298   0x00000000   Code   RO          724    .ARM.Collect$$rtentry$$00000002  c_w.l(__rtentry2.o)
    0x08000298   0x08000298   0x00000006   Code   RO          736    .ARM.Collect$$rtentry$$00000004  c_w.l(__rtentry4.o)
    0x0800029e   0x0800029e   0x00000000   Code   RO          726    .ARM.Collect$$rtentry$$00000009  c_w.l(__rtentry2.o)
    0x0800029e   0x0800029e   0x00000004   Code   RO          727    .ARM.Collect$$rtentry$$0000000A  c_w.l(__rtentry2.o)
    0x080002a2   0x080002a2   0x00000000   Code   RO          729    .ARM.Collect$$rtentry$$0000000C  c_w.l(__rtentry2.o)
    0x080002a2   0x080002a2   0x00000008   Code   RO          730    .ARM.Collect$$rtentry$$0000000D  c_w.l(__rtentry2.o)
    0x080002aa   0x080002aa   0x00000002   Code   RO          867    .ARM.Collect$$rtexit$$00000000  c_w.l(rtexit.o)
    0x080002ac   0x080002ac   0x00000000   Code   RO          879    .ARM.Collect$$rtexit$$00000002  c_w.l(rtexit2.o)
    0x080002ac   0x080002ac   0x00000004   Code   RO          880    .ARM.Collect$$rtexit$$00000003  c_w.l(rtexit2.o)
    0x080002b0   0x080002b0   0x00000006   Code   RO          881    .ARM.Collect$$rtexit$$00000004  c_w.l(rtexit2.o)
    0x080002b6   0x080002b6   0x00000002   PAD
    0x080002b8   0x080002b8   0x000005dc   Code   RO            1    .text               main.o
    0x08000894   0x08000894   0x000001dc   Code   RO          115    .text               stm32f10x_it.o
    0x08000a70   0x08000a70   0x000006cc   Code   RO          136    .text               ctrfile.o
    0x0800113c   0x0800113c   0x00000fd0   Code   RO          157    .text               hmi_driver.o
    0x0800210c   0x0800210c   0x00000348   Code   RO          169    .text               hmi_user_uart.o
    0x08002454   0x08002454   0x000001a4   Code   RO          197    .text               ad9833.o
    0x080025f8   0x080025f8   0x000000f4   Code   RO          209    .text               cmd_queue.o
    0x080026ec   0x080026ec   0x000020f4   Code   RO          224    .text               cortrol.o
    0x080047e0   0x080047e0   0x00000098   Code   RO          278    .text               delay.o
    0x08004878   0x08004878   0x000000b8   Code   RO          309    .text               misc.o
    0x08004930   0x08004930   0x00000298   Code   RO          321    .text               stm32f10x_gpio.o
    0x08004bc8   0x08004bc8   0x000002f4   Code   RO          333    .text               stm32f10x_rcc.o
    0x08004ebc   0x08004ebc   0x000003a4   Code   RO          347    .text               stm32f10x_usart.o
    0x08005260   0x08005260   0x00000c2a   Code   RO          359    .text               stm32f10x_tim.o
    0x08005e8a   0x08005e8a   0x00000002   PAD
    0x08005e8c   0x08005e8c   0x00000388   Code   RO          371    .text               stm32f10x_adc.o
    0x08006214   0x08006214   0x000001e8   Code   RO          383    .text               stm32f10x_dma.o
    0x080063fc   0x080063fc   0x000004a4   Code   RO          395    .text               stm32f10x_flash.o
    0x080068a0   0x080068a0   0x00000040   Code   RO          410    .text               startup_stm32f10x_hd.o
    0x080068e0   0x080068e0   0x00000174   Code   RO          424    .text               system_stm32f10x_1.o
    0x08006a54   0x08006a54   0x0000019c   Code   RO          442    .text               ch375drv.o
    0x08006bf0   0x08006bf0   0x00001f1c   Code   RO          461    .text               CH375HFM.LIB(CH375MAI.O)
    0x08008b0c   0x08008b0c   0x0000045c   Code   RO          464    .text               CH375HFM.LIB(CH375BYT.O)
    0x08008f68   0x08008f68   0x00000002   Code   RO          468    .text               c_w.l(use_no_semi_2.o)
    0x08008f6a   0x08008f6a   0x00000002   PAD
    0x08008f6c   0x08008f6c   0x00000034   Code   RO          470    .text               c_w.l(c89vsnprintf.o)
    0x08008fa0   0x08008fa0   0x00000018   Code   RO          472    .text               c_w.l(__2printf.o)
    0x08008fb8   0x08008fb8   0x0000002c   Code   RO          474    .text               c_w.l(__2sprintf.o)
    0x08008fe4   0x08008fe4   0x0000004e   Code   RO          482    .text               c_w.l(_printf_pad.o)
    0x08009032   0x08009032   0x00000002   PAD
    0x08009034   0x08009034   0x00000078   Code   RO          484    .text               c_w.l(_printf_dec.o)
    0x080090ac   0x080090ac   0x00000094   Code   RO          504    .text               c_w.l(_printf_hex_int_ll_ptr.o)
    0x08009140   0x08009140   0x00000188   Code   RO          524    .text               c_w.l(__printf_flags_ss_wp.o)
    0x080092c8   0x080092c8   0x00000048   Code   RO          531    .text               c_w.l(strcpy.o)
    0x08009310   0x08009310   0x0000003e   Code   RO          533    .text               c_w.l(strlen.o)
    0x0800934e   0x0800934e   0x00000018   Code   RO          535    .text               c_w.l(strcat.o)
    0x08009366   0x08009366   0x0000008a   Code   RO          537    .text               c_w.l(rt_memcpy_v6.o)
    0x080093f0   0x080093f0   0x00000064   Code   RO          539    .text               c_w.l(rt_memcpy_w.o)
    0x08009454   0x08009454   0x0000004e   Code   RO          541    .text               c_w.l(rt_memclr_w.o)
    0x080094a2   0x080094a2   0x00000006   Code   RO          543    .text               c_w.l(heapauxi.o)
    0x080094a8   0x080094a8   0x00000002   Code   RO          619    .text               c_w.l(use_no_semi.o)
    0x080094aa   0x080094aa   0x00000016   Code   RO          622    .text               c_w.l(_rserrno.o)
    0x080094c0   0x080094c0   0x00000024   Code   RO          624    .text               c_w.l(_printf_truncate.o)
    0x080094e4   0x080094e4   0x00000052   Code   RO          626    .text               c_w.l(_printf_str.o)
    0x08009536   0x08009536   0x000000b2   Code   RO          628    .text               c_w.l(_printf_intcommon.o)
    0x080095e8   0x080095e8   0x00000028   Code   RO          630    .text               c_w.l(_printf_charcount.o)
    0x08009610   0x08009610   0x0000041e   Code   RO          632    .text               c_w.l(_printf_fp_dec.o)
    0x08009a2e   0x08009a2e   0x00000002   PAD
    0x08009a30   0x08009a30   0x00000030   Code   RO          634    .text               c_w.l(_printf_char_common.o)
    0x08009a60   0x08009a60   0x0000000a   Code   RO          636    .text               c_w.l(_sputc.o)
    0x08009a6a   0x08009a6a   0x00000010   Code   RO          638    .text               c_w.l(_snputc.o)
    0x08009a7a   0x08009a7a   0x00000002   PAD
    0x08009a7c   0x08009a7c   0x00000024   Code   RO          640    .text               c_w.l(_printf_char_file.o)
    0x08009aa0   0x08009aa0   0x000000bc   Code   RO          642    .text               c_w.l(_printf_wctomb.o)
    0x08009b5c   0x08009b5c   0x0000007c   Code   RO          645    .text               c_w.l(_printf_longlong_dec.o)
    0x08009bd8   0x08009bd8   0x00000070   Code   RO          651    .text               c_w.l(_printf_oct_int_ll.o)
    0x08009c48   0x08009c48   0x00000008   Code   RO          741    .text               c_w.l(rt_locale_intlibspace.o)
    0x08009c50   0x08009c50   0x00000008   Code   RO          746    .text               c_w.l(rt_errno_addr_intlibspace.o)
    0x08009c58   0x08009c58   0x0000008a   Code   RO          748    .text               c_w.l(lludiv10.o)
    0x08009ce2   0x08009ce2   0x00000002   PAD
    0x08009ce4   0x08009ce4   0x00000080   Code   RO          750    .text               c_w.l(_printf_fp_infnan.o)
    0x08009d64   0x08009d64   0x0000002c   Code   RO          754    .text               c_w.l(_printf_char.o)
    0x08009d90   0x08009d90   0x0000002c   Code   RO          756    .text               c_w.l(_printf_wchar.o)
    0x08009dbc   0x08009dbc   0x000000e4   Code   RO          758    .text               c_w.l(bigflt0.o)
    0x08009ea0   0x08009ea0   0x00000008   Code   RO          783    .text               c_w.l(ferror.o)
    0x08009ea8   0x08009ea8   0x00000040   Code   RO          787    .text               c_w.l(_wcrtomb.o)
    0x08009ee8   0x08009ee8   0x00000008   Code   RO          803    .text               c_w.l(libspace.o)
    0x08009ef0   0x08009ef0   0x0000004a   Code   RO          806    .text               c_w.l(sys_stackheap_outer.o)
    0x08009f3a   0x08009f3a   0x00000002   PAD
    0x08009f3c   0x08009f3c   0x00000010   Code   RO          808    .text               c_w.l(rt_ctype_table.o)
    0x08009f4c   0x08009f4c   0x00000012   Code   RO          810    .text               c_w.l(exit.o)
    0x08009f5e   0x08009f5e   0x00000002   PAD
    0x08009f60   0x08009f60   0x00000080   Code   RO          812    .text               c_w.l(strcmpv7m.o)
    0x08009fe0   0x08009fe0   0x0000003e   Code   RO          761    CL$$btod_d2e        c_w.l(btod.o)
    0x0800a01e   0x0800a01e   0x00000046   Code   RO          763    CL$$btod_d2e_denorm_low  c_w.l(btod.o)
    0x0800a064   0x0800a064   0x00000060   Code   RO          762    CL$$btod_d2e_norm_op1  c_w.l(btod.o)
    0x0800a0c4   0x0800a0c4   0x00000338   Code   RO          771    CL$$btod_div_common  c_w.l(btod.o)
    0x0800a3fc   0x0800a3fc   0x000000dc   Code   RO          768    CL$$btod_e2e        c_w.l(btod.o)
    0x0800a4d8   0x0800a4d8   0x0000002a   Code   RO          765    CL$$btod_ediv       c_w.l(btod.o)
    0x0800a502   0x0800a502   0x0000002a   Code   RO          764    CL$$btod_emul       c_w.l(btod.o)
    0x0800a52c   0x0800a52c   0x00000244   Code   RO          770    CL$$btod_mult_common  c_w.l(btod.o)
    0x0800a770   0x0800a770   0x00000028   Code   RO          798    i.__ARM_fpclassify  m_ws.l(fpclassify.o)
    0x0800a798   0x0800a798   0x00000388   Code   RO          712    i.__ieee754_rem_pio2  m_ws.l(rred.o)
    0x0800ab20   0x0800ab20   0x000000aa   Code   RO          800    i.__kernel_poly     m_ws.l(poly.o)
    0x0800abca   0x0800abca   0x00000002   PAD
    0x0800abcc   0x0800abcc   0x0000027c   Code   RO          717    i.__kernel_tan      m_ws.l(tan_i.o)
    0x0800ae48   0x0800ae48   0x00000010   Code   RO          688    i.__mathlib_dbl_divzero  m_ws.l(dunder.o)
    0x0800ae58   0x0800ae58   0x00000006   Code   RO          689    i.__mathlib_dbl_infnan  m_ws.l(dunder.o)
    0x0800ae5e   0x0800ae5e   0x0000000c   Code   RO          691    i.__mathlib_dbl_invalid  m_ws.l(dunder.o)
    0x0800ae6a   0x0800ae6a   0x00000002   PAD
    0x0800ae6c   0x0800ae6c   0x00000010   Code   RO          694    i.__mathlib_dbl_underflow  m_ws.l(dunder.o)
    0x0800ae7c   0x0800ae7c   0x0000000e   Code   RO          517    i._is_digit         c_w.l(__printf_wp.o)
    0x0800ae8a   0x0800ae8a   0x00000002   PAD
    0x0800ae8c   0x0800ae8c   0x0000035c   Code   RO          703    i.log               m_ws.l(log.o)
    0x0800b1e8   0x0800b1e8   0x000000e4   Code   RO          596    i.log10             m_ws.l(log10.o)
    0x0800b2cc   0x0800b2cc   0x0000004c   Code   RO          604    i.sqrt              m_ws.l(sqrt.o)
    0x0800b318   0x0800b318   0x00000064   Code   RO          612    i.tan               m_ws.l(tan.o)
    0x0800b37c   0x0800b37c   0x0000002c   Code   RO          790    locale$$code        c_w.l(lc_numeric_c.o)
    0x0800b3a8   0x0800b3a8   0x0000002c   Code   RO          870    locale$$code        c_w.l(lc_ctype_c.o)
    0x0800b3d4   0x0800b3d4   0x00000062   Code   RO          547    x$fpl$d2f           fz_ws.l(d2f.o)
    0x0800b436   0x0800b436   0x00000002   PAD
    0x0800b438   0x0800b438   0x00000150   Code   RO          549    x$fpl$dadd          fz_ws.l(daddsub_clz.o)
    0x0800b588   0x0800b588   0x00000010   Code   RO          792    x$fpl$dcheck1       fz_ws.l(dcheck1.o)
    0x0800b598   0x0800b598   0x00000018   Code   RO          673    x$fpl$dcmpinf       fz_ws.l(dcmpi.o)
    0x0800b5b0   0x0800b5b0   0x000002b0   Code   RO          556    x$fpl$ddiv          fz_ws.l(ddiv.o)
    0x0800b860   0x0800b860   0x00000078   Code   RO          794    x$fpl$deqf          fz_ws.l(deqf.o)
    0x0800b8d8   0x0800b8d8   0x0000005e   Code   RO          559    x$fpl$dfix          fz_ws.l(dfix.o)
    0x0800b936   0x0800b936   0x00000002   PAD
    0x0800b938   0x0800b938   0x0000005a   Code   RO          563    x$fpl$dfixu         fz_ws.l(dfixu.o)
    0x0800b992   0x0800b992   0x0000002e   Code   RO          568    x$fpl$dflt          fz_ws.l(dflt_clz.o)
    0x0800b9c0   0x0800b9c0   0x00000026   Code   RO          567    x$fpl$dfltu         fz_ws.l(dflt_clz.o)
    0x0800b9e6   0x0800b9e6   0x00000002   PAD
    0x0800b9e8   0x0800b9e8   0x00000078   Code   RO          573    x$fpl$dleqf         fz_ws.l(dleqf.o)
    0x0800ba60   0x0800ba60   0x00000154   Code   RO          575    x$fpl$dmul          fz_ws.l(dmul.o)
    0x0800bbb4   0x0800bbb4   0x0000009c   Code   RO          675    x$fpl$dnaninf       fz_ws.l(dnaninf.o)
    0x0800bc50   0x0800bc50   0x0000000c   Code   RO          677    x$fpl$dretinf       fz_ws.l(dretinf.o)
    0x0800bc5c   0x0800bc5c   0x0000006c   Code   RO          577    x$fpl$drleqf        fz_ws.l(drleqf.o)
    0x0800bcc8   0x0800bcc8   0x00000016   Code   RO          550    x$fpl$drsb          fz_ws.l(daddsub_clz.o)
    0x0800bcde   0x0800bcde   0x00000002   PAD
    0x0800bce0   0x0800bce0   0x000001cc   Code   RO          679    x$fpl$dsqrt         fz_ws.l(dsqrt_noumaal.o)
    0x0800beac   0x0800beac   0x000001d4   Code   RO          551    x$fpl$dsub          fz_ws.l(daddsub_clz.o)
    0x0800c080   0x0800c080   0x00000056   Code   RO          579    x$fpl$f2d           fz_ws.l(f2d.o)
    0x0800c0d6   0x0800c0d6   0x00000002   PAD
    0x0800c0d8   0x0800c0d8   0x00000184   Code   RO          582    x$fpl$fdiv          fz_ws.l(fdiv.o)
    0x0800c25c   0x0800c25c   0x00000030   Code   RO          586    x$fpl$fflt          fz_ws.l(fflt_clz.o)
    0x0800c28c   0x0800c28c   0x00000026   Code   RO          585    x$fpl$ffltu         fz_ws.l(fflt_clz.o)
    0x0800c2b2   0x0800c2b2   0x00000002   PAD
    0x0800c2b4   0x0800c2b4   0x00000102   Code   RO          591    x$fpl$fmul          fz_ws.l(fmul.o)
    0x0800c3b6   0x0800c3b6   0x0000008c   Code   RO          681    x$fpl$fnaninf       fz_ws.l(fnaninf.o)
    0x0800c442   0x0800c442   0x0000000a   Code   RO          683    x$fpl$fretinf       fz_ws.l(fretinf.o)
    0x0800c44c   0x0800c44c   0x00000004   Code   RO          593    x$fpl$printf1       fz_ws.l(printf1.o)
    0x0800c450   0x0800c450   0x00000064   Code   RO          865    x$fpl$retnan        fz_ws.l(retnan.o)
    0x0800c4b4   0x0800c4b4   0x0000005c   Code   RO          685    x$fpl$scalbn        fz_ws.l(scalbn.o)
    0x0800c510   0x0800c510   0x00000030   Code   RO          876    x$fpl$trapveneer    fz_ws.l(trapv.o)
    0x0800c540   0x0800c540   0x00000000   Code   RO          687    x$fpl$usenofp       fz_ws.l(usenofp.o)
    0x0800c540   0x0800c540   0x00000184   Data   RO          227    .constdata          cortrol.o
    0x0800c6c4   0x0800c6c4   0x00000028   Data   RO          505    .constdata          c_w.l(_printf_hex_int_ll_ptr.o)
    0x0800c6ec   0x0800c6ec   0x00000011   Data   RO          525    .constdata          c_w.l(__printf_flags_ss_wp.o)
    0x0800c6fd   0x0800c6fd   0x00000003   PAD
    0x0800c700   0x0800c700   0x00000008   Data   RO          643    .constdata          c_w.l(_printf_wctomb.o)
    0x0800c708   0x0800c708   0x00000038   Data   RO          704    .constdata          m_ws.l(log.o)
    0x0800c740   0x0800c740   0x000000c8   Data   RO          714    .constdata          m_ws.l(rred.o)
    0x0800c808   0x0800c808   0x00000060   Data   RO          718    .constdata          m_ws.l(tan_i.o)
    0x0800c868   0x0800c868   0x00000094   Data   RO          759    .constdata          c_w.l(bigflt0.o)
    0x0800c8fc   0x0800c8fc   0x00000004   PAD
    0x0800c900   0x0800c900   0x00000008   Data   RO          802    .constdata          m_ws.l(qnan.o)
    0x0800c908   0x0800c908   0x00000020   Data   RO          947    Region$$Table       anon$$obj.o
    0x0800c928   0x0800c928   0x0000001c   Data   RO          789    locale$$data        c_w.l(lc_numeric_c.o)
    0x0800c944   0x0800c944   0x00000110   Data   RO          869    locale$$data        c_w.l(lc_ctype_c.o)


    Execution Region RW_IRAM1 (Exec base: 0x20000000, Load base: 0x0800ca54, Size: 0x00008e68, Max: 0x00010000, ABSOLUTE, COMPRESSED[0x00000030])

    Exec Addr    Load Addr    Size         Type   Attr      Idx    E Section Name        Object

    0x20000000   COMPRESSED   0x00000006   Data   RW            4    .data               main.o
    0x20000006   COMPRESSED   0x00000002   PAD
    0x20000008   COMPRESSED   0x0000001c   Data   RW          116    .data               stm32f10x_it.o
    0x20000024   COMPRESSED   0x00000078   Data   RW          137    .data               ctrfile.o
    0x2000009c   COMPRESSED   0x00000001   Data   RW          171    .data               hmi_user_uart.o
    0x2000009d   COMPRESSED   0x00000001   PAD
    0x2000009e   COMPRESSED   0x00000004   Data   RW          211    .data               cmd_queue.o
    0x200000a2   COMPRESSED   0x00000006   PAD
    0x200000a8   COMPRESSED   0x000000a8   Data   RW          230    .data               cortrol.o
    0x20000150   COMPRESSED   0x00000004   Data   RW          233    .data               cortrol.o
    0x20000154   COMPRESSED   0x00000004   Data   RW          279    .data               delay.o
    0x20000158   COMPRESSED   0x00000014   Data   RW          334    .data               stm32f10x_rcc.o
    0x2000016c   COMPRESSED   0x00000014   Data   RW          425    .data               system_stm32f10x_1.o
    0x20000180   COMPRESSED   0x00000061   Data   RW          462    .data               CH375HFM.LIB(CH375MAI.O)
    0x200001e1   COMPRESSED   0x00000003   PAD
    0x200001e4        -       0x00000400   Zero   RW          170    .bss                hmi_user_uart.o
    0x200005e4        -       0x00000804   Zero   RW          210    .bss                cmd_queue.o
    0x20000de8        -       0x00007800   Zero   RW          225    .bss                cortrol.o
    0x200085e8        -       0x00000220   Zero   RW          443    .bss                ch375drv.o
    0x20008808        -       0x00000060   Zero   RW          804    .bss                c_w.l(libspace.o)
    0x20008868        -       0x00000200   Zero   RW          408    HEAP                startup_stm32f10x_hd.o
    0x20008a68        -       0x00000400   Zero   RW          407    STACK               startup_stm32f10x_hd.o


==============================================================================

Image component sizes


      Code (inc. data)   RO Data    RW Data    ZI Data      Debug   Object Name

       420         18          0          0          0       1208   ad9833.o
       412         32          0          0        544       9361   ch375drv.o
       244          8          0          4       2052       2024   cmd_queue.o
      8436        994        388        172      30720      23256   cortrol.o
      1740         26          0        120          0       6061   ctrfile.o
       152         14          0          4          0       1039   delay.o
      4048          0          0          0          0      20704   hmi_driver.o
       840         80          0          1       1024       3114   hmi_user_uart.o
      1500         56          0          6          0     283572   main.o
       184         12          0          0          0       2069   misc.o
        64         26        304          0       1536        908   startup_stm32f10x_hd.o
       904         24          0          0          0      11965   stm32f10x_adc.o
       488         10          0          0          0       4938   stm32f10x_dma.o
      1188         22          0          0          0       9214   stm32f10x_flash.o
       664         36          0          0          0       6357   stm32f10x_gpio.o
       476         34          0         28          0       3092   stm32f10x_it.o
       756         32          0         20          0       9516   stm32f10x_rcc.o
      3114         84          0          0          0      25244   stm32f10x_tim.o
       932         22          0          0          0       9320   stm32f10x_usart.o
         0          0          0          0          0         32   sys.o
       372         34          0         20          0       1927   system_stm32f10x_1.o

    ----------------------------------------------------------------------
     26936       1564        724        384      35876     434921   Object Totals
         0          0         32          0          0          0   (incl. Generated)
         2          0          0          9          0          0   (incl. Padding)

    ----------------------------------------------------------------------

      Code (inc. data)   RO Data    RW Data    ZI Data      Debug   Library Member Name

      1116         74          0          0          0        164   CH375BYT.O
      7964        560          0         97          0       1189   CH375MAI.O
        24          4          0          0          0         84   __2printf.o
        44          6          0          0          0         84   __2sprintf.o
        90          0          0          0          0          0   __dczerorl2.o
         8          0          0          0          0         68   __main.o
       392          4         17          0          0         92   __printf_flags_ss_wp.o
        14          0          0          0          0         68   __printf_wp.o
         0          0          0          0          0          0   __rtentry.o
        12          0          0          0          0          0   __rtentry2.o
         6          0          0          0          0          0   __rtentry4.o
        52          8          0          0          0          0   __scatter.o
        28          0          0          0          0          0   __scatter_zi.o
         6          0          0          0          0          0   _printf_a.o
         6          0          0          0          0          0   _printf_c.o
        44          0          0          0          0        108   _printf_char.o
        48          6          0          0          0         96   _printf_char_common.o
        36          4          0          0          0         80   _printf_char_file.o
        40          0          0          0          0         68   _printf_charcount.o
         6          0          0          0          0          0   _printf_d.o
       120         16          0          0          0         92   _printf_dec.o
         6          0          0          0          0          0   _printf_e.o
         6          0          0          0          0          0   _printf_f.o
      1054          0          0          0          0        216   _printf_fp_dec.o
       128         16          0          0          0         84   _printf_fp_infnan.o
         6          0          0          0          0          0   _printf_g.o
       148          4         40          0          0        160   _printf_hex_int_ll_ptr.o
         6          0          0          0          0          0   _printf_i.o
       178          0          0          0          0         88   _printf_intcommon.o
        10          0          0          0          0          0   _printf_l.o
         6          0          0          0          0          0   _printf_lc.o
        10          0          0          0          0          0   _printf_ll.o
         6          0          0          0          0          0   _printf_lld.o
         6          0          0          0          0          0   _printf_lli.o
         6          0          0          0          0          0   _printf_llo.o
         6          0          0          0          0          0   _printf_llu.o
         6          0          0          0          0          0   _printf_llx.o
       124         16          0          0          0         92   _printf_longlong_dec.o
         6          0          0          0          0          0   _printf_ls.o
         6          0          0          0          0          0   _printf_n.o
         6          0          0          0          0          0   _printf_o.o
       112         10          0          0          0        124   _printf_oct_int_ll.o
         6          0          0          0          0          0   _printf_p.o
        78          0          0          0          0        108   _printf_pad.o
         0          0          0          0          0          0   _printf_percent.o
         4          0          0          0          0          0   _printf_percent_end.o
         6          0          0          0          0          0   _printf_s.o
        82          0          0          0          0         80   _printf_str.o
        36          0          0          0          0         84   _printf_truncate.o
         6          0          0          0          0          0   _printf_u.o
        44          0          0          0          0        108   _printf_wchar.o
       188          6          8          0          0         92   _printf_wctomb.o
         6          0          0          0          0          0   _printf_x.o
        22          0          0          0          0        100   _rserrno.o
        16          0          0          0          0         68   _snputc.o
        10          0          0          0          0         68   _sputc.o
        64          0          0          0          0         92   _wcrtomb.o
       228          4        148          0          0         96   bigflt0.o
      1936        128          0          0          0        672   btod.o
        52          4          0          0          0         80   c89vsnprintf.o
        18          0          0          0          0         80   exit.o
         8          0          0          0          0         68   ferror.o
         6          0          0          0          0        152   heapauxi.o
        44         10        272          0          0         76   lc_ctype_c.o
        44         10         28          0          0         76   lc_numeric_c.o
         2          0          0          0          0          0   libinit.o
        30          0          0          0          0          0   libinit2.o
         2          0          0          0          0          0   libshutdown.o
         2          0          0          0          0          0   libshutdown2.o
         8          4          0          0         96         68   libspace.o
       138          0          0          0          0         80   lludiv10.o
        16          4          0          0          0         76   rt_ctype_table.o
         8          4          0          0          0         68   rt_errno_addr_intlibspace.o
         8          4          0          0          0         68   rt_locale_intlibspace.o
        78          0          0          0          0         80   rt_memclr_w.o
       138          0          0          0          0         68   rt_memcpy_v6.o
       100          0          0          0          0         80   rt_memcpy_w.o
         2          0          0          0          0          0   rtexit.o
        10          0          0          0          0          0   rtexit2.o
        24          0          0          0          0         68   strcat.o
       128          0          0          0          0         68   strcmpv7m.o
        72          0          0          0          0         80   strcpy.o
        62          0          0          0          0         76   strlen.o
        74          0          0          0          0         80   sys_stackheap_outer.o
         2          0          0          0          0         68   use_no_semi.o
         2          0          0          0          0         68   use_no_semi_2.o
        98          4          0          0          0         92   d2f.o
       826         16          0          0          0        348   daddsub_clz.o
        16          4          0          0          0         68   dcheck1.o
        24          0          0          0          0         68   dcmpi.o
       688        140          0          0          0        208   ddiv.o
       120          4          0          0          0         92   deqf.o
        94          4          0          0          0         92   dfix.o
        90          4          0          0          0         92   dfixu.o
        84          0          0          0          0        136   dflt_clz.o
       120          4          0          0          0         92   dleqf.o
       340         12          0          0          0        104   dmul.o
       156          4          0          0          0         92   dnaninf.o
        12          0          0          0          0         68   dretinf.o
       108          0          0          0          0         80   drleqf.o
       460         56          0          0          0        120   dsqrt_noumaal.o
        86          4          0          0          0         84   f2d.o
       388         76          0          0          0         96   fdiv.o
        86          0          0          0          0        136   fflt_clz.o
       258          4          0          0          0         84   fmul.o
       140          4          0          0          0         84   fnaninf.o
        10          0          0          0          0         68   fretinf.o
         4          0          0          0          0         68   printf1.o
       100          0          0          0          0         68   retnan.o
        92          0          0          0          0         68   scalbn.o
        48          0          0          0          0         68   trapv.o
         0          0          0          0          0          0   usenofp.o
        50         10          0          0          0        272   dunder.o
        40          0          0          0          0         68   fpclassify.o
       860         52         56          0          0        256   log.o
       228         30          0          0          0        120   log10.o
       170          0          0          0          0         96   poly.o
         0          0          8          0          0          0   qnan.o
       904         76        200          0          0        140   rred.o
        76          0          0          0          0         84   sqrt.o
       100         10          0          0          0         96   tan.o
       636         50         96          0          0        168   tan_i.o

    ----------------------------------------------------------------------
     23256       1474        880        100         96      10029   Library Totals
        36          0          7          3          0          0   (incl. Padding)

    ----------------------------------------------------------------------

      Code (inc. data)   RO Data    RW Data    ZI Data      Debug   Library Name

      9080        634          0         97          0       1353   CH375HFM.LIB
      6628        272        513          0         96       4800   c_w.l
      4448        340          0          0          0       2576   fz_ws.l
      3064        228        360          0          0       1300   m_ws.l

    ----------------------------------------------------------------------
     23256       1474        880        100         96      10029   Library Totals

    ----------------------------------------------------------------------

==============================================================================


      Code (inc. data)   RO Data    RW Data    ZI Data      Debug   

     50192       3038       1604        484      35972     437720   Grand Totals
     50192       3038       1604         48      35972     437720   ELF Image Totals (compressed)
     50192       3038       1604         48          0          0   ROM Totals

==============================================================================

    Total RO  Size (Code + RO Data)                51796 (  50.58kB)
    Total RW  Size (RW Data + ZI Data)             36456 (  35.60kB)
    Total ROM Size (Code + RO Data + RW Data)      51844 (  50.63kB)

==============================================================================

